Component: ARM Compiler 5.05 update 2 (build 169) Tool: armlink [4d0f33]

==============================================================================

Section Cross References

    startup_stm32f10x_md.o(STACK) refers (Special) to heapauxi.o(.text) for __use_two_region_memory
    startup_stm32f10x_md.o(HEAP) refers (Special) to heapauxi.o(.text) for __use_two_region_memory
    startup_stm32f10x_md.o(RESET) refers (Special) to heapauxi.o(.text) for __use_two_region_memory
    startup_stm32f10x_md.o(RESET) refers to startup_stm32f10x_md.o(STACK) for __initial_sp
    startup_stm32f10x_md.o(RESET) refers to startup_stm32f10x_md.o(.text) for Reset_Handler
    startup_stm32f10x_md.o(RESET) refers to stm32f10x_it.o(i.NMI_Handler) for NMI_Handler
    startup_stm32f10x_md.o(RESET) refers to stm32f10x_it.o(i.HardFault_Handler) for HardFault_Handler
    startup_stm32f10x_md.o(RESET) refers to stm32f10x_it.o(i.MemManage_Handler) for MemManage_Handler
    startup_stm32f10x_md.o(RESET) refers to stm32f10x_it.o(i.BusFault_Handler) for BusFault_Handler
    startup_stm32f10x_md.o(RESET) refers to stm32f10x_it.o(i.UsageFault_Handler) for UsageFault_Handler
    startup_stm32f10x_md.o(RESET) refers to stm32f10x_it.o(i.SVC_Handler) for SVC_Handler
    startup_stm32f10x_md.o(RESET) refers to stm32f10x_it.o(i.DebugMon_Handler) for DebugMon_Handler
    startup_stm32f10x_md.o(RESET) refers to stm32f10x_it.o(i.PendSV_Handler) for PendSV_Handler
    startup_stm32f10x_md.o(RESET) refers to stm32f10x_it.o(i.SysTick_Handler) for SysTick_Handler
    startup_stm32f10x_md.o(RESET) refers to exti.o(i.EXTI0_IRQHandler) for EXTI0_IRQHandler
    startup_stm32f10x_md.o(RESET) refers to exti.o(i.EXTI1_IRQHandler) for EXTI1_IRQHandler
    startup_stm32f10x_md.o(RESET) refers to exti.o(i.EXTI2_IRQHandler) for EXTI2_IRQHandler
    startup_stm32f10x_md.o(RESET) refers to exti.o(i.EXTI3_IRQHandler) for EXTI3_IRQHandler
    startup_stm32f10x_md.o(RESET) refers to exti.o(i.EXTI4_IRQHandler) for EXTI4_IRQHandler
    startup_stm32f10x_md.o(RESET) refers to exti.o(i.EXTI9_5_IRQHandler) for EXTI9_5_IRQHandler
    startup_stm32f10x_md.o(RESET) refers to remote.o(i.TIM2_IRQHandler) for TIM2_IRQHandler
    startup_stm32f10x_md.o(RESET) refers to usart.o(i.USART1_IRQHandler) for USART1_IRQHandler
    startup_stm32f10x_md.o(RESET) refers to uart2.o(i.USART2_IRQHandler) for USART2_IRQHandler
    startup_stm32f10x_md.o(RESET) refers to uart3.o(i.USART3_IRQHandler) for USART3_IRQHandler
    startup_stm32f10x_md.o(RESET) refers to exti.o(i.EXTI15_10_IRQHandler) for EXTI15_10_IRQHandler
    startup_stm32f10x_md.o(.text) refers (Special) to heapauxi.o(.text) for __use_two_region_memory
    startup_stm32f10x_md.o(.text) refers to system_stm32f10x.o(i.SystemInit) for SystemInit
    startup_stm32f10x_md.o(.text) refers to __main.o(!!!main) for __main
    startup_stm32f10x_md.o(.text) refers to startup_stm32f10x_md.o(HEAP) for Heap_Mem
    startup_stm32f10x_md.o(.text) refers to startup_stm32f10x_md.o(STACK) for Stack_Mem
    main.o(i.checkIdCode) refers to main.o(.data) for Lock_Code
    main.o(i.main) refers to _printf_percent.o(.ARM.Collect$$_printf_percent$$00000000) for _printf_percent
    main.o(i.main) refers to _printf_c.o(.ARM.Collect$$_printf_percent$$00000013) for _printf_c
    main.o(i.main) refers to _printf_str.o(.text) for _printf_str
    main.o(i.main) refers to delay.o(i.delay_init) for delay_init
    main.o(i.main) refers to sys.o(i.NVIC_Configuration) for NVIC_Configuration
    main.o(i.main) refers to usart.o(i.uart_init) for uart_init
    main.o(i.main) refers to myiic.o(i.IIC_Init) for IIC_Init
    main.o(i.main) refers to at24cxx.o(i.AT24CXX_Init) for AT24CXX_Init
    main.o(i.main) refers to key.o(i.KEY_Init) for KEY_Init
    main.o(i.main) refers to key.o(i.LED_Init) for LED_Init
    main.o(i.main) refers to noretval__2printf.o(.text) for __2printf
    main.o(i.main) refers to delay.o(i.delay_ms) for delay_ms
    main.o(i.main) refers to remote.o(i.Remote_Init) for Remote_Init
    main.o(i.main) refers to uart2.o(i.UART2_Configuration) for UART2_Configuration
    main.o(i.main) refers to uart3.o(i.UART3_Configuration) for UART3_Configuration
    main.o(i.main) refers to lt8618sx.o(i.LT8618SX_Configure) for LT8618SX_Configure
    main.o(i.main) refers to sonylens.o(i.sonylens_init) for sonylens_init
    main.o(i.main) refers to remote.o(i.Remote_Scan) for Remote_Scan
    main.o(i.main) refers to sonylens.o(i.sonylens_remote_navi_ok) for sonylens_remote_navi_ok
    main.o(i.main) refers to sonylens.o(i.sonylens_remote_is_menu_on) for sonylens_remote_is_menu_on
    main.o(i.main) refers to sonylens.o(i.sonylens_remote_navi_left) for sonylens_remote_navi_left
    main.o(i.main) refers to sonylens.o(i.sonylens_set_zoom_tele) for sonylens_set_zoom_tele
    main.o(i.main) refers to sonylens.o(i.sonylens_remote_navi_right) for sonylens_remote_navi_right
    main.o(i.main) refers to sonylens.o(i.sonylens_set_zoom_wide) for sonylens_set_zoom_wide
[...]
    visca_get_advance_expcomp                0x08007919   Thumb Code   180  visca.o(i.visca_get_advance_expcomp)
    visca_get_exposure_ae_mode               0x080079f5   Thumb Code   180  visca.o(i.visca_get_exposure_ae_mode)
    visca_get_focus_mode                     0x08007ad1   Thumb Code   180  visca.o(i.visca_get_focus_mode)
    visca_get_power                          0x08007bc1   Thumb Code   182  visca.o(i.visca_get_power)
    visca_get_privacy_display                0x08007ca5   Thumb Code   202  visca.o(i.visca_get_privacy_display)
    visca_get_register                       0x08007db1   Thumb Code   266  visca.o(i.visca_get_register)
    visca_get_version                        0x08007f11   Thumb Code   222  visca.o(i.visca_get_version)
    visca_get_zoom_value                     0x08008021   Thumb Code   214  visca.o(i.visca_get_zoom_value)
    visca_handle_result                      0x08008139   Thumb Code    66  visca.o(i.visca_handle_result)
    visca_if_clear                           0x08008185   Thumb Code   218  visca.o(i.visca_if_clear)
    visca_init                               0x080082bd   Thumb Code    10  visca.o(i.visca_init)
    visca_init_broadcast_packet              0x080082cd   Thumb Code    10  visca.o(i.visca_init_broadcast_packet)
    visca_init_packet                        0x080082d7   Thumb Code    14  visca.o(i.visca_init_packet)
    visca_input_byte                         0x080082e5   Thumb Code    18  visca.o(i.visca_input_byte)
    visca_is_ack_completion                  0x08008301   Thumb Code    48  visca.o(i.visca_is_ack_completion)
    visca_is_command_not_executable          0x08008335   Thumb Code    48  visca.o(i.visca_is_command_not_executable)
    visca_is_inq_result                      0x08008369   Thumb Code    48  visca.o(i.visca_is_inq_result)
    visca_is_network_change                  0x0800839d   Thumb Code    48  visca.o(i.visca_is_network_change)
    visca_is_no_response                     0x080083d1   Thumb Code    26  visca.o(i.visca_is_no_response)
    visca_is_reply                           0x080083f1   Thumb Code   122  visca.o(i.visca_is_reply)
    visca_parse_message                      0x0800847d   Thumb Code   232  visca_p.o(i.visca_parse_message)
    visca_print                              0x08008595   Thumb Code    46  visca.o(i.visca_print)
    visca_print_message                      0x080085e9   Thumb Code    38  visca_p.o(i.visca_print_message)
    visca_print_packet                       0x08008629   Thumb Code    46  visca.o(i.visca_print_packet)
    visca_print_response                     0x08008689   Thumb Code    52  visca.o(i.visca_print_response)
    visca_process                            0x080086fd   Thumb Code    32  visca_p.o(i.visca_process)
    visca_pull_message                       0x0800871d   Thumb Code    82  visca_p.o(i.visca_pull_message)
    visca_send_packet                        0x08008775   Thumb Code    42  visca.o(i.visca_send_packet)
    visca_send_packet_without_print          0x080087ad   Thumb Code    36  visca.o(i.visca_send_packet_without_print)
    visca_set_address                        0x080087dd   Thumb Code   192  visca.o(i.visca_set_address)
    visca_set_advance_blc                    0x08008901   Thumb Code   188  visca.o(i.visca_set_advance_blc)
    visca_set_advance_defog_mode             0x080089f5   Thumb Code   198  visca.o(i.visca_set_advance_defog_mode)
    visca_set_advance_expcomp                0x08008b01   Thumb Code   180  visca.o(i.visca_set_advance_expcomp)
    visca_set_advance_expcomp_value          0x08008bdd   Thumb Code   208  visca.o(i.visca_set_advance_expcomp_value)
    visca_set_advance_nr_level               0x08008cd5   Thumb Code   188  visca.o(i.visca_set_advance_nr_level)
    visca_set_digital_zoom                   0x08008dd5   Thumb Code   188  visca.o(i.visca_set_digital_zoom)
    visca_set_exposure_ae_mode               0x08008ecd   Thumb Code   180  visca.o(i.visca_set_exposure_ae_mode)
    visca_set_exposure_gain                  0x08008fa9   Thumb Code   268  visca.o(i.visca_set_exposure_gain)
    visca_set_exposure_iris                  0x080090f1   Thumb Code   268  visca.o(i.visca_set_exposure_iris)
    visca_set_exposure_shutter               0x08009239   Thumb Code   268  visca.o(i.visca_set_exposure_shutter)
    visca_set_exposure_slow_ae               0x08009389   Thumb Code   188  visca.o(i.visca_set_exposure_slow_ae)
    visca_set_exposure_slow_shutter          0x08009489   Thumb Code   188  visca.o(i.visca_set_exposure_slow_shutter)
    visca_set_focus_af_sens                  0x08009591   Thumb Code   188  visca.o(i.visca_set_focus_af_sens)
    visca_set_focus_far_speed                0x08009689   Thumb Code   252  visca.o(i.visca_set_focus_far_speed)
    visca_set_focus_light                    0x080097e5   Thumb Code   188  visca.o(i.visca_set_focus_light)
    visca_set_focus_mode                     0x080098d9   Thumb Code   188  visca.o(i.visca_set_focus_mode)
    visca_set_focus_near_limit               0x080099c9   Thumb Code   220  visca.o(i.visca_set_focus_near_limit)
    visca_set_focus_near_speed               0x08009ad9   Thumb Code   252  visca.o(i.visca_set_focus_near_speed)
    visca_set_focus_stop                     0x08009c41   Thumb Code   244  visca.o(i.visca_set_focus_stop)
    visca_set_image_aperture                 0x08009d89   Thumb Code   220  visca.o(i.visca_set_image_aperture)
    visca_set_image_chroma_suppress          0x08009e8d   Thumb Code   188  visca.o(i.visca_set_image_chroma_suppress)
    visca_set_image_color_gain               0x08009f85   Thumb Code   204  visca.o(i.visca_set_image_color_gain)
    visca_set_image_color_hue                0x0800a079   Thumb Code   204  visca.o(i.visca_set_image_color_hue)
    visca_set_image_flip                     0x0800a16d   Thumb Code   188  visca.o(i.visca_set_image_flip)
    visca_set_image_freeze                   0x0800a25d   Thumb Code   188  visca.o(i.visca_set_image_freeze)
    visca_set_image_gamma                    0x0800a355   Thumb Code   294  visca.o(i.visca_set_image_gamma)
    visca_set_image_mirror                   0x0800a4b5   Thumb Code   188  visca.o(i.visca_set_image_mirror)
    visca_set_image_pic_effect               0x0800a5ad   Thumb Code   188  visca.o(i.visca_set_image_pic_effect)
    visca_set_power                          0x0800a6a5   Thumb Code   188  visca.o(i.visca_set_power)
    visca_set_privacy_display                0x0800a78d   Thumb Code   220  visca.o(i.visca_set_privacy_display)
    visca_set_privacy_non_interlock_mask     0x0800a8a9   Thumb Code   336  visca.o(i.visca_set_privacy_non_interlock_mask)
    visca_set_register                       0x0800aa3d   Thumb Code   266  visca.o(i.visca_set_register)
    visca_set_reply_msg                      0x0800ab9d   Thumb Code    28  visca.o(i.visca_set_reply_msg)
    visca_set_state                          0x0800abc9   Thumb Code     6  visca.o(i.visca_set_state)
    visca_set_title                          0x0800abd5   Thumb Code   418  visca.o(i.visca_set_title)
    visca_set_title_clear                    0x0800adf1   Thumb Code   252  visca.o(i.visca_set_title_clear)
    visca_set_title_display                  0x0800af45   Thumb Code   214  visca.o(i.visca_set_title_display)
    visca_set_title_param                    0x0800b059   Thumb Code   290  visca.o(i.visca_set_title_param)
    visca_set_wb_blue_gain                   0x0800b1b5   Thumb Code   216  visca.o(i.visca_set_wb_blue_gain)
    visca_set_wb_mode                        0x0800b2c9   Thumb Code   188  visca.o(i.visca_set_wb_mode)
    visca_set_wb_red_gain                    0x0800b3b5   Thumb Code   216  visca.o(i.visca_set_wb_red_gain)
    visca_set_zoom_osd                       0x0800b4c5   Thumb Code     6  visca.o(i.visca_set_zoom_osd)
    visca_set_zoom_stop                      0x0800b4cd   Thumb Code   186  visca.o(i.visca_set_zoom_stop)
    visca_set_zoom_tele_speed                0x0800b5c5   Thumb Code   194  visca.o(i.visca_set_zoom_tele_speed)
    visca_set_zoom_value                     0x0800b6c9   Thumb Code   278  visca.o(i.visca_set_zoom_value)
    visca_set_zoom_wide_speed                0x0800b835   Thumb Code   196  visca.o(i.visca_set_zoom_wide_speed)
    version_msg                              0x0800b944   Data         200  main.o(.constdata)
    Lock_Code_Holder                         0x0800ba0c   Data           4  main.o(.constdata)
    focus_near_limit_range                   0x0800ba38   Data           8  sonylens.o(.constdata)
    focus_near_limit_list                    0x0800ba40   Data         120  sonylens.o(.constdata)
    monitor_mode_list                        0x0800bab8   Data         120  sonylens.o(.constdata)
    zoom_ratio_range                         0x0800bb30   Data           8  sonylens.o(.constdata)
    zoom_ratio_list                          0x0800bb38   Data         240  sonylens.o(.constdata)
    version                                  0x0800bc28   Data          32  sonylens.o(.constdata)
    default_config_params                    0x0800bc48   Data         153  sonylens.o(.constdata)
    main_menu                                0x0800bce4   Data         340  sonylens.o(.constdata)
    zoom_menu                                0x0800be38   Data         340  sonylens.o(.constdata)
    focus_menu                               0x0800bf8c   Data         340  sonylens.o(.constdata)
    exposure_menu                            0x0800c0e0   Data         340  sonylens.o(.constdata)
    wb_menu                                  0x0800c234   Data         340  sonylens.o(.constdata)
    advance_menu                             0x0800c388   Data         340  sonylens.o(.constdata)
    image_menu                               0x0800c4dc   Data         340  sonylens.o(.constdata)
    general_menu                             0x0800c630   Data         340  sonylens.o(.constdata)
    exit_menu                                0x0800c784   Data         340  sonylens.o(.constdata)
    privacy_set_menu                         0x0800c8d8   Data         340  sonylens.o(.constdata)
    camera_id_menu                           0x0800ca2c   Data         340  sonylens.o(.constdata)
    preset_conf_menu                         0x0800cb80   Data         340  sonylens.o(.constdata)
    Region$$Table$$Base                      0x0800d854   Number         0  anon$$obj.o(Region$$Table)
    Region$$Table$$Limit                     0x0800d874   Number         0  anon$$obj.o(Region$$Table)
    SystemCoreClock                          0x20000000   Data           4  system_stm32f10x.o(.data)
    AHBPrescTable                            0x20000004   Data          16  system_stm32f10x.o(.data)
    systick                                  0x2000002c   Data           8  delay.o(.data)
    __stdout                                 0x20000034   Data           4  usart.o(.data)
    USART_RX_STA                             0x20000038   Data           2  usart.o(.data)
    at24cxx_type                             0x2000003c   Data           4  at24cxx.o(.data)
    at24cxx_addr                             0x20000040   Data           1  at24cxx.o(.data)
    camera_id                                0x20000041   Data           1  sony_ui.o(.data)
    current_focus_near_limit                 0x20000054   Data           4  sonylens.o(.data)
    current_focus_near_limit_index           0x20000058   Data           4  sonylens.o(.data)
    sonylens_current_monitor_mode_index      0x2000005c   Data           4  sonylens.o(.data)
    title_line_on_time                       0x2000006c   Data           4  sonylens.o(.data)
    sonylens_power_on_time                   0x20000084   Data           4  sonylens.o(.data)
    sonylens_camera_id                       0x2000008f   Data           1  sonylens.o(.data)
    sonylens_task_t_sec                      0x20000094   Data           4  sonylens.o(.data)
    sonylens_power_state                     0x20000098   Data           1  sonylens.o(.data)
    model_code                               0x2000009c   Data           4  sonylens.o(.data)
    rom_version                              0x200000a0   Data           4  sonylens.o(.data)
    socket_num                               0x200000a4   Data           4  sonylens.o(.data)
    sonylens_current_zoom_ratio              0x200000a8   Data           4  sonylens.o(.data)
    sonylens_send_msg_time                   0x200000b0   Data           4  sonylens.o(.data)
    sonylens_task1_completion_time           0x200000b4   Data           4  sonylens.o(.data)
    mode_manager                             0x200000b8   Data           6  sonylens.o(.data)
    key_freeze                               0x200000be   Data           1  sonylens.o(.data)
    key_flip                                 0x200000bf   Data           1  sonylens.o(.data)
    key_exp_gain                             0x200000c0   Data           1  sonylens.o(.data)
    key_focus_mode                           0x200000c1   Data           1  sonylens.o(.data)
    splash                                   0x200000c4   Data          60  sonylens.o(.data)
    need_clear_menu                          0x20000100   Data           1  sonylens.o(.data)
    menu_display                             0x20000101   Data           1  sonylens.o(.data)
    wb_reg_gain                              0x20000108   Data           4  sonylens.o(.data)
    wb_blue_gain                             0x2000010c   Data           4  sonylens.o(.data)
    camera_power_on_sec                      0x20000110   Data           4  sonylens.o(.data)
    focus_flag                               0x20000114   Data           4  sonylens.o(.data)
    zoom_speed                               0x20000118   Data          32  sonylens.o(.data)
    dig_zoom                                 0x20000138   Data           8  sonylens.o(.data)
    osd                                      0x20000140   Data           8  sonylens.o(.data)
    zoom_display                             0x20000148   Data           8  sonylens.o(.data)
    focus_mode                               0x20000150   Data           8  sonylens.o(.data)
    focus_af_sens                            0x20000158   Data           8  sonylens.o(.data)
    focus_light                              0x20000160   Data           8  sonylens.o(.data)
    focus_near_limit                         0x20000168   Data          60  sonylens.o(.data)
    exposure_ae_mode                         0x200001a4   Data          12  sonylens.o(.data)
    exposure_shutter                         0x200001b0   Data          88  sonylens.o(.data)
    exposure_shutter2                        0x20000208   Data          88  sonylens.o(.data)
    exposure_iris                            0x20000260   Data          52  sonylens.o(.data)
    exposure_gain                            0x20000294   Data          60  sonylens.o(.data)
    exposure_slow_ae                         0x200002d0   Data         192  sonylens.o(.data)
    exposure_slow_shutter                    0x20000390   Data           8  sonylens.o(.data)
    wb_mode                                  0x20000398   Data          20  sonylens.o(.data)
    advance_blc                              0x200003ac   Data           8  sonylens.o(.data)
    advance_expcomp_on                       0x200003b4   Data           1  sonylens.o(.data)
    advance_expcomp                          0x200003b8   Data          60  sonylens.o(.data)
    advance_wdr                              0x200003f4   Data          12  sonylens.o(.data)
    advance_ircut                            0x20000400   Data          12  sonylens.o(.data)
    advance_nr_level                         0x2000040c   Data          24  sonylens.o(.data)
    advance_stabilizer                       0x20000424   Data           8  sonylens.o(.data)
    advance_defog_mode                       0x2000042c   Data          16  sonylens.o(.data)
    advance_alarm_out                        0x2000043c   Data          20  sonylens.o(.data)
    image_mirror                             0x20000450   Data           8  sonylens.o(.data)
    image_flip                               0x20000458   Data           8  sonylens.o(.data)
    image_freeze                             0x20000460   Data           8  sonylens.o(.data)
    image_pic_effect                         0x20000468   Data          12  sonylens.o(.data)
    general_format                           0x20000474   Data          40  sonylens.o(.data)
    general_lr_hand                          0x2000049c   Data           8  sonylens.o(.data)
    general_protocol                         0x200004a4   Data           8  sonylens.o(.data)
    general_baudrate                         0x200004ac   Data          20  sonylens.o(.data)
    general_aux                              0x200004c0   Data           8  sonylens.o(.data)
    default_value                            0x200004c8   Data           8  sonylens.o(.data)
    current_default_value                    0x200004d0   Data           4  sonylens.o(.data)
    privacy_zone                             0x200004d4   Data          16  sonylens.o(.data)
    privacy_display                          0x200004e4   Data           8  sonylens.o(.data)
    camera_id_display                        0x200004ec   Data           8  sonylens.o(.data)
    preset_exist                             0x200004f4   Data           8  sonylens.o(.data)
    zoom_ratio_read_time                     0x200004fc   Data           4  sonylens.o(.data)
    zoom_flag                                0x20000504   Data           4  sonylens.o(.data)
    current_zoom_ratio                       0x20000508   Data           4  sonylens.o(.data)
    current_zoom_index                       0x2000050c   Data           4  sonylens.o(.data)
    current_auto_mode                        0x20000510   Data           1  sonylens.o(.data)
    mode_tips                                0x20000514   Data           8  sonylens.o(.data)
    g_state                                  0x20000548   Data           1  visca.o(.data)
    g_result                                 0x20000549   Data           1  visca.o(.data)
    visca_start_time                         0x2000054c   Data           4  visca.o(.data)
    gps_rec_count                            0x20000570   Data           4  uart2.o(.data)
    sonylens_tx_buffer                       0x20000574   Data           2  uart3.o(.data)
    sonylens_rx_cnt                          0x20000578   Data           4  uart3.o(.data)
    sonylens_tx_cnt                          0x2000057c   Data           4  uart3.o(.data)
    sonylens_tx_length                       0x20000580   Data           4  uart3.o(.data)
    key_info_list                            0x20000594   Data         624  key.o(.data)
    hfp                                      0x20000808   Data           2  lt8618sx.o(.data)
    hs_width                                 0x2000080a   Data           2  lt8618sx.o(.data)
    hbp                                      0x2000080c   Data           2  lt8618sx.o(.data)
    h_act                                    0x2000080e   Data           2  lt8618sx.o(.data)
    h_tal                                    0x20000810   Data           2  lt8618sx.o(.data)
    v_act                                    0x20000812   Data           2  lt8618sx.o(.data)
    v_tal                                    0x20000814   Data           2  lt8618sx.o(.data)
    vfp                                      0x20000816   Data           2  lt8618sx.o(.data)
    vs_width                                 0x20000818   Data           2  lt8618sx.o(.data)
    vbp                                      0x2000081a   Data           2  lt8618sx.o(.data)
    HDMI_VIC                                 0x2000081c   Data           1  lt8618sx.o(.data)
    HDMI_Y                                   0x2000081d   Data           1  lt8618sx.o(.data)
    hs_pol                                   0x2000081e   Data           1  lt8618sx.o(.data)
    vs_pol                                   0x2000081f   Data           1  lt8618sx.o(.data)
    Use_DDRCLK                               0x20000820   Data           1  lt8618sx.o(.data)
    lt8618_task_t_sec                        0x20000824   Data           4  lt8618sx.o(.data)
    lt8618_init                              0x20000828   Data           1  lt8618sx.o(.data)
    RmtSta                                   0x2000082c   Data           1  remote.o(.data)
    Dval                                     0x2000082e   Data           2  remote.o(.data)
    RmtRec                                   0x20000830   Data           4  remote.o(.data)
    RmtCnt                                   0x20000834   Data           1  remote.o(.data)
    USART_RX_BUF                             0x20000838   Data         200  usart.o(.bss)
    ui_desc                                  0x20000900   Data         266  sony_ui.o(.bss)
    sonylens_reply_msg                       0x20000a0c   Data         100  sonylens.o(.bss)
    config_params                            0x20000a80   Data         153  sonylens.o(.bss)
    current_version                          0x20000b19   Data          32  sonylens.o(.bss)
    current_menu                             0x20000b3c   Data         340  sonylens.o(.bss)
    sonylens_rx_buffer                       0x20000ef8   Data         101  uart3.o(.bss)
    __libspace_start                         0x20000f60   Data          96  libspace.o(.bss)
    __temporary_stack_top$libspace           0x20000fc0   Data           0  libspace.o(.bss)



==============================================================================

Memory Map of the image

  Image Entry point : 0x080000ed

  Load Region LR_IROM1 (Base: 0x08000000, Size: 0x0000e0ac, Max: 0x00020000, ABSOLUTE, COMPRESSED[0x0000dbdc])

    Execution Region ER_IROM1 (Base: 0x08000000, Size: 0x0000d874, Max: 0x00020000, ABSOLUTE)

    Base Addr    Size         Type   Attr      Idx    E Section Name        Object

    0x08000000   0x000000ec   Data   RO            3    RESET               startup_stm32f10x_md.o
    0x080000ec   0x00000008   Code   RO         7608  * !!!main             c_w.l(__main.o)
    0x080000f4   0x00000034   Code   RO         7827    !!!scatter          c_w.l(__scatter.o)
    0x08000128   0x00000064   Code   RO         7825    !!dclz77c           c_w.l(__dclz77c.o)
    0x0800018c   0x0000001c   Code   RO         7829    !!handler_zi        c_w.l(__scatter_zi.o)
    0x080001a8   0x00000000   Code   RO         7591    .ARM.Collect$$_printf_percent$$00000000  c_w.l(_printf_percent.o)
    0x080001a8   0x00000006   Code   RO         7589    .ARM.Collect$$_printf_percent$$00000009  c_w.l(_printf_d.o)
    0x080001ae   0x00000006   Code   RO         7588    .ARM.Collect$$_printf_percent$$0000000C  c_w.l(_printf_x.o)
    0x080001b4   0x00000006   Code   RO         7586    .ARM.Collect$$_printf_percent$$00000013  c_w.l(_printf_c.o)
    0x080001ba   0x00000006   Code   RO         7587    .ARM.Collect$$_printf_percent$$00000014  c_w.l(_printf_s.o)
    0x080001c0   0x00000004   Code   RO         7627    .ARM.Collect$$_printf_percent$$00000017  c_w.l(_printf_percent_end.o)
    0x080001c4   0x00000002   Code   RO         7703    .ARM.Collect$$libinit$$00000000  c_w.l(libinit.o)
    0x080001c6   0x00000000   Code   RO         7705    .ARM.Collect$$libinit$$00000002  c_w.l(libinit2.o)
    0x080001c6   0x00000000   Code   RO         7707    .ARM.Collect$$libinit$$00000004  c_w.l(libinit2.o)
    0x080001c6   0x00000000   Code   RO         7710    .ARM.Collect$$libinit$$0000000A  c_w.l(libinit2.o)
    0x080001c6   0x00000000   Code   RO         7712    .ARM.Collect$$libinit$$0000000C  c_w.l(libinit2.o)
    0x080001c6   0x00000000   Code   RO         7714    .ARM.Collect$$libinit$$0000000E  c_w.l(libinit2.o)
    0x080001c6   0x00000000   Code   RO         7717    .ARM.Collect$$libinit$$00000011  c_w.l(libinit2.o)
    0x080001c6   0x00000000   Code   RO         7719    .ARM.Collect$$libinit$$00000013  c_w.l(libinit2.o)
    0x080001c6   0x00000000   Code   RO         7721    .ARM.Collect$$libinit$$00000015  c_w.l(libinit2.o)
    0x080001c6   0x00000000   Code   RO         7723    .ARM.Collect$$libinit$$00000017  c_w.l(libinit2.o)
    0x080001c6   0x00000000   Code   RO         7725    .ARM.Collect$$libinit$$00000019  c_w.l(libinit2.o)
    0x080001c6   0x00000000   Code   RO         7727    .ARM.Collect$$libinit$$0000001B  c_w.l(libinit2.o)
    0x080001c6   0x00000000   Code   RO         7729    .ARM.Collect$$libinit$$0000001D  c_w.l(libinit2.o)
    0x080001c6   0x00000000   Code   RO         7731    .ARM.Collect$$libinit$$0000001F  c_w.l(libinit2.o)
    0x080001c6   0x00000000   Code   RO         7733    .ARM.Collect$$libinit$$00000021  c_w.l(libinit2.o)
    0x080001c6   0x00000000   Code   RO         7735    .ARM.Collect$$libinit$$00000023  c_w.l(libinit2.o)
    0x080001c6   0x00000000   Code   RO         7737    .ARM.Collect$$libinit$$00000025  c_w.l(libinit2.o)
    0x080001c6   0x00000000   Code   RO         7741    .ARM.Collect$$libinit$$0000002C  c_w.l(libinit2.o)
    0x080001c6   0x00000000   Code   RO         7743    .ARM.Collect$$libinit$$0000002E  c_w.l(libinit2.o)
    0x080001c6   0x00000000   Code   RO         7745    .ARM.Collect$$libinit$$00000030  c_w.l(libinit2.o)
    0x080001c6   0x00000000   Code   RO         7747    .ARM.Collect$$libinit$$00000032  c_w.l(libinit2.o)
    0x080001c6   0x00000002   Code   RO         7748    .ARM.Collect$$libinit$$00000033  c_w.l(libinit2.o)
    0x080001c8   0x00000002   Code   RO         7776    .ARM.Collect$$libshutdown$$00000000  c_w.l(libshutdown.o)
    0x080001ca   0x00000000   Code   RO         7786    .ARM.Collect$$libshutdown$$00000003  c_w.l(libshutdown2.o)
    0x080001ca   0x00000000   Code   RO         7789    .ARM.Collect$$libshutdown$$00000006  c_w.l(libshutdown2.o)
    0x080001ca   0x00000000   Code   RO         7792    .ARM.Collect$$libshutdown$$00000009  c_w.l(libshutdown2.o)
    0x080001ca   0x00000000   Code   RO         7794    .ARM.Collect$$libshutdown$$0000000B  c_w.l(libshutdown2.o)
    0x080001ca   0x00000000   Code   RO         7797    .ARM.Collect$$libshutdown$$0000000E  c_w.l(libshutdown2.o)
    0x080001ca   0x00000002   Code   RO         7798    .ARM.Collect$$libshutdown$$0000000F  c_w.l(libshutdown2.o)
    0x080001cc   0x00000000   Code   RO         7614    .ARM.Collect$$rtentry$$00000000  c_w.l(__rtentry.o)
    0x080001cc   0x00000000   Code   RO         7629    .ARM.Collect$$rtentry$$00000002  c_w.l(__rtentry2.o)
    0x080001cc   0x00000006   Code   RO         7641    .ARM.Collect$$rtentry$$00000004  c_w.l(__rtentry4.o)
    0x080001d2   0x00000000   Code   RO         7631    .ARM.Collect$$rtentry$$00000009  c_w.l(__rtentry2.o)
    0x080001d2   0x00000004   Code   RO         7632    .ARM.Collect$$rtentry$$0000000A  c_w.l(__rtentry2.o)
    0x080001d6   0x00000000   Code   RO         7634    .ARM.Collect$$rtentry$$0000000C  c_w.l(__rtentry2.o)
    0x080001d6   0x00000008   Code   RO         7635    .ARM.Collect$$rtentry$$0000000D  c_w.l(__rtentry2.o)
    0x080001de   0x00000002   Code   RO         7749    .ARM.Collect$$rtexit$$00000000  c_w.l(rtexit.o)
    0x080001e0   0x00000000   Code   RO         7756    .ARM.Collect$$rtexit$$00000002  c_w.l(rtexit2.o)
    0x080001e0   0x00000004   Code   RO         7757    .ARM.Collect$$rtexit$$00000003  c_w.l(rtexit2.o)
    0x080001e4   0x00000006   Code   RO         7758    .ARM.Collect$$rtexit$$00000004  c_w.l(rtexit2.o)
    0x080001ea   0x00000002   PAD
    0x080001ec   0x00000040   Code   RO            4    .text               startup_stm32f10x_md.o
    0x0800022c   0x00000002   Code   RO         7527    .text               c_w.l(use_no_semi_2.o)
    0x0800022e   0x00000002   PAD
    0x08000230   0x00000018   Code   RO         7533    .text               c_w.l(noretval__2printf.o)
    0x08000248   0x0000004e   Code   RO         7539    .text               c_w.l(_printf_pad.o)
    0x08000296   0x00000052   Code   RO         7541    .text               c_w.l(_printf_str.o)
    0x080002e8   0x00000078   Code   RO         7543    .text               c_w.l(_printf_dec.o)
    0x08000360   0x00000058   Code   RO         7548    .text               c_w.l(_printf_hex_int.o)
    0x080003b8   0x00000188   Code   RO         7583    .text               c_w.l(__printf_flags_ss_wp.o)
    0x08000540   0x0000003e   Code   RO         7594    .text               c_w.l(strlen.o)
    0x0800057e   0x00000064   Code   RO         7596    .text               c_w.l(rt_memcpy_w.o)
    0x080005e2   0x00000010   Code   RO         7598    .text               c_w.l(aeabi_memset.o)
    0x080005f2   0x00000044   Code   RO         7600    .text               c_w.l(rt_memclr.o)
    0x08000636   0x0000004e   Code   RO         7602    .text               c_w.l(rt_memclr_w.o)
    0x08000684   0x00000006   Code   RO         7606    .text               c_w.l(heapauxi.o)
    0x0800068a   0x00000002   Code   RO         7612    .text               c_w.l(use_no_semi.o)
    0x0800068c   0x000000b2   Code   RO         7615    .text               c_w.l(_printf_intcommon.o)
    0x0800073e   0x00000002   PAD
    0x08000740   0x00000030   Code   RO         7619    .text               c_w.l(_printf_char_common.o)
    0x08000770   0x0000002c   Code   RO         7623    .text               c_w.l(_printf_char.o)
    0x0800079c   0x00000024   Code   RO         7625    .text               c_w.l(_printf_char_file.o)
    0x080007c0   0x00000008   Code   RO         7679    .text               c_w.l(ferror.o)
    0x080007c8   0x00000008   Code   RO         7691    .text               c_w.l(libspace.o)
    0x080007d0   0x0000004a   Code   RO         7694    .text               c_w.l(sys_stackheap_outer.o)
    0x0800081a   0x0000000c   Code   RO         7696    .text               c_w.l(exit.o)
    0x08000826   0x00000002   PAD
    0x08000828   0x00000018   Code   RO         3460    i.AT24CXX_Init      at24cxx.o
    0x08000840   0x0000002c   Code   RO         3461    i.AT24CXX_Read      at24cxx.o
    0x0800086c   0x00000088   Code   RO         3463    i.AT24CXX_ReadOneByte  at24cxx.o
    0x080008f4   0x0000002e   Code   RO         3464    i.AT24CXX_Write     at24cxx.o
    0x08000922   0x00000002   PAD
    0x08000924   0x0000007c   Code   RO         3466    i.AT24CXX_WriteOneByte  at24cxx.o
    0x080009a0   0x00000004   Code   RO          163    i.BusFault_Handler  stm32f10x_it.o
    0x080009a4   0x00000002   Code   RO          164    i.DebugMon_Handler  stm32f10x_it.o
    0x080009a6   0x00000002   PAD
    0x080009a8   0x00000020   Code   RO         7381    i.EXTI0_IRQHandler  exti.o
    0x080009c8   0x000000f0   Code   RO         7382    i.EXTI15_10_IRQHandler  exti.o
    0x08000ab8   0x00000020   Code   RO         7383    i.EXTI1_IRQHandler  exti.o
    0x08000ad8   0x00000020   Code   RO         7384    i.EXTI2_IRQHandler  exti.o
    0x08000af8   0x00000020   Code   RO         7385    i.EXTI3_IRQHandler  exti.o
    0x08000b18   0x00000020   Code   RO         7386    i.EXTI4_IRQHandler  exti.o
    0x08000b38   0x00000090   Code   RO         7387    i.EXTI9_5_IRQHandler  exti.o
    0x08000bc8   0x0000000c   Code   RO         1079    i.EXTI_ClearITPendingBit  stm32f10x_exti.o
    0x08000bd4   0x00000028   Code   RO         1083    i.EXTI_GetITStatus  stm32f10x_exti.o
    0x08000bfc   0x00000116   Code   RO         1435    i.GPIO_Init         stm32f10x_gpio.o
    0x08000d12   0x00000002   PAD
    0x08000d14   0x00000090   Code   RO         1437    i.GPIO_PinRemapConfig  stm32f10x_gpio.o
    0x08000da4   0x00000012   Code   RO         1439    i.GPIO_ReadInputDataBit  stm32f10x_gpio.o
    0x08000db6   0x00000004   Code   RO         1442    i.GPIO_ResetBits    stm32f10x_gpio.o
    0x08000dba   0x00000004   Code   RO         1443    i.GPIO_SetBits      stm32f10x_gpio.o
    0x08000dbe   0x00000002   PAD
    0x08000dc0   0x0000000c   Code   RO         3272    i.GetSysTick_10Ms   delay.o
    0x08000dcc   0x0000000c   Code   RO         3273    i.GetSysTick_Sec    delay.o
    0x08000dd8   0x000000a0   Code   RO         7295    i.HDMI_ReadI2C_Byte  lt8618sx.o
    0x08000e78   0x00000026   Code   RO         7296    i.HDMI_ReadI2C_ByteN  lt8618sx.o
    0x08000e9e   0x00000002   PAD
    0x08000ea0   0x00000098   Code   RO         7297    i.HDMI_WriteI2C_Byte  lt8618sx.o
    0x08000f38   0x00000004   Code   RO          165    i.HardFault_Handler  stm32f10x_it.o
    0x08000f3c   0x00000050   Code   RO         3398    i.IIC_Ack           myiic.o
    0x08000f8c   0x00000058   Code   RO         3399    i.IIC_Init          myiic.o
    0x08000fe4   0x00000050   Code   RO         3400    i.IIC_NAck          myiic.o
    0x08001034   0x00000070   Code   RO         3401    i.IIC_Read_Byte     myiic.o
    0x080010a4   0x00000074   Code   RO         3402    i.IIC_Send_Byte     myiic.o
    0x08001118   0x0000004c   Code   RO         3403    i.IIC_Start         myiic.o
    0x08001164   0x0000004c   Code   RO         3404    i.IIC_Stop          myiic.o
    0x080011b0   0x00000064   Code   RO         3405    i.IIC_Wait_Ack      myiic.o
    0x08001214   0x00000054   Code   RO         7120    i.Int2DecStr        my_string.o
    0x08001268   0x000000bc   Code   RO         7176    i.KEY_Init          key.o
    0x08001324   0x00000018   Code   RO         7178    i.LED_Enable        key.o
    0x0800133c   0x00000030   Code   RO         7179    i.LED_Init          key.o
    0x0800136c   0x00000098   Code   RO         7300    i.LT8618SX_Configure  lt8618sx.o
    0x08001404   0x000003ac   Code   RO         7301    i.LT8618SX_Initial  lt8618sx.o
    0x080017b0   0x00000030   Code   RO         7302    i.LT8618SX_Reset    lt8618sx.o
    0x080017e0   0x00000034   Code   RO         7304    i.LT8618SX_process  lt8618sx.o
    0x08001814   0x00000004   Code   RO          166    i.MemManage_Handler  stm32f10x_it.o
    0x08001818   0x00000002   Code   RO          167    i.NMI_Handler       stm32f10x_it.o
    0x0800181a   0x0000000c   Code   RO         3342    i.NVIC_Configuration  sys.o
    0x08001826   0x00000002   PAD
    0x08001828   0x00000070   Code   RO          260    i.NVIC_Init         misc.o
    0x08001898   0x00000014   Code   RO          261    i.NVIC_PriorityGroupConfig  misc.o
    0x080018ac   0x00000002   Code   RO          168    i.PendSV_Handler    stm32f10x_it.o
    0x080018ae   0x00000002   PAD
    0x080018b0   0x00000020   Code   RO         1860    i.RCC_APB1PeriphClockCmd  stm32f10x_rcc.o
    0x080018d0   0x00000020   Code   RO         1862    i.RCC_APB2PeriphClockCmd  stm32f10x_rcc.o
    0x080018f0   0x000000d4   Code   RO         1870    i.RCC_GetClocksFreq  stm32f10x_rcc.o
    0x080019c4   0x000000d0   Code   RO         7495    i.Remote_Init       remote.o
    0x08001a94   0x00000098   Code   RO         7496    i.Remote_Scan       remote.o
    0x08001b2c   0x00000002   Code   RO          169    i.SVC_Handler       stm32f10x_it.o
    0x08001b2e   0x00000008   Code   RO          226    i.SetSysClock       system_stm32f10x.o
    0x08001b36   0x00000002   PAD
    0x08001b38   0x000000e0   Code   RO          227    i.SetSysClockTo72   system_stm32f10x.o
    0x08001c18   0x00000028   Code   RO          264    i.SysTick_CLKSourceConfig  misc.o
    0x08001c40   0x00000008   Code   RO          170    i.SysTick_Handler   stm32f10x_it.o
    0x08001c48   0x0000002c   Code   RO         3274    i.SysTick_HandlerService  delay.o
    0x08001c74   0x00000060   Code   RO         3275    i.SysTick_Start     delay.o
    0x08001cd4   0x00000012   Code   RO         3276    i.SysTick_Stop      delay.o
    0x08001ce6   0x00000002   PAD
    0x08001ce8   0x00000060   Code   RO          229    i.SystemInit        system_stm32f10x.o
    0x08001d48   0x00000080   Code   RO         2487    i.TI1_Config        stm32f10x_tim.o
    0x08001dc8   0x00000098   Code   RO         2488    i.TI2_Config        stm32f10x_tim.o
    0x08001e60   0x00000090   Code   RO         2489    i.TI3_Config        stm32f10x_tim.o
    0x08001ef0   0x00000098   Code   RO         2490    i.TI4_Config        stm32f10x_tim.o
    0x08001f88   0x00000198   Code   RO         7497    i.TIM2_IRQHandler   remote.o
    0x08002120   0x00000006   Code   RO         2497    i.TIM_ClearFlag     stm32f10x_tim.o
    0x08002126   0x00000018   Code   RO         2503    i.TIM_Cmd           stm32f10x_tim.o
    0x0800213e   0x00000006   Code   RO         2519    i.TIM_GetCapture2   stm32f10x_tim.o
    0x08002144   0x00000022   Code   RO         2524    i.TIM_GetITStatus   stm32f10x_tim.o
    0x08002166   0x00000002   PAD
    0x08002168   0x000000ac   Code   RO         2526    i.TIM_ICInit        stm32f10x_tim.o
    0x08002214   0x00000012   Code   RO         2528    i.TIM_ITConfig      stm32f10x_tim.o
    0x08002226   0x0000001a   Code   RO         2539    i.TIM_OC2PolarityConfig  stm32f10x_tim.o
    0x08002240   0x00000004   Code   RO         2568    i.TIM_SetCounter    stm32f10x_tim.o
    0x08002244   0x00000012   Code   RO         2569    i.TIM_SetIC1Prescaler  stm32f10x_tim.o
    0x08002256   0x0000001a   Code   RO         2570    i.TIM_SetIC2Prescaler  stm32f10x_tim.o
    0x08002270   0x00000012   Code   RO         2571    i.TIM_SetIC3Prescaler  stm32f10x_tim.o
    0x08002282   0x0000001a   Code   RO         2572    i.TIM_SetIC4Prescaler  stm32f10x_tim.o
    0x0800229c   0x000000a4   Code   RO         2574    i.TIM_TimeBaseInit  stm32f10x_tim.o
    0x08002340   0x000000c8   Code   RO         6931    i.UART2_Configuration  uart2.o
    0x08002408   0x000000c8   Code   RO         7019    i.UART3_Configuration  uart3.o
    0x080024d0   0x00000054   Code   RO         7020    i.UART3_set_baudrate  uart3.o
    0x08002524   0x00000088   Code   RO         3357    i.USART1_IRQHandler  usart.o
    0x080025ac   0x0000006c   Code   RO         6932    i.USART2_IRQHandler  uart2.o
    0x08002618   0x00000022   Code   RO         6933    i.USART2_Interrupts_Config  uart2.o
    0x0800263a   0x00000002   PAD
    0x0800263c   0x00000078   Code   RO         7021    i.USART3_IRQHandler  uart3.o
    0x080026b4   0x00000020   Code   RO         7022    i.USART3_Interrupts_Config  uart3.o
    0x080026d4   0x00000012   Code   RO         3035    i.USART_ClearFlag   stm32f10x_usart.o
    0x080026e6   0x00000022   Code   RO         3037    i.USART_ClockInit   stm32f10x_usart.o
    0x08002708   0x00000018   Code   RO         3039    i.USART_Cmd         stm32f10x_usart.o
    0x08002720   0x0000001a   Code   RO         3042    i.USART_GetFlagStatus  stm32f10x_usart.o
    0x0800273a   0x00000054   Code   RO         3043    i.USART_GetITStatus  stm32f10x_usart.o
    0x0800278e   0x0000004a   Code   RO         3045    i.USART_ITConfig    stm32f10x_usart.o
    0x080027d8   0x000000d8   Code   RO         3046    i.USART_Init        stm32f10x_usart.o
    0x080028b0   0x0000000a   Code   RO         3053    i.USART_ReceiveData  stm32f10x_usart.o
    0x080028ba   0x00000008   Code   RO         3056    i.USART_SendData    stm32f10x_usart.o
    0x080028c2   0x00000004   Code   RO          171    i.UsageFault_Handler  stm32f10x_it.o
    0x080028c6   0x00000016   Code   RO         3277    i.Wait10Ms          delay.o
    0x080028dc   0x0000000e   Code   RO         7576    i._is_digit         c_w.l(__printf_wp.o)
    0x080028ea   0x00000006   Code   RO         3358    i._sys_exit         usart.o
    0x080028f0   0x00000050   Code   RO         3278    i.delay_init        delay.o
    0x08002940   0x00000058   Code   RO         3279    i.delay_ms          delay.o
    0x08002998   0x00000058   Code   RO         3280    i.delay_us          delay.o
    0x080029f0   0x0000001c   Code   RO         3359    i.fputc             usart.o
    0x08002a0c   0x00000048   Code   RO         7180    i.gennum_3g_enable  key.o
    0x08002a54   0x0000000c   Code   RO         7182    i.gennum_reset_high  key.o
    0x08002a60   0x0000001a   Code   RO         7122    i.isalphabet        my_string.o
    0x08002a7a   0x00000012   Code   RO         7126    i.isnumber          my_string.o
    0x08002a8c   0x00000068   Code   RO         7184    i.key_condition     key.o
    0x08002af4   0x0000004c   Code   RO         7185    i.key_is_long_pressed  key.o
    0x08002b40   0x00000060   Code   RO         7186    i.key_is_pressed    key.o
    0x08002ba0   0x0000005c   Code   RO         7187    i.key_is_unpressed  key.o
    0x08002bfc   0x000000c4   Code   RO         7188    i.key_print         key.o
    0x08002cc0   0x000000b0   Code   RO         7189    i.key_print_by_id   key.o
    0x08002d70   0x00000170   Code   RO         7190    i.key_scan_process  key.o
    0x08002ee0   0x00000124   Code   RO           25    i.main              main.o
    0x08003004   0x00000098   Code   RO         6855    i.pelco_d_check_valid  pelco_d.o
    0x0800309c   0x000002e8   Code   RO         6856    i.pelco_d_handle    pelco_d.o
    0x08003384   0x00000044   Code   RO         6857    i.pelco_d_init      pelco_d.o
    0x080033c8   0x0000000c   Code   RO         6858    i.pelco_d_input_byte  pelco_d.o
    0x080033d4   0x00000088   Code   RO         6859    i.pelco_d_parse_message  pelco_d.o
    0x0800345c   0x0000003a   Code   RO         6860    i.pelco_d_process   pelco_d.o
    0x08003496   0x00000002   PAD
    0x08003498   0x00000058   Code   RO         6861    i.pelco_d_pull_message  pelco_d.o
    0x080034f0   0x000000c8   Code   RO         6862    i.pelco_fill_message  pelco_d.o
    0x080035b8   0x00000068   Code   RO         6863    i.pelco_handle_cmd  pelco_d.o
    0x08003620   0x000000d8   Code   RO         6864    i.pelco_p_parse_message  pelco_d.o
    0x080036f8   0x00000064   Code   RO         6865    i.pelco_print_message  pelco_d.o
    0x0800375c   0x00000020   Code   RO         3516    i.sony_ui_clear_all  sony_ui.o
    0x0800377c   0x00000020   Code   RO         3517    i.sony_ui_clear_line  sony_ui.o
    0x0800379c   0x00000024   Code   RO         3518    i.sony_ui_display_all  sony_ui.o
    0x080037c0   0x00000024   Code   RO         3519    i.sony_ui_display_line  sony_ui.o
    0x080037e4   0x0000006c   Code   RO         3520    i.sony_ui_get_char  sony_ui.o
    0x08003850   0x00000058   Code   RO         3521    i.sony_ui_init      sony_ui.o
    0x080038a8   0x00000038   Code   RO         3524    i.sony_ui_set_color  sony_ui.o
    0x080038e0   0x000000bc   Code   RO         3525    i.sony_ui_set_title  sony_ui.o
    0x0800399c   0x00000044   Code   RO         6804    i.sony_visca_init   visca_p.o
    0x080039e0   0x0000001c   Code   RO         6805    i.sony_visca_input_byte  visca_p.o
    0x080039fc   0x00000010   Code   RO         3611    i.sonylens_address_get  sonylens.o
    0x08003a0c   0x00000014   Code   RO         3615    i.sonylens_advance_alarm_out_set  sonylens.o
    0x08003a20   0x0000000c   Code   RO         3616    i.sonylens_advance_blc_get  sonylens.o
    0x08003a2c   0x00000004   Code   RO         3617    i.sonylens_advance_blc_get_count  sonylens.o
    0x08003a30   0x00000014   Code   RO         3618    i.sonylens_advance_blc_right  sonylens.o
    0x08003a44   0x00000030   Code   RO         3619    i.sonylens_advance_blc_set  sonylens.o
    0x08003a74   0x0000000c   Code   RO         3620    i.sonylens_advance_defog_mode_get  sonylens.o
    0x08003a80   0x00000004   Code   RO         3621    i.sonylens_advance_defog_mode_get_count  sonylens.o
    0x08003a84   0x00000018   Code   RO         3622    i.sonylens_advance_defog_mode_right  sonylens.o
    0x08003a9c   0x00000050   Code   RO         3623    i.sonylens_advance_defog_mode_set  sonylens.o
    0x08003aec   0x0000000c   Code   RO         3624    i.sonylens_advance_expcomp_get  sonylens.o
    0x08003af8   0x00000004   Code   RO         3625    i.sonylens_advance_expcomp_get_count  sonylens.o
    0x08003afc   0x00000030   Code   RO         3626    i.sonylens_advance_expcomp_on  sonylens.o
    0x08003b2c   0x00000014   Code   RO         3627    i.sonylens_advance_expcomp_right  sonylens.o
    0x08003b40   0x00000050   Code   RO         3628    i.sonylens_advance_expcomp_set  sonylens.o
    0x08003b90   0x0000004c   Code   RO         3629    i.sonylens_advance_init  sonylens.o
    0x08003bdc   0x0000000c   Code   RO         3633    i.sonylens_advance_ircut_set  sonylens.o
    0x08003be8   0x00000024   Code   RO         3634    i.sonylens_advance_menu_back_action  sonylens.o
    0x08003c0c   0x00000002   Code   RO         3635    i.sonylens_advance_menu_init  sonylens.o
    0x08003c0e   0x00000002   PAD
    0x08003c10   0x0000000c   Code   RO         3637    i.sonylens_advance_nr_level_get  sonylens.o
    0x08003c1c   0x00000004   Code   RO         3638    i.sonylens_advance_nr_level_get_count  sonylens.o
    0x08003c20   0x00000018   Code   RO         3639    i.sonylens_advance_nr_level_right  sonylens.o
    0x08003c38   0x0000002c   Code   RO         3640    i.sonylens_advance_nr_level_set  sonylens.o
    0x08003c64   0x0000000c   Code   RO         3641    i.sonylens_advance_stabilizer_get  sonylens.o
    0x08003c70   0x00000004   Code   RO         3642    i.sonylens_advance_stabilizer_get_count  sonylens.o
    0x08003c74   0x00000018   Code   RO         3643    i.sonylens_advance_stabilizer_right  sonylens.o
    0x08003c8c   0x00000020   Code   RO         3644    i.sonylens_advance_stabilizer_set  sonylens.o
    0x08003cac   0x0000000c   Code   RO         3645    i.sonylens_advance_wdr_get  sonylens.o
    0x08003cb8   0x00000004   Code   RO         3646    i.sonylens_advance_wdr_get_count  sonylens.o
    0x08003cbc   0x00000018   Code   RO         3647    i.sonylens_advance_wdr_right  sonylens.o
    0x08003cd4   0x00000014   Code   RO         3648    i.sonylens_advance_wdr_set  sonylens.o
    0x08003ce8   0x0000000c   Code   RO         3649    i.sonylens_camera_id_display_get  sonylens.o
    0x08003cf4   0x00000004   Code   RO         3650    i.sonylens_camera_id_display_get_count  sonylens.o
    0x08003cf8   0x00000018   Code   RO         3651    i.sonylens_camera_id_display_right  sonylens.o
    0x08003d10   0x0000000c   Code   RO         3652    i.sonylens_camera_id_display_set  sonylens.o
    0x08003d1c   0x0000000c   Code   RO         3653    i.sonylens_camera_id_get  sonylens.o
    0x08003d28   0x00000006   Code   RO         3654    i.sonylens_camera_id_get_count  sonylens.o
    0x08003d2e   0x00000002   PAD
    0x08003d30   0x00000014   Code   RO         3655    i.sonylens_camera_id_right  sonylens.o
    0x08003d44   0x0000000c   Code   RO         3656    i.sonylens_camera_id_set  sonylens.o
    0x08003d50   0x00000024   Code   RO         3657    i.sonylens_camera_menu_back_action  sonylens.o
    0x08003d74   0x00000002   Code   RO         3658    i.sonylens_camera_menu_init  sonylens.o
    0x08003d76   0x00000002   PAD
    0x08003d78   0x00000028   Code   RO         3661    i.sonylens_control_f1  sonylens.o
    0x08003da0   0x0000002c   Code   RO         3662    i.sonylens_control_f10  sonylens.o
    0x08003dcc   0x00000002   Code   RO         3663    i.sonylens_control_f11  sonylens.o
    0x08003dce   0x00000002   Code   RO         3664    i.sonylens_control_f12  sonylens.o
    0x08003dd0   0x0000001c   Code   RO         3665    i.sonylens_control_f2  sonylens.o
    0x08003dec   0x00000008   Code   RO         3666    i.sonylens_control_f3  sonylens.o
    0x08003df4   0x00000064   Code   RO         3667    i.sonylens_control_f4  sonylens.o
    0x08003e58   0x00000008   Code   RO         3668    i.sonylens_control_f5  sonylens.o
    0x08003e60   0x00000008   Code   RO         3669    i.sonylens_control_f6  sonylens.o
    0x08003e68   0x00000018   Code   RO         3670    i.sonylens_control_f7  sonylens.o
    0x08003e80   0x0000001c   Code   RO         3671    i.sonylens_control_f8  sonylens.o
    0x08003e9c   0x0000003c   Code   RO         3672    i.sonylens_control_f9  sonylens.o
    0x08003ed8   0x00000034   Code   RO         3673    i.sonylens_default_action  sonylens.o
    0x08003f0c   0x0000000c   Code   RO         3674    i.sonylens_default_get  sonylens.o
    0x08003f18   0x00000014   Code   RO         3676    i.sonylens_default_right  sonylens.o
    0x08003f2c   0x0000000c   Code   RO         3677    i.sonylens_default_set  sonylens.o
    0x08003f38   0x0000000c   Code   RO         3678    i.sonylens_dig_zoom_get  sonylens.o
    0x08003f44   0x00000004   Code   RO         3679    i.sonylens_dig_zoom_get_count  sonylens.o
    0x08003f48   0x00000014   Code   RO         3680    i.sonylens_dig_zoom_right  sonylens.o
    0x08003f5c   0x00000064   Code   RO         3681    i.sonylens_dig_zoom_set  sonylens.o
    0x08003fc0   0x00000002   Code   RO         3684    i.sonylens_exit_menu_init  sonylens.o
    0x08003fc2   0x00000002   PAD
    0x08003fc4   0x00000044   Code   RO         3685    i.sonylens_expcomp_set  sonylens.o
    0x08004008   0x0000000c   Code   RO         3686    i.sonylens_exposure_ae_mode_get  sonylens.o
    0x08004014   0x00000004   Code   RO         3687    i.sonylens_exposure_ae_mode_get_count  sonylens.o
    0x08004018   0x00000014   Code   RO         3688    i.sonylens_exposure_ae_mode_right  sonylens.o
    0x0800402c   0x00000044   Code   RO         3689    i.sonylens_exposure_ae_mode_set  sonylens.o
    0x08004070   0x0000000c   Code   RO         3690    i.sonylens_exposure_bri_get  sonylens.o
    0x0800407c   0x00000004   Code   RO         3691    i.sonylens_exposure_bri_get_count  sonylens.o
    0x08004080   0x00000010   Code   RO         3692    i.sonylens_exposure_bri_right  sonylens.o
    0x08004090   0x0000000c   Code   RO         3693    i.sonylens_exposure_bri_set  sonylens.o
    0x0800409c   0x0000000c   Code   RO         3694    i.sonylens_exposure_gain_get  sonylens.o
    0x080040a8   0x00000004   Code   RO         3695    i.sonylens_exposure_gain_get_count  sonylens.o
    0x080040ac   0x00000014   Code   RO         3696    i.sonylens_exposure_gain_right  sonylens.o
    0x080040c0   0x00000034   Code   RO         3697    i.sonylens_exposure_gain_set  sonylens.o
    0x080040f4   0x00000030   Code   RO         3698    i.sonylens_exposure_init  sonylens.o
    0x08004124   0x0000000c   Code   RO         3699    i.sonylens_exposure_iris_get  sonylens.o
    0x08004130   0x00000004   Code   RO         3700    i.sonylens_exposure_iris_get_count  sonylens.o
    0x08004134   0x00000014   Code   RO         3701    i.sonylens_exposure_iris_right  sonylens.o
    0x08004148   0x00000040   Code   RO         3702    i.sonylens_exposure_iris_set  sonylens.o
    0x08004188   0x00000024   Code   RO         3703    i.sonylens_exposure_menu_back_action  sonylens.o
    0x080041ac   0x000000b4   Code   RO         3704    i.sonylens_exposure_menu_init  sonylens.o
    0x08004260   0x0000000c   Code   RO         3706    i.sonylens_exposure_shutter_get  sonylens.o
    0x0800426c   0x00000004   Code   RO         3707    i.sonylens_exposure_shutter_get_count  sonylens.o
    0x08004270   0x00000044   Code   RO         3708    i.sonylens_exposure_shutter_right  sonylens.o
    0x080042b4   0x0000002c   Code   RO         3709    i.sonylens_exposure_shutter_set  sonylens.o
    0x080042e0   0x0000000c   Code   RO         3710    i.sonylens_exposure_slow_ae_get  sonylens.o
    0x080042ec   0x00000004   Code   RO         3711    i.sonylens_exposure_slow_ae_get_count  sonylens.o
    0x080042f0   0x00000014   Code   RO         3712    i.sonylens_exposure_slow_ae_right  sonylens.o
    0x08004304   0x0000002c   Code   RO         3713    i.sonylens_exposure_slow_ae_set  sonylens.o
    0x08004330   0x0000000c   Code   RO         3714    i.sonylens_exposure_slow_shutter_get  sonylens.o
    0x0800433c   0x00000004   Code   RO         3715    i.sonylens_exposure_slow_shutter_get_count  sonylens.o
    0x08004340   0x00000014   Code   RO         3716    i.sonylens_exposure_slow_shutter_right  sonylens.o
    0x08004354   0x00000030   Code   RO         3717    i.sonylens_exposure_slow_shutter_set  sonylens.o
    0x08004384   0x0000000c   Code   RO         3718    i.sonylens_focus_af_sens_get  sonylens.o
    0x08004390   0x00000004   Code   RO         3719    i.sonylens_focus_af_sens_get_count  sonylens.o
    0x08004394   0x00000014   Code   RO         3720    i.sonylens_focus_af_sens_right  sonylens.o
    0x080043a8   0x00000030   Code   RO         3721    i.sonylens_focus_af_sens_set  sonylens.o
    0x080043d8   0x00000028   Code   RO         3722    i.sonylens_focus_init  sonylens.o
    0x08004400   0x0000000c   Code   RO         3723    i.sonylens_focus_light_get  sonylens.o
    0x0800440c   0x00000004   Code   RO         3724    i.sonylens_focus_light_get_count  sonylens.o
    0x08004410   0x00000014   Code   RO         3725    i.sonylens_focus_light_right  sonylens.o
    0x08004424   0x00000030   Code   RO         3726    i.sonylens_focus_light_set  sonylens.o
    0x08004454   0x00000024   Code   RO         3727    i.sonylens_focus_menu_back_action  sonylens.o
    0x08004478   0x00000002   Code   RO         3728    i.sonylens_focus_menu_init  sonylens.o
    0x0800447a   0x00000002   PAD
    0x0800447c   0x0000003c   Code   RO         3730    i.sonylens_focus_mode_get  sonylens.o
    0x080044b8   0x00000004   Code   RO         3731    i.sonylens_focus_mode_get_count  sonylens.o
    0x080044bc   0x00000014   Code   RO         3732    i.sonylens_focus_mode_right  sonylens.o
    0x080044d0   0x00000038   Code   RO         3733    i.sonylens_focus_mode_set  sonylens.o
    0x08004508   0x0000000c   Code   RO         3734    i.sonylens_focus_near_limit_get  sonylens.o
    0x08004514   0x00000004   Code   RO         3735    i.sonylens_focus_near_limit_get_count  sonylens.o
    0x08004518   0x00000014   Code   RO         3736    i.sonylens_focus_near_limit_right  sonylens.o
    0x0800452c   0x0000002c   Code   RO         3737    i.sonylens_focus_near_limit_set  sonylens.o
    0x08004558   0x0000000c   Code   RO         3739    i.sonylens_general_address_get  sonylens.o
    0x08004564   0x00000004   Code   RO         3740    i.sonylens_general_address_get_count  sonylens.o
    0x08004568   0x00000014   Code   RO         3741    i.sonylens_general_address_right  sonylens.o
    0x0800457c   0x0000000c   Code   RO         3742    i.sonylens_general_address_set  sonylens.o
    0x08004588   0x0000000c   Code   RO         3747    i.sonylens_general_baudrate_get  sonylens.o
    0x08004594   0x00000004   Code   RO         3748    i.sonylens_general_baudrate_get_count  sonylens.o
    0x08004598   0x00000018   Code   RO         3749    i.sonylens_general_baudrate_right  sonylens.o
    0x080045b0   0x00000050   Code   RO         3750    i.sonylens_general_baudrate_set  sonylens.o
    0x08004600   0x0000000c   Code   RO         3751    i.sonylens_general_format_get  sonylens.o
    0x0800460c   0x00000004   Code   RO         3752    i.sonylens_general_format_get_count  sonylens.o
    0x08004610   0x00000018   Code   RO         3753    i.sonylens_general_format_right  sonylens.o
    0x08004628   0x0000000c   Code   RO         3754    i.sonylens_general_format_set  sonylens.o
    0x08004634   0x00000028   Code   RO         3755    i.sonylens_general_init  sonylens.o
    0x0800465c   0x0000000c   Code   RO         3756    i.sonylens_general_lr_hand_get  sonylens.o
    0x08004668   0x00000004   Code   RO         3757    i.sonylens_general_lr_hand_get_count  sonylens.o
    0x0800466c   0x00000018   Code   RO         3758    i.sonylens_general_lr_hand_right  sonylens.o
    0x08004684   0x0000000c   Code   RO         3759    i.sonylens_general_lr_hand_set  sonylens.o
    0x08004690   0x00000024   Code   RO         3760    i.sonylens_general_menu_back_action  sonylens.o
    0x080046b4   0x00000024   Code   RO         3761    i.sonylens_general_menu_camera_action  sonylens.o
    0x080046d8   0x00000002   Code   RO         3762    i.sonylens_general_menu_init  sonylens.o
    0x080046da   0x00000002   PAD
    0x080046dc   0x00000024   Code   RO         3763    i.sonylens_general_menu_preset_action  sonylens.o
    0x08004700   0x0000000c   Code   RO         3765    i.sonylens_general_protocol_get  sonylens.o
    0x0800470c   0x00000004   Code   RO         3766    i.sonylens_general_protocol_get_count  sonylens.o
    0x08004710   0x00000018   Code   RO         3767    i.sonylens_general_protocol_right  sonylens.o
    0x08004728   0x00000028   Code   RO         3768    i.sonylens_general_protocol_set  sonylens.o
    0x08004750   0x00000010   Code   RO         3770    i.sonylens_get_auto_mode  sonylens.o
    0x08004760   0x00000028   Code   RO         3772    i.sonylens_get_mode_info  sonylens.o
    0x08004788   0x00000046   Code   RO         3773    i.sonylens_get_monitor_mode  sonylens.o
    0x080047ce   0x00000002   PAD
    0x080047d0   0x00000010   Code   RO         3774    i.sonylens_get_zoom_desc  sonylens.o
    0x080047e0   0x00000034   Code   RO         3775    i.sonylens_get_zoom_index  sonylens.o
    0x08004814   0x00000078   Code   RO         3776    i.sonylens_get_zoom_value  sonylens.o
    0x0800488c   0x0000000c   Code   RO         3778    i.sonylens_image_aperture_get  sonylens.o
    0x08004898   0x00000004   Code   RO         3779    i.sonylens_image_aperture_get_count  sonylens.o
    0x0800489c   0x00000014   Code   RO         3780    i.sonylens_image_aperture_right  sonylens.o
    0x080048b0   0x0000002c   Code   RO         3781    i.sonylens_image_aperture_set  sonylens.o
    0x080048dc   0x0000000c   Code   RO         3782    i.sonylens_image_chroma_suppress_get  sonylens.o
    0x080048e8   0x00000004   Code   RO         3783    i.sonylens_image_chroma_suppress_get_count  sonylens.o
    0x080048ec   0x00000014   Code   RO         3784    i.sonylens_image_chroma_suppress_right  sonylens.o
    0x08004900   0x0000002c   Code   RO         3785    i.sonylens_image_chroma_suppress_set  sonylens.o
    0x0800492c   0x0000000c   Code   RO         3786    i.sonylens_image_color_gain_get  sonylens.o
    0x08004938   0x00000004   Code   RO         3787    i.sonylens_image_color_gain_get_count  sonylens.o
    0x0800493c   0x00000014   Code   RO         3788    i.sonylens_image_color_gain_right  sonylens.o
    0x08004950   0x0000002c   Code   RO         3789    i.sonylens_image_color_gain_set  sonylens.o
    0x0800497c   0x0000000c   Code   RO         3790    i.sonylens_image_color_hue_get  sonylens.o
    0x08004988   0x00000004   Code   RO         3791    i.sonylens_image_color_hue_get_count  sonylens.o
    0x0800498c   0x00000014   Code   RO         3792    i.sonylens_image_color_hue_right  sonylens.o
    0x080049a0   0x0000002c   Code   RO         3793    i.sonylens_image_color_hue_set  sonylens.o
    0x080049cc   0x0000000c   Code   RO         3794    i.sonylens_image_flip_get  sonylens.o
    0x080049d8   0x00000004   Code   RO         3795    i.sonylens_image_flip_get_count  sonylens.o
    0x080049dc   0x00000018   Code   RO         3796    i.sonylens_image_flip_right  sonylens.o
    0x080049f4   0x0000003c   Code   RO         3797    i.sonylens_image_flip_set  sonylens.o
    0x08004a30   0x0000000c   Code   RO         3798    i.sonylens_image_freeze_get  sonylens.o
    0x08004a3c   0x00000004   Code   RO         3799    i.sonylens_image_freeze_get_count  sonylens.o
    0x08004a40   0x00000018   Code   RO         3800    i.sonylens_image_freeze_right  sonylens.o
    0x08004a58   0x0000003c   Code   RO         3801    i.sonylens_image_freeze_set  sonylens.o
    0x08004a94   0x0000000c   Code   RO         3802    i.sonylens_image_gamma_get  sonylens.o
    0x08004aa0   0x00000004   Code   RO         3803    i.sonylens_image_gamma_get_count  sonylens.o
    0x08004aa4   0x00000018   Code   RO         3804    i.sonylens_image_gamma_right  sonylens.o
    0x08004abc   0x0000002c   Code   RO         3805    i.sonylens_image_gamma_set  sonylens.o
    0x08004ae8   0x00000064   Code   RO         3806    i.sonylens_image_init  sonylens.o
    0x08004b4c   0x00000024   Code   RO         3807    i.sonylens_image_menu_back_action  sonylens.o
    0x08004b70   0x00000002   Code   RO         3808    i.sonylens_image_menu_init  sonylens.o
    0x08004b72   0x00000002   PAD
    0x08004b74   0x0000000c   Code   RO         3809    i.sonylens_image_mirror_get  sonylens.o
    0x08004b80   0x00000004   Code   RO         3810    i.sonylens_image_mirror_get_count  sonylens.o
    0x08004b84   0x00000018   Code   RO         3811    i.sonylens_image_mirror_right  sonylens.o
    0x08004b9c   0x00000030   Code   RO         3812    i.sonylens_image_mirror_set  sonylens.o
    0x08004bcc   0x0000000c   Code   RO         3813    i.sonylens_image_pic_effect_get  sonylens.o
    0x08004bd8   0x00000004   Code   RO         3814    i.sonylens_image_pic_effect_get_count  sonylens.o
    0x08004bdc   0x00000018   Code   RO         3815    i.sonylens_image_pic_effect_right  sonylens.o
    0x08004bf4   0x00000038   Code   RO         3816    i.sonylens_image_pic_effect_set  sonylens.o
    0x08004c2c   0x00000294   Code   RO         3817    i.sonylens_init     sonylens.o
    0x08004ec0   0x0000004c   Code   RO         3818    i.sonylens_iris_set  sonylens.o
    0x08004f0c   0x00000028   Code   RO         3819    i.sonylens_key_advance_expcomp_on  sonylens.o
    0x08004f34   0x00000040   Code   RO         3820    i.sonylens_key_advance_expcomp_set  sonylens.o
    0x08004f74   0x00000030   Code   RO         3821    i.sonylens_key_exposure_ae_mode_set  sonylens.o
    0x08004fa4   0x00000024   Code   RO         3822    i.sonylens_key_exposure_gain_set  sonylens.o
    0x08004fc8   0x00000030   Code   RO         3823    i.sonylens_key_exposure_iris_set  sonylens.o
    0x08004ff8   0x00000024   Code   RO         3824    i.sonylens_key_exposure_shutter_set  sonylens.o
    0x0800501c   0x00000224   Code   RO         3825    i.sonylens_key_handle_process  sonylens.o
    0x08005240   0x0000002c   Code   RO         3826    i.sonylens_key_image_flip_set  sonylens.o
    0x0800526c   0x0000002c   Code   RO         3827    i.sonylens_key_image_freeze_set  sonylens.o
    0x08005298   0x00000048   Code   RO         3828    i.sonylens_key_wb_mode_set  sonylens.o
    0x080052e0   0x00000024   Code   RO         3829    i.sonylens_main_menu_advance_set_action  sonylens.o
    0x08005304   0x00000024   Code   RO         3830    i.sonylens_main_menu_exit_action  sonylens.o
    0x08005328   0x00000024   Code   RO         3831    i.sonylens_main_menu_exposure_set_action  sonylens.o
    0x0800534c   0x00000024   Code   RO         3832    i.sonylens_main_menu_focus_set_action  sonylens.o
    0x08005370   0x00000024   Code   RO         3833    i.sonylens_main_menu_general_set_action  sonylens.o
    0x08005394   0x00000024   Code   RO         3834    i.sonylens_main_menu_image_set_action  sonylens.o
    0x080053b8   0x0000002c   Code   RO         3835    i.sonylens_main_menu_init  sonylens.o
    0x080053e4   0x00000024   Code   RO         3837    i.sonylens_main_menu_wb_set_action  sonylens.o
    0x08005408   0x00000024   Code   RO         3838    i.sonylens_main_menu_zoom_set_action  sonylens.o
    0x0800542c   0x0000004c   Code   RO         3839    i.sonylens_menu_action  sonylens.o
    0x08005478   0x00000028   Code   RO         3840    i.sonylens_menu_display_process  sonylens.o
    0x080054a0   0x00000008   Code   RO         3841    i.sonylens_menu_exit_no  sonylens.o
    0x080054a8   0x00000098   Code   RO         3842    i.sonylens_menu_exit_yes  sonylens.o
    0x08005540   0x00000088   Code   RO         3843    i.sonylens_menu_item_update  sonylens.o
    0x080055c8   0x00000170   Code   RO         3844    i.sonylens_menu_move_leftright  sonylens.o
    0x08005738   0x00000060   Code   RO         3846    i.sonylens_menu_move_updown1  sonylens.o
    0x08005798   0x00000020   Code   RO         3847    i.sonylens_menu_off  sonylens.o
    0x080057b8   0x00000080   Code   RO         3848    i.sonylens_menu_on1  sonylens.o
    0x08005838   0x0000007c   Code   RO         3851    i.sonylens_msg_compare  sonylens.o
    0x080058b4   0x0000000c   Code   RO         3852    i.sonylens_osd_get  sonylens.o
    0x080058c0   0x00000004   Code   RO         3853    i.sonylens_osd_get_count  sonylens.o
    0x080058c4   0x00000014   Code   RO         3854    i.sonylens_osd_right  sonylens.o
    0x080058d8   0x00000060   Code   RO         3855    i.sonylens_osd_set  sonylens.o
    0x08005938   0x00000078   Code   RO         3856    i.sonylens_power_off  sonylens.o
    0x080059b0   0x00000078   Code   RO         3857    i.sonylens_power_on  sonylens.o
    0x08005a28   0x00000018   Code   RO         3859    i.sonylens_preset_exist_get  sonylens.o
    0x08005a40   0x00000020   Code   RO         3861    i.sonylens_preset_exist_right  sonylens.o
    0x08005a60   0x00000024   Code   RO         3863    i.sonylens_preset_menu_back_action  sonylens.o
    0x08005a84   0x00000018   Code   RO         3864    i.sonylens_preset_menu_del_action  sonylens.o
    0x08005a9c   0x00000010   Code   RO         3865    i.sonylens_preset_menu_init  sonylens.o
    0x08005aac   0x00000054   Code   RO         3866    i.sonylens_preset_menu_run_action  sonylens.o
    0x08005b00   0x00000038   Code   RO         3867    i.sonylens_preset_menu_set_action  sonylens.o
    0x08005b38   0x0000000c   Code   RO         3868    i.sonylens_preset_no_get  sonylens.o
    0x08005b44   0x00000004   Code   RO         3869    i.sonylens_preset_no_get_count  sonylens.o
    0x08005b48   0x00000014   Code   RO         3870    i.sonylens_preset_no_right  sonylens.o
    0x08005b5c   0x0000000c   Code   RO         3871    i.sonylens_preset_no_set  sonylens.o
    0x08005b68   0x00000018   Code   RO         3872    i.sonylens_preset_time_get  sonylens.o
    0x08005b80   0x00000006   Code   RO         3873    i.sonylens_preset_time_get_count  sonylens.o
    0x08005b86   0x00000002   PAD
    0x08005b88   0x00000020   Code   RO         3874    i.sonylens_preset_time_right  sonylens.o
    0x08005ba8   0x00000018   Code   RO         3875    i.sonylens_preset_time_set  sonylens.o
    0x08005bc0   0x000003fc   Code   RO         3876    i.sonylens_print_config_params  sonylens.o
    0x08005fbc   0x00000058   Code   RO         3877    i.sonylens_print_msg  sonylens.o
    0x08006014   0x00000018   Code   RO         3879    i.sonylens_privacy_display_get  sonylens.o
    0x0800602c   0x00000004   Code   RO         3880    i.sonylens_privacy_display_get_count  sonylens.o
    0x08006030   0x00000020   Code   RO         3881    i.sonylens_privacy_display_right  sonylens.o
    0x08006050   0x000000b4   Code   RO         3882    i.sonylens_privacy_display_set  sonylens.o
    0x08006104   0x00000018   Code   RO         3883    i.sonylens_privacy_h_get  sonylens.o
    0x0800611c   0x00000006   Code   RO         3884    i.sonylens_privacy_h_get_count  sonylens.o
    0x08006122   0x00000002   PAD
    0x08006124   0x00000020   Code   RO         3885    i.sonylens_privacy_h_right  sonylens.o
    0x08006144   0x00000050   Code   RO         3886    i.sonylens_privacy_h_set  sonylens.o
    0x08006194   0x00000024   Code   RO         3887    i.sonylens_privacy_menu_back_action  sonylens.o
    0x080061b8   0x00000002   Code   RO         3888    i.sonylens_privacy_menu_init  sonylens.o
    0x080061ba   0x00000002   PAD
    0x080061bc   0x00000018   Code   RO         3890    i.sonylens_privacy_w_get  sonylens.o
    0x080061d4   0x00000006   Code   RO         3891    i.sonylens_privacy_w_get_count  sonylens.o
    0x080061da   0x00000002   PAD
    0x080061dc   0x00000020   Code   RO         3892    i.sonylens_privacy_w_right  sonylens.o
    0x080061fc   0x00000050   Code   RO         3893    i.sonylens_privacy_w_set  sonylens.o
    0x0800624c   0x00000018   Code   RO         3894    i.sonylens_privacy_x_get  sonylens.o
    0x08006264   0x00000006   Code   RO         3895    i.sonylens_privacy_x_get_count  sonylens.o
    0x0800626a   0x00000002   PAD
    0x0800626c   0x00000020   Code   RO         3896    i.sonylens_privacy_x_right  sonylens.o
    0x0800628c   0x00000050   Code   RO         3897    i.sonylens_privacy_x_set  sonylens.o
    0x080062dc   0x00000018   Code   RO         3898    i.sonylens_privacy_y_get  sonylens.o
    0x080062f4   0x00000006   Code   RO         3899    i.sonylens_privacy_y_get_count  sonylens.o
    0x080062fa   0x00000002   PAD
    0x080062fc   0x00000020   Code   RO         3900    i.sonylens_privacy_y_right  sonylens.o
    0x0800631c   0x00000050   Code   RO         3901    i.sonylens_privacy_y_set  sonylens.o
    0x0800636c   0x0000000c   Code   RO         3902    i.sonylens_privacy_zone_get  sonylens.o
    0x08006378   0x00000004   Code   RO         3903    i.sonylens_privacy_zone_get_count  sonylens.o
    0x0800637c   0x00000014   Code   RO         3904    i.sonylens_privacy_zone_right  sonylens.o
    0x08006390   0x0000000c   Code   RO         3905    i.sonylens_privacy_zone_set  sonylens.o
    0x0800639c   0x0000008c   Code   RO         3907    i.sonylens_read_config_params  sonylens.o
    0x08006428   0x0000000c   Code   RO         3908    i.sonylens_remote_is_menu_on  sonylens.o
    0x08006434   0x0000000a   Code   RO         3909    i.sonylens_remote_navi_down  sonylens.o
    0x0800643e   0x0000000c   Code   RO         3910    i.sonylens_remote_navi_left  sonylens.o
    0x0800644a   0x00000002   PAD
    0x0800644c   0x0000002c   Code   RO         3911    i.sonylens_remote_navi_ok  sonylens.o
    0x08006478   0x0000000a   Code   RO         3912    i.sonylens_remote_navi_right  sonylens.o
    0x08006482   0x0000000c   Code   RO         3913    i.sonylens_remote_navi_up  sonylens.o
    0x0800648e   0x00000002   PAD
    0x08006490   0x00000054   Code   RO         3916    i.sonylens_reset_default_config_params  sonylens.o
    0x080064e4   0x00000008   Code   RO         3917    i.sonylens_restart  sonylens.o
    0x080064ec   0x00000084   Code   RO         3922    i.sonylens_set_auto_mode  sonylens.o
    0x08006570   0x000000c8   Code   RO         3923    i.sonylens_set_bright_minus  sonylens.o
    0x08006638   0x000000cc   Code   RO         3924    i.sonylens_set_bright_plus  sonylens.o
    0x08006704   0x00000044   Code   RO         3925    i.sonylens_set_exposure_gain_plus  sonylens.o
    0x08006748   0x00000050   Code   RO         3926    i.sonylens_set_focus_far  sonylens.o
    0x08006798   0x00000050   Code   RO         3927    i.sonylens_set_focus_near  sonylens.o
    0x080067e8   0x00000040   Code   RO         3929    i.sonylens_set_focus_stop  sonylens.o
    0x08006828   0x00000044   Code   RO         3933    i.sonylens_set_zoom_stop  sonylens.o
    0x0800686c   0x00000048   Code   RO         3934    i.sonylens_set_zoom_tele  sonylens.o
    0x080068b4   0x00000078   Code   RO         3935    i.sonylens_set_zoom_value  sonylens.o
    0x0800692c   0x00000048   Code   RO         3936    i.sonylens_set_zoom_wide  sonylens.o
    0x08006974   0x00000034   Code   RO         3938    i.sonylens_splash_clear  sonylens.o
    0x080069a8   0x00000090   Code   RO         3939    i.sonylens_splash_display  sonylens.o
    0x08006a38   0x00000008   Code   RO         3940    i.sonylens_splash_get_address  sonylens.o
    0x08006a40   0x00000008   Code   RO         3941    i.sonylens_splash_get_baudrate  sonylens.o
    0x08006a48   0x00000008   Code   RO         3942    i.sonylens_splash_get_format  sonylens.o
    0x08006a50   0x00000008   Code   RO         3943    i.sonylens_splash_get_protocol  sonylens.o
    0x08006a58   0x00000008   Code   RO         3944    i.sonylens_splash_get_version  sonylens.o
    0x08006a60   0x00000644   Code   RO         3945    i.sonylens_task     sonylens.o
    0x080070a4   0x00000024   Code   RO         3948    i.sonylens_tips_clear  sonylens.o
    0x080070c8   0x00000048   Code   RO         3949    i.sonylens_tips_display  sonylens.o
    0x08007110   0x0000003c   Code   RO         3950    i.sonylens_tips_display_process  sonylens.o
    0x0800714c   0x00000028   Code   RO         3951    i.sonylens_wait_ready  sonylens.o
    0x08007174   0x0000000c   Code   RO         3952    i.sonylens_wb_blue_gain_get  sonylens.o
    0x08007180   0x00000006   Code   RO         3953    i.sonylens_wb_blue_gain_get_count  sonylens.o
    0x08007186   0x00000002   PAD
    0x08007188   0x00000010   Code   RO         3954    i.sonylens_wb_blue_gain_right  sonylens.o
    0x08007198   0x00000028   Code   RO         3955    i.sonylens_wb_blue_gain_set  sonylens.o
    0x080071c0   0x00000010   Code   RO         3956    i.sonylens_wb_init  sonylens.o
    0x080071d0   0x00000024   Code   RO         3957    i.sonylens_wb_menu_back_action  sonylens.o
    0x080071f4   0x0000005c   Code   RO         3958    i.sonylens_wb_menu_init  sonylens.o
    0x08007250   0x0000000c   Code   RO         3960    i.sonylens_wb_mode_get  sonylens.o
    0x0800725c   0x00000004   Code   RO         3961    i.sonylens_wb_mode_get_count  sonylens.o
    0x08007260   0x00000014   Code   RO         3962    i.sonylens_wb_mode_right  sonylens.o
    0x08007274   0x00000054   Code   RO         3963    i.sonylens_wb_mode_set  sonylens.o
    0x080072c8   0x0000000a   Code   RO         3964    i.sonylens_wb_one_push_action  sonylens.o
    0x080072d2   0x00000002   PAD
    0x080072d4   0x0000000c   Code   RO         3965    i.sonylens_wb_red_gain_get  sonylens.o
    0x080072e0   0x00000006   Code   RO         3966    i.sonylens_wb_red_gain_get_count  sonylens.o
    0x080072e6   0x00000002   PAD
    0x080072e8   0x00000010   Code   RO         3967    i.sonylens_wb_red_gain_right  sonylens.o
    0x080072f8   0x00000028   Code   RO         3968    i.sonylens_wb_red_gain_set  sonylens.o
    0x08007320   0x00000088   Code   RO         3969    i.sonylens_write_config_params  sonylens.o
    0x080073a8   0x0000000c   Code   RO         3970    i.sonylens_zoom_display_get  sonylens.o
    0x080073b4   0x00000004   Code   RO         3971    i.sonylens_zoom_display_get_count  sonylens.o
    0x080073b8   0x00000014   Code   RO         3972    i.sonylens_zoom_display_right  sonylens.o
    0x080073cc   0x0000000c   Code   RO         3973    i.sonylens_zoom_display_set  sonylens.o
    0x080073d8   0x00000018   Code   RO         3974    i.sonylens_zoom_init  sonylens.o
    0x080073f0   0x00000024   Code   RO         3975    i.sonylens_zoom_menu_back_action  sonylens.o
    0x08007414   0x0000000c   Code   RO         3976    i.sonylens_zoom_menu_init  sonylens.o
    0x08007420   0x000000c0   Code   RO         3977    i.sonylens_zoom_process  sonylens.o
    0x080074e0   0x00000024   Code   RO         3978    i.sonylens_zoom_ratio_clear  sonylens.o
    0x08007504   0x00000030   Code   RO         3979    i.sonylens_zoom_ratio_display  sonylens.o
    0x08007534   0x0000000c   Code   RO         3983    i.sonylens_zoom_speed_get  sonylens.o
    0x08007540   0x00000004   Code   RO         3984    i.sonylens_zoom_speed_get_count  sonylens.o
    0x08007544   0x00000014   Code   RO         3985    i.sonylens_zoom_speed_right  sonylens.o
    0x08007558   0x0000000c   Code   RO         3986    i.sonylens_zoom_speed_set  sonylens.o
    0x08007564   0x0000000c   Code   RO         7191    i.system_reset      key.o
    0x08007570   0x00000020   Code   RO         6938    i.uart2_comm_write  uart2.o
    0x08007590   0x00000024   Code   RO         6940    i.uart2_fputc       uart2.o
    0x080075b4   0x0000000c   Code   RO         6943    i.uart2_set_input_byte_callback  uart2.o
    0x080075c0   0x0000000c   Code   RO         7033    i.uart3_set_rx_callback  uart3.o
    0x080075cc   0x000000a0   Code   RO         3360    i.uart_init         usart.o
    0x0800766c   0x00000048   Code   RO         7192    i.video_enable      key.o
    0x080076b4   0x0000000c   Code   RO         5941    i.visca_append_byte  visca.o
    0x080076c0   0x000000dc   Code   RO         5943    i.visca_expcomp_reset  visca.o
    0x0800779c   0x000000a0   Code   RO         6806    i.visca_fill_message  visca_p.o
    0x0800783c   0x000000dc   Code   RO         5945    i.visca_get_WDMode  visca.o
    0x08007918   0x000000dc   Code   RO         5949    i.visca_get_advance_expcomp  visca.o
    0x080079f4   0x000000dc   Code   RO         5957    i.visca_get_exposure_ae_mode  visca.o
    0x08007ad0   0x000000f0   Code   RO         5965    i.visca_get_focus_mode  visca.o
    0x08007bc0   0x000000e4   Code   RO         5978    i.visca_get_power   visca.o
    0x08007ca4   0x0000010c   Code   RO         5979    i.visca_get_privacy_display  visca.o
    0x08007db0   0x00000160   Code   RO         5982    i.visca_get_register  visca.o
    0x08007f10   0x00000110   Code   RO         5989    i.visca_get_version  visca.o
    0x08008020   0x00000118   Code   RO         5996    i.visca_get_zoom_value  visca.o
    0x08008138   0x0000004c   Code   RO         5998    i.visca_handle_result  visca.o
    0x08008184   0x00000138   Code   RO         5999    i.visca_if_clear    visca.o
    0x080082bc   0x00000010   Code   RO         6000    i.visca_init        visca.o
    0x080082cc   0x0000000a   Code   RO         6001    i.visca_init_broadcast_packet  visca.o
    0x080082d6   0x0000000e   Code   RO         6002    i.visca_init_packet  visca.o
    0x080082e4   0x0000001c   Code   RO         6003    i.visca_input_byte  visca.o
    0x08008300   0x00000034   Code   RO         6005    i.visca_is_ack_completion  visca.o
    0x08008334   0x00000034   Code   RO         6006    i.visca_is_command_not_executable  visca.o
    0x08008368   0x00000034   Code   RO         6008    i.visca_is_inq_result  visca.o
    0x0800839c   0x00000034   Code   RO         6009    i.visca_is_network_change  visca.o
    0x080083d0   0x00000020   Code   RO         6010    i.visca_is_no_response  visca.o
    0x080083f0   0x0000008c   Code   RO         6011    i.visca_is_reply    visca.o
    0x0800847c   0x00000118   Code   RO         6807    i.visca_parse_message  visca_p.o
    0x08008594   0x00000054   Code   RO         6012    i.visca_print       visca.o
    0x080085e8   0x00000040   Code   RO         6808    i.visca_print_message  visca_p.o
    0x08008628   0x00000060   Code   RO         6013    i.visca_print_packet  visca.o
    0x08008688   0x00000074   Code   RO         6014    i.visca_print_response  visca.o
    0x080086fc   0x00000020   Code   RO         6809    i.visca_process     visca_p.o
    0x0800871c   0x00000058   Code   RO         6810    i.visca_pull_message  visca_p.o
    0x08008774   0x00000038   Code   RO         6015    i.visca_send_packet  visca.o
    0x080087ac   0x00000030   Code   RO         6016    i.visca_send_packet_without_print  visca.o
    0x080087dc   0x00000124   Code   RO         6018    i.visca_set_address  visca.o
    0x08008900   0x000000f4   Code   RO         6020    i.visca_set_advance_blc  visca.o
    0x080089f4   0x0000010c   Code   RO         6021    i.visca_set_advance_defog_mode  visca.o
    0x08008b00   0x000000dc   Code   RO         6022    i.visca_set_advance_expcomp  visca.o
    0x08008bdc   0x000000f8   Code   RO         6023    i.visca_set_advance_expcomp_value  visca.o
    0x08008cd4   0x00000100   Code   RO         6025    i.visca_set_advance_nr_level  visca.o
    0x08008dd4   0x000000f8   Code   RO         6029    i.visca_set_digital_zoom  visca.o
    0x08008ecc   0x000000dc   Code   RO         6031    i.visca_set_exposure_ae_mode  visca.o
    0x08008fa8   0x00000148   Code   RO         6032    i.visca_set_exposure_gain  visca.o
    0x080090f0   0x00000148   Code   RO         6033    i.visca_set_exposure_iris  visca.o
    0x08009238   0x00000150   Code   RO         6034    i.visca_set_exposure_shutter  visca.o
    0x08009388   0x00000100   Code   RO         6035    i.visca_set_exposure_slow_ae  visca.o
    0x08009488   0x00000108   Code   RO         6036    i.visca_set_exposure_slow_shutter  visca.o
    0x08009590   0x000000f8   Code   RO         6037    i.visca_set_focus_af_sens  visca.o
    0x08009688   0x0000015c   Code   RO         6039    i.visca_set_focus_far_speed  visca.o
    0x080097e4   0x000000f4   Code   RO         6040    i.visca_set_focus_light  visca.o
    0x080098d8   0x000000f0   Code   RO         6041    i.visca_set_focus_mode  visca.o
    0x080099c8   0x00000110   Code   RO         6043    i.visca_set_focus_near_limit  visca.o
    0x08009ad8   0x00000168   Code   RO         6044    i.visca_set_focus_near_speed  visca.o
    0x08009c40   0x00000148   Code   RO         6046    i.visca_set_focus_stop  visca.o
    0x08009d88   0x00000104   Code   RO         6047    i.visca_set_image_aperture  visca.o
    0x08009e8c   0x000000f8   Code   RO         6048    i.visca_set_image_chroma_suppress  visca.o
    0x08009f84   0x000000f4   Code   RO         6049    i.visca_set_image_color_gain  visca.o
    0x0800a078   0x000000f4   Code   RO         6050    i.visca_set_image_color_hue  visca.o
    0x0800a16c   0x000000f0   Code   RO         6051    i.visca_set_image_flip  visca.o
    0x0800a25c   0x000000f8   Code   RO         6052    i.visca_set_image_freeze  visca.o
    0x0800a354   0x00000160   Code   RO         6053    i.visca_set_image_gamma  visca.o
    0x0800a4b4   0x000000f8   Code   RO         6054    i.visca_set_image_mirror  visca.o
    0x0800a5ac   0x000000f8   Code   RO         6055    i.visca_set_image_pic_effect  visca.o
    0x0800a6a4   0x000000e8   Code   RO         6057    i.visca_set_power   visca.o
    0x0800a78c   0x0000011c   Code   RO         6058    i.visca_set_privacy_display  visca.o
    0x0800a8a8   0x00000194   Code   RO         6060    i.visca_set_privacy_non_interlock_mask  visca.o
    0x0800aa3c   0x00000160   Code   RO         6061    i.visca_set_register  visca.o
    0x0800ab9c   0x0000002c   Code   RO         6062    i.visca_set_reply_msg  visca.o
    0x0800abc8   0x0000000c   Code   RO         6064    i.visca_set_state   visca.o
    0x0800abd4   0x0000021c   Code   RO         6065    i.visca_set_title   visca.o
    0x0800adf0   0x00000154   Code   RO         6066    i.visca_set_title_clear  visca.o
    0x0800af44   0x00000114   Code   RO         6067    i.visca_set_title_display  visca.o
    0x0800b058   0x0000015c   Code   RO         6068    i.visca_set_title_param  visca.o
    0x0800b1b4   0x00000114   Code   RO         6069    i.visca_set_wb_blue_gain  visca.o
    0x0800b2c8   0x000000ec   Code   RO         6070    i.visca_set_wb_mode  visca.o
    0x0800b3b4   0x00000110   Code   RO         6072    i.visca_set_wb_red_gain  visca.o
    0x0800b4c4   0x00000006   Code   RO         6074    i.visca_set_zoom_osd  visca.o
    0x0800b4ca   0x00000002   PAD
    0x0800b4cc   0x000000f8   Code   RO         6075    i.visca_set_zoom_stop  visca.o
    0x0800b5c4   0x00000104   Code   RO         6077    i.visca_set_zoom_tele_speed  visca.o
    0x0800b6c8   0x0000016c   Code   RO         6078    i.visca_set_zoom_value  visca.o
    0x0800b834   0x00000110   Code   RO         6080    i.visca_set_zoom_wide_speed  visca.o
    0x0800b944   0x000000cc   Data   RO           28    .constdata          main.o
    0x0800ba10   0x00000015   Data   RO         3407    .constdata          myiic.o
    0x0800ba25   0x00000003   PAD
    0x0800ba28   0x00001348   Data   RO         3988    .constdata          sonylens.o
    0x0800cd70   0x00000152   Data   RO         6084    .constdata          visca.o
    0x0800cec2   0x00000010   Data   RO         6812    .constdata          visca_p.o
    0x0800ced2   0x0000000d   Data   RO         6867    .constdata          pelco_d.o
    0x0800cedf   0x0000001e   Data   RO         7194    .constdata          key.o
    0x0800cefd   0x00000025   Data   RO         7306    .constdata          lt8618sx.o
    0x0800cf22   0x0000007d   Data   RO         7389    .constdata          exti.o
    0x0800cf9f   0x00000028   Data   RO         7549    .constdata          c_w.l(_printf_hex_int.o)
    0x0800cfc7   0x00000011   Data   RO         7584    .constdata          c_w.l(__printf_flags_ss_wp.o)
    0x0800cfd8   0x00000841   Data   RO         3989    .conststring        sonylens.o
    0x0800d819   0x00000003   PAD
    0x0800d81c   0x00000036   Data   RO         7195    .conststring        key.o
    0x0800d852   0x00000002   PAD
    0x0800d854   0x00000020   Data   RO         7823    Region$$Table       anon$$obj.o


    Execution Region RW_IRAM1 (Base: 0x20000000, Size: 0x000015c0, Max: 0x00005000, ABSOLUTE, COMPRESSED[0x00000368])

    Base Addr    Size         Type   Attr      Idx    E Section Name        Object

    0x20000000   0x00000014   Data   RW          230    .data               system_stm32f10x.o
    0x20000014   0x00000014   Data   RW         1890    .data               stm32f10x_rcc.o
    0x20000028   0x0000000c   Data   RW         3281    .data               delay.o
    0x20000034   0x00000006   Data   RW         3362    .data               usart.o
    0x2000003a   0x00000002   PAD
    0x2000003c   0x00000005   Data   RW         3467    .data               at24cxx.o
    0x20000041   0x00000001   Data   RW         3527    .data               sony_ui.o
    0x20000042   0x00000002   PAD
    0x20000044   0x000004e4   Data   RW         3990    .data               sonylens.o
    0x20000528   0x00000028   Data   RW         6085    .data               visca.o
    0x20000550   0x00000024   Data   RW         6945    .data               uart2.o
    0x20000574   0x00000018   Data   RW         7035    .data               uart3.o
    0x2000058c   0x00000006   Data   RW         7128    .data               my_string.o
    0x20000592   0x00000002   PAD
    0x20000594   0x00000271   Data   RW         7196    .data               key.o
    0x20000805   0x00000003   PAD
    0x20000808   0x00000021   Data   RW         7307    .data               lt8618sx.o
    0x20000829   0x00000003   PAD
    0x2000082c   0x00000009   Data   RW         7498    .data               remote.o
    0x20000835   0x00000003   PAD
    0x20000838   0x000000c8   Zero   RW         3361    .bss                usart.o
    0x20000900   0x0000010a   Zero   RW         3526    .bss                sony_ui.o
    0x20000a0a   0x00000002   PAD
    0x20000a0c   0x00000284   Zero   RW         3987    .bss                sonylens.o
    0x20000c90   0x00000020   Zero   RW         6083    .bss                visca.o
    0x20000cb0   0x00000150   Zero   RW         6811    .bss                visca_p.o
    0x20000e00   0x000000f8   Zero   RW         6866    .bss                pelco_d.o
    0x20000ef8   0x00000065   Zero   RW         7034    .bss                uart3.o
    0x20000f5d   0x00000003   PAD
    0x20000f60   0x00000060   Zero   RW         7692    .bss                c_w.l(libspace.o)
    0x20000fc0   0x00000200   Zero   RW            2    HEAP                startup_stm32f10x_md.o
    0x200011c0   0x00000400   Zero   RW            1    STACK               startup_stm32f10x_md.o


==============================================================================

Image component sizes


      Code (inc. data)   RO Data    RW Data    ZI Data      Debug   Object Name

       374         26          0          5          0       3403   at24cxx.o
         0          0          0          0          0       4504   core_cm3.o
       460         62          0         12          0      19890   delay.o
       544        120        125          0          0       3475   exti.o
      1536        262         84        625          0       9080   key.o
      1542        274         37         33          0       5441   lt8618sx.o
       292         14        204          0          0     269310   main.o
       172         22          0          0          0       1889   misc.o
       128          4          0          6          0       1713   my_string.o
       728        122         21          0          0       4384   myiic.o
      1878        780         13          0        248       7318   pelco_d.o
       768         74          0          9          0       2142   remote.o
       576         46          0          1        266       5928   sony_ui.o
     15170       4394       7049       1252        644     174884   sonylens.o
        64         26        236          0       1536        796   startup_stm32f10x_md.o
        52         12          0          0          0       1036   stm32f10x_exti.o
       448          6          0          0          0       4218   stm32f10x_gpio.o
        32          0          0          0          0       3522   stm32f10x_it.o
       276         32          0         20          0       4230   stm32f10x_rcc.o
      1118        150          0          0          0      10278   stm32f10x_tim.o
       494          6          0          0          0       6873   stm32f10x_usart.o
        12          0          0          0          0        413   sys.o
       328         28          0         20          0       1957   system_stm32f10x.o
       422         40          0         36          0       4170   uart2.o
       448         42          0         24        101       3593   uart3.o
       330         26          0          6        200       3880   usart.o
     16414       3726        338         40         32      55924   visca.o
       720        156         16          0        336       4544   visca_p.o

    ----------------------------------------------------------------------
     45390      10450       8163       2104       3368     618795   Object Totals
         0          0         32          0          0          0   (incl. Generated)
        64          0          8         15          5          0   (incl. Padding)

    ----------------------------------------------------------------------

      Code (inc. data)   RO Data    RW Data    ZI Data      Debug   Library Member Name

       100          0          0          0          0          0   __dclz77c.o
         8          0          0          0          0         68   __main.o
       392          4         17          0          0         92   __printf_flags_ss_wp.o
        14          0          0          0          0         68   __printf_wp.o
         0          0          0          0          0          0   __rtentry.o
        12          0          0          0          0          0   __rtentry2.o
         6          0          0          0          0          0   __rtentry4.o
        52          8          0          0          0          0   __scatter.o
        28          0          0          0          0          0   __scatter_zi.o
         6          0          0          0          0          0   _printf_c.o
        44          0          0          0          0        108   _printf_char.o
        48          6          0          0          0         96   _printf_char_common.o
        36          4          0          0          0         80   _printf_char_file.o
         6          0          0          0          0          0   _printf_d.o
       120         16          0          0          0         92   _printf_dec.o
        88          4         40          0          0         88   _printf_hex_int.o
       178          0          0          0          0         88   _printf_intcommon.o
        78          0          0          0          0        108   _printf_pad.o
         0          0          0          0          0          0   _printf_percent.o
         4          0          0          0          0          0   _printf_percent_end.o
         6          0          0          0          0          0   _printf_s.o
        82          0          0          0          0         80   _printf_str.o
         6          0          0          0          0          0   _printf_x.o
        16          0          0          0          0         68   aeabi_memset.o
        12          0          0          0          0         72   exit.o
         8          0          0          0          0         68   ferror.o
         6          0          0          0          0        152   heapauxi.o
         2          0          0          0          0          0   libinit.o
         2          0          0          0          0          0   libinit2.o
         2          0          0          0          0          0   libshutdown.o
         2          0          0          0          0          0   libshutdown2.o
         8          4          0          0         96         68   libspace.o
        24          4          0          0          0         84   noretval__2printf.o
        68          0          0          0          0         68   rt_memclr.o
        78          0          0          0          0         80   rt_memclr_w.o
       100          0          0          0          0         80   rt_memcpy_w.o
         2          0          0          0          0          0   rtexit.o
        10          0          0          0          0          0   rtexit2.o
        62          0          0          0          0         76   strlen.o
        74          0          0          0          0         80   sys_stackheap_outer.o
         2          0          0          0          0         68   use_no_semi.o
         2          0          0          0          0         68   use_no_semi_2.o

    ----------------------------------------------------------------------
      1802         50         57          0         96       2000   Library Totals
         8          0          0          0          0          0   (incl. Padding)

    ----------------------------------------------------------------------

      Code (inc. data)   RO Data    RW Data    ZI Data      Debug   Library Name

      1794         50         57          0         96       2000   c_w.l

    ----------------------------------------------------------------------
      1802         50         57          0         96       2000   Library Totals

    ----------------------------------------------------------------------

==============================================================================


      Code (inc. data)   RO Data    RW Data    ZI Data      Debug   

     47192      10500       8220       2104       3464     591359   Grand Totals
     47192      10500       8220        872       3464     591359   ELF Image Totals (compressed)
     47192      10500       8220        872          0          0   ROM Totals

==============================================================================

    Total RO  Size (Code + RO Data)                55412 (  54.11kB)
    Total RW  Size (RW Data + ZI Data)              5568 (   5.44kB)
    Total ROM Size (Code + RO Data + RW Data)      56284 (  54.96kB)

==============================================================================

