Component: ARM Compiler 5.05 update 1 (build 106) Tool: armlink [4d0efa]

==============================================================================

Section Cross References

    startup_stm32f10x_md.o(STACK) refers (Special) to heapauxi.o(.text) for __use_two_region_memory
    startup_stm32f10x_md.o(HEAP) refers (Special) to heapauxi.o(.text) for __use_two_region_memory
    startup_stm32f10x_md.o(RESET) refers (Special) to heapauxi.o(.text) for __use_two_region_memory
    startup_stm32f10x_md.o(RESET) refers to startup_stm32f10x_md.o(STACK) for __initial_sp
    startup_stm32f10x_md.o(RESET) refers to startup_stm32f10x_md.o(.text) for Reset_Handler
    startup_stm32f10x_md.o(RESET) refers to stm32f10x_it.o(i.NMI_Handler) for NMI_Handler
    startup_stm32f10x_md.o(RESET) refers to stm32f10x_it.o(i.HardFault_Handler) for HardFault_Handler
    startup_stm32f10x_md.o(RESET) refers to stm32f10x_it.o(i.MemManage_Handler) for MemManage_Handler
    startup_stm32f10x_md.o(RESET) refers to stm32f10x_it.o(i.BusFault_Handler) for BusFault_Handler
    startup_stm32f10x_md.o(RESET) refers to stm32f10x_it.o(i.UsageFault_Handler) for UsageFault_Handler
    startup_stm32f10x_md.o(RESET) refers to stm32f10x_it.o(i.SVC_Handler) for SVC_Handler
    startup_stm32f10x_md.o(RESET) refers to stm32f10x_it.o(i.DebugMon_Handler) for DebugMon_Handler
    startup_stm32f10x_md.o(RESET) refers to stm32f10x_it.o(i.PendSV_Handler) for PendSV_Handler
    startup_stm32f10x_md.o(RESET) refers to stm32f10x_it.o(i.SysTick_Handler) for SysTick_Handler
    startup_stm32f10x_md.o(RESET) refers to exti.o(i.EXTI0_IRQHandler) for EXTI0_IRQHandler
    startup_stm32f10x_md.o(RESET) refers to exti.o(i.EXTI1_IRQHandler) for EXTI1_IRQHandler
    startup_stm32f10x_md.o(RESET) refers to exti.o(i.EXTI2_IRQHandler) for EXTI2_IRQHandler
    startup_stm32f10x_md.o(RESET) refers to exti.o(i.EXTI3_IRQHandler) for EXTI3_IRQHandler
    startup_stm32f10x_md.o(RESET) refers to exti.o(i.EXTI4_IRQHandler) for EXTI4_IRQHandler
    startup_stm32f10x_md.o(RESET) refers to exti.o(i.EXTI9_5_IRQHandler) for EXTI9_5_IRQHandler
    startup_stm32f10x_md.o(RESET) refers to usart.o(i.USART1_IRQHandler) for USART1_IRQHandler
    startup_stm32f10x_md.o(RESET) refers to uart2.o(i.USART2_IRQHandler) for USART2_IRQHandler
    startup_stm32f10x_md.o(RESET) refers to uart3.o(i.USART3_IRQHandler) for USART3_IRQHandler
    startup_stm32f10x_md.o(RESET) refers to exti.o(i.EXTI15_10_IRQHandler) for EXTI15_10_IRQHandler
    startup_stm32f10x_md.o(.text) refers (Special) to heapauxi.o(.text) for __use_two_region_memory
    startup_stm32f10x_md.o(.text) refers to system_stm32f10x.o(i.SystemInit) for SystemInit
    startup_stm32f10x_md.o(.text) refers to __main.o(!!!main) for __main
    startup_stm32f10x_md.o(.text) refers to startup_stm32f10x_md.o(HEAP) for Heap_Mem
    startup_stm32f10x_md.o(.text) refers to startup_stm32f10x_md.o(STACK) for Stack_Mem
    main.o(i.checkIdCode) refers to main.o(.data) for Lock_Code
    main.o(i.main) refers to _printf_percent.o(.ARM.Collect$$_printf_percent$$00000000) for _printf_percent
    main.o(i.main) refers to _printf_c.o(.ARM.Collect$$_printf_percent$$00000013) for _printf_c
    main.o(i.main) refers to _printf_str.o(.text) for _printf_str
    main.o(i.main) refers to delay.o(i.delay_init) for delay_init
    main.o(i.main) refers to sys.o(i.NVIC_Configuration) for NVIC_Configuration
    main.o(i.main) refers to usart.o(i.uart_init) for uart_init
    main.o(i.main) refers to myiic.o(i.IIC_Init) for IIC_Init
    main.o(i.main) refers to at24cxx.o(i.AT24CXX_Init) for AT24CXX_Init
    main.o(i.main) refers to key.o(i.KEY_Init) for KEY_Init
    main.o(i.main) refers to key.o(i.LED_Init) for LED_Init
    main.o(i.main) refers to noretval__2printf.o(.text) for __2printf
    main.o(i.main) refers to delay.o(i.delay_ms) for delay_ms
    main.o(i.main) refers to uart2.o(i.UART2_Configuration) for UART2_Configuration
    main.o(i.main) refers to uart3.o(i.UART3_Configuration) for UART3_Configuration
    main.o(i.main) refers to sonylens.o(i.sonylens_init) for sonylens_init
    main.o(i.main) refers to sonylens.o(i.sonylens_task) for sonylens_task
    main.o(i.main) refers to main.o(.constdata) for version_msg
    main.o(i.uart2_callback) refers to _printf_pad.o(.text) for _printf_pre_padding
    main.o(i.uart2_callback) refers to _printf_percent.o(.ARM.Collect$$_printf_percent$$00000000) for _printf_percent
    main.o(i.uart2_callback) refers to _printf_x.o(.ARM.Collect$$_printf_percent$$0000000C) for _printf_x
    main.o(i.uart2_callback) refers to _printf_hex_int.o(.text) for _printf_longlong_hex
    main.o(i.uart2_callback) refers to noretval__2printf.o(.text) for __2printf
    main.o(i.uart2_callback) refers to main.o(.data) for uart2_buf_index
    main.o(i.uart2_callback) refers to main.o(.bss) for uart2_input_buf
    stm32f10x_it.o(i.SysTick_Handler) refers to delay.o(i.SysTick_HandlerService) for SysTick_HandlerService
[...]
    sonylens_set_zoom_wide                   0x08005ac9   Thumb Code    38  sonylens.o(i.sonylens_set_zoom_wide)
    sonylens_splash_clear                    0x08005b11   Thumb Code    44  sonylens.o(i.sonylens_splash_clear)
    sonylens_splash_display                  0x08005b45   Thumb Code   106  sonylens.o(i.sonylens_splash_display)
    sonylens_splash_get_address              0x08005bd5   Thumb Code     8  sonylens.o(i.sonylens_splash_get_address)
    sonylens_splash_get_baudrate             0x08005bdd   Thumb Code     8  sonylens.o(i.sonylens_splash_get_baudrate)
    sonylens_splash_get_format               0x08005be5   Thumb Code     8  sonylens.o(i.sonylens_splash_get_format)
    sonylens_splash_get_protocol             0x08005bed   Thumb Code     8  sonylens.o(i.sonylens_splash_get_protocol)
    sonylens_splash_get_version              0x08005bf5   Thumb Code     4  sonylens.o(i.sonylens_splash_get_version)
    sonylens_task                            0x08005bfd   Thumb Code  1396  sonylens.o(i.sonylens_task)
    sonylens_tips_clear                      0x08006175   Thumb Code    30  sonylens.o(i.sonylens_tips_clear)
    sonylens_tips_display                    0x08006199   Thumb Code    56  sonylens.o(i.sonylens_tips_display)
    sonylens_tips_display_process            0x080061e1   Thumb Code    44  sonylens.o(i.sonylens_tips_display_process)
    sonylens_wait_ready                      0x0800621d   Thumb Code    30  sonylens.o(i.sonylens_wait_ready)
    sonylens_wb_blue_gain_get                0x08006245   Thumb Code     6  sonylens.o(i.sonylens_wb_blue_gain_get)
    sonylens_wb_blue_gain_get_count          0x08006251   Thumb Code     6  sonylens.o(i.sonylens_wb_blue_gain_get_count)
    sonylens_wb_blue_gain_right              0x08006259   Thumb Code    12  sonylens.o(i.sonylens_wb_blue_gain_right)
    sonylens_wb_blue_gain_set                0x08006269   Thumb Code    32  sonylens.o(i.sonylens_wb_blue_gain_set)
    sonylens_wb_init                         0x08006291   Thumb Code    36  sonylens.o(i.sonylens_wb_init)
    sonylens_wb_menu_back_action             0x080062b9   Thumb Code    26  sonylens.o(i.sonylens_wb_menu_back_action)
    sonylens_wb_menu_init                    0x080062dd   Thumb Code    86  sonylens.o(i.sonylens_wb_menu_init)
    sonylens_wb_mode_get                     0x08006339   Thumb Code     6  sonylens.o(i.sonylens_wb_mode_get)
    sonylens_wb_mode_get_count               0x08006345   Thumb Code     4  sonylens.o(i.sonylens_wb_mode_get_count)
    sonylens_wb_mode_right                   0x08006349   Thumb Code    12  sonylens.o(i.sonylens_wb_mode_right)
    sonylens_wb_mode_set                     0x0800635d   Thumb Code    72  sonylens.o(i.sonylens_wb_mode_set)
    sonylens_wb_one_push_action              0x080063b1   Thumb Code    10  sonylens.o(i.sonylens_wb_one_push_action)
    sonylens_wb_red_gain_get                 0x080063bd   Thumb Code     6  sonylens.o(i.sonylens_wb_red_gain_get)
    sonylens_wb_red_gain_get_count           0x080063c9   Thumb Code     6  sonylens.o(i.sonylens_wb_red_gain_get_count)
    sonylens_wb_red_gain_right               0x080063d1   Thumb Code    12  sonylens.o(i.sonylens_wb_red_gain_right)
    sonylens_wb_red_gain_set                 0x080063e1   Thumb Code    32  sonylens.o(i.sonylens_wb_red_gain_set)
    sonylens_write_config_params             0x08006409   Thumb Code    42  sonylens.o(i.sonylens_write_config_params)
    sonylens_zoom_display_get                0x08006491   Thumb Code     6  sonylens.o(i.sonylens_zoom_display_get)
    sonylens_zoom_display_get_count          0x0800649d   Thumb Code     4  sonylens.o(i.sonylens_zoom_display_get_count)
    sonylens_zoom_display_right              0x080064a1   Thumb Code    12  sonylens.o(i.sonylens_zoom_display_right)
    sonylens_zoom_display_set                0x080064b5   Thumb Code     6  sonylens.o(i.sonylens_zoom_display_set)
    sonylens_zoom_init                       0x080064c1   Thumb Code    20  sonylens.o(i.sonylens_zoom_init)
    sonylens_zoom_menu_back_action           0x080064d9   Thumb Code    26  sonylens.o(i.sonylens_zoom_menu_back_action)
    sonylens_zoom_menu_init                  0x080064fd   Thumb Code     6  sonylens.o(i.sonylens_zoom_menu_init)
    sonylens_zoom_process                    0x08006509   Thumb Code   156  sonylens.o(i.sonylens_zoom_process)
    sonylens_zoom_ratio_clear                0x080065c9   Thumb Code    30  sonylens.o(i.sonylens_zoom_ratio_clear)
    sonylens_zoom_ratio_display              0x080065ed   Thumb Code    40  sonylens.o(i.sonylens_zoom_ratio_display)
    sonylens_zoom_speed_get                  0x0800661d   Thumb Code     6  sonylens.o(i.sonylens_zoom_speed_get)
    sonylens_zoom_speed_get_count            0x08006629   Thumb Code     4  sonylens.o(i.sonylens_zoom_speed_get_count)
    sonylens_zoom_speed_right                0x0800662d   Thumb Code    12  sonylens.o(i.sonylens_zoom_speed_right)
    sonylens_zoom_speed_set                  0x08006641   Thumb Code     6  sonylens.o(i.sonylens_zoom_speed_set)
    system_reset                             0x0800664d   Thumb Code     8  key.o(i.system_reset)
    uart2_comm_write                         0x08006659   Thumb Code    32  uart2.o(i.uart2_comm_write)
    uart2_fputc                              0x08006679   Thumb Code    32  uart2.o(i.uart2_fputc)
    uart2_set_input_byte_callback            0x0800669d   Thumb Code     6  uart2.o(i.uart2_set_input_byte_callback)
    uart3_set_rx_callback                    0x080066a9   Thumb Code     6  uart3.o(i.uart3_set_rx_callback)
    uart_init                                0x080066b5   Thumb Code   152  usart.o(i.uart_init)
    video_enable                             0x08006755   Thumb Code    32  key.o(i.video_enable)
    visca_append_byte                        0x0800679d   Thumb Code    12  visca.o(i.visca_append_byte)
    visca_fill_message                       0x080067a9   Thumb Code   128  visca_p.o(i.visca_fill_message)
    visca_get_focus_mode                     0x08006849   Thumb Code   180  visca.o(i.visca_get_focus_mode)
    visca_get_power                          0x08006939   Thumb Code   182  visca.o(i.visca_get_power)
    visca_get_privacy_display                0x08006a1d   Thumb Code   202  visca.o(i.visca_get_privacy_display)
    visca_get_register                       0x08006b29   Thumb Code   266  visca.o(i.visca_get_register)
    visca_get_version                        0x08006c89   Thumb Code   222  visca.o(i.visca_get_version)
    visca_get_zoom_value                     0x08006d99   Thumb Code   214  visca.o(i.visca_get_zoom_value)
    visca_if_clear                           0x08006eb1   Thumb Code   218  visca.o(i.visca_if_clear)
    visca_init                               0x08006fe9   Thumb Code    10  visca.o(i.visca_init)
    visca_init_broadcast_packet              0x08006ff9   Thumb Code    10  visca.o(i.visca_init_broadcast_packet)
    visca_init_packet                        0x08007003   Thumb Code    14  visca.o(i.visca_init_packet)
    visca_input_byte                         0x08007011   Thumb Code    18  visca.o(i.visca_input_byte)
    visca_is_ack_completion                  0x0800702d   Thumb Code    48  visca.o(i.visca_is_ack_completion)
    visca_is_command_not_executable          0x08007061   Thumb Code    48  visca.o(i.visca_is_command_not_executable)
    visca_is_inq_result                      0x08007095   Thumb Code    48  visca.o(i.visca_is_inq_result)
    visca_is_network_change                  0x080070c9   Thumb Code    48  visca.o(i.visca_is_network_change)
    visca_is_no_response                     0x080070fd   Thumb Code    26  visca.o(i.visca_is_no_response)
    visca_is_reply                           0x0800711d   Thumb Code   122  visca.o(i.visca_is_reply)
    visca_parse_message                      0x080071a9   Thumb Code   232  visca_p.o(i.visca_parse_message)
    visca_print                              0x080072c1   Thumb Code    46  visca.o(i.visca_print)
    visca_print_message                      0x08007315   Thumb Code    38  visca_p.o(i.visca_print_message)
    visca_print_packet                       0x08007355   Thumb Code    46  visca.o(i.visca_print_packet)
    visca_print_response                     0x080073b5   Thumb Code    52  visca.o(i.visca_print_response)
    visca_process                            0x08007429   Thumb Code    32  visca_p.o(i.visca_process)
    visca_pull_message                       0x08007449   Thumb Code    82  visca_p.o(i.visca_pull_message)
    visca_send_packet                        0x080074a1   Thumb Code    42  visca.o(i.visca_send_packet)
    visca_send_packet_without_print          0x080074d9   Thumb Code    36  visca.o(i.visca_send_packet_without_print)
    visca_set_address                        0x08007509   Thumb Code   192  visca.o(i.visca_set_address)
    visca_set_advance_blc                    0x0800762d   Thumb Code   188  visca.o(i.visca_set_advance_blc)
    visca_set_advance_defog_mode             0x08007721   Thumb Code   198  visca.o(i.visca_set_advance_defog_mode)
    visca_set_advance_expcomp                0x0800782d   Thumb Code   188  visca.o(i.visca_set_advance_expcomp)
    visca_set_advance_expcomp_value          0x08007929   Thumb Code   216  visca.o(i.visca_set_advance_expcomp_value)
    visca_set_advance_nr_level               0x08007a41   Thumb Code   188  visca.o(i.visca_set_advance_nr_level)
    visca_set_digital_zoom                   0x08007b41   Thumb Code   188  visca.o(i.visca_set_digital_zoom)
    visca_set_exposure_ae_mode               0x08007c39   Thumb Code   188  visca.o(i.visca_set_exposure_ae_mode)
    visca_set_exposure_gain                  0x08007d39   Thumb Code   268  visca.o(i.visca_set_exposure_gain)
    visca_set_exposure_iris                  0x08007e81   Thumb Code   268  visca.o(i.visca_set_exposure_iris)
    visca_set_exposure_shutter               0x08007fc9   Thumb Code   268  visca.o(i.visca_set_exposure_shutter)
    visca_set_exposure_slow_ae               0x08008119   Thumb Code   188  visca.o(i.visca_set_exposure_slow_ae)
    visca_set_exposure_slow_shutter          0x08008219   Thumb Code   188  visca.o(i.visca_set_exposure_slow_shutter)
    visca_set_focus_af_sens                  0x08008321   Thumb Code   188  visca.o(i.visca_set_focus_af_sens)
    visca_set_focus_far_speed                0x08008419   Thumb Code   252  visca.o(i.visca_set_focus_far_speed)
    visca_set_focus_light                    0x08008575   Thumb Code   188  visca.o(i.visca_set_focus_light)
    visca_set_focus_mode                     0x08008669   Thumb Code   188  visca.o(i.visca_set_focus_mode)
    visca_set_focus_near_limit               0x08008759   Thumb Code   220  visca.o(i.visca_set_focus_near_limit)
    visca_set_focus_near_speed               0x08008869   Thumb Code   252  visca.o(i.visca_set_focus_near_speed)
    visca_set_focus_stop                     0x080089d1   Thumb Code   244  visca.o(i.visca_set_focus_stop)
    visca_set_image_aperture                 0x08008b19   Thumb Code   228  visca.o(i.visca_set_image_aperture)
    visca_set_image_chroma_suppress          0x08008c39   Thumb Code   188  visca.o(i.visca_set_image_chroma_suppress)
    visca_set_image_color_gain               0x08008d31   Thumb Code   212  visca.o(i.visca_set_image_color_gain)
    visca_set_image_color_hue                0x08008e49   Thumb Code   212  visca.o(i.visca_set_image_color_hue)
    visca_set_image_flip                     0x08008f5d   Thumb Code   188  visca.o(i.visca_set_image_flip)
    visca_set_image_freeze                   0x0800904d   Thumb Code   188  visca.o(i.visca_set_image_freeze)
    visca_set_image_gamma                    0x08009145   Thumb Code   294  visca.o(i.visca_set_image_gamma)
    visca_set_image_mirror                   0x080092a5   Thumb Code   188  visca.o(i.visca_set_image_mirror)
    visca_set_image_pic_effect               0x0800939d   Thumb Code   188  visca.o(i.visca_set_image_pic_effect)
    visca_set_power                          0x08009495   Thumb Code   188  visca.o(i.visca_set_power)
    visca_set_privacy_display                0x0800957d   Thumb Code   220  visca.o(i.visca_set_privacy_display)
    visca_set_privacy_non_interlock_mask     0x08009699   Thumb Code   336  visca.o(i.visca_set_privacy_non_interlock_mask)
    visca_set_register                       0x0800982d   Thumb Code   266  visca.o(i.visca_set_register)
    visca_set_reply_msg                      0x0800998d   Thumb Code    28  visca.o(i.visca_set_reply_msg)
    visca_set_state                          0x080099b9   Thumb Code     6  visca.o(i.visca_set_state)
    visca_set_title                          0x080099c5   Thumb Code   418  visca.o(i.visca_set_title)
    visca_set_title_clear                    0x08009be1   Thumb Code   252  visca.o(i.visca_set_title_clear)
    visca_set_title_display                  0x08009d35   Thumb Code   214  visca.o(i.visca_set_title_display)
    visca_set_title_param                    0x08009e49   Thumb Code   290  visca.o(i.visca_set_title_param)
    visca_set_wb_blue_gain                   0x08009fa5   Thumb Code   216  visca.o(i.visca_set_wb_blue_gain)
    visca_set_wb_mode                        0x0800a0b9   Thumb Code   188  visca.o(i.visca_set_wb_mode)
    visca_set_wb_red_gain                    0x0800a1a5   Thumb Code   216  visca.o(i.visca_set_wb_red_gain)
    visca_set_zoom_osd                       0x0800a2b5   Thumb Code     6  visca.o(i.visca_set_zoom_osd)
    visca_set_zoom_stop                      0x0800a2bd   Thumb Code   186  visca.o(i.visca_set_zoom_stop)
    visca_set_zoom_tele_speed                0x0800a3b5   Thumb Code   194  visca.o(i.visca_set_zoom_tele_speed)
    visca_set_zoom_value                     0x0800a4b9   Thumb Code   278  visca.o(i.visca_set_zoom_value)
    visca_set_zoom_wide_speed                0x0800a625   Thumb Code   196  visca.o(i.visca_set_zoom_wide_speed)
    version_msg                              0x0800a734   Data         200  main.o(.constdata)
    Lock_Code_Holder                         0x0800a7fc   Data           4  main.o(.constdata)
    focus_near_limit_range                   0x0800a828   Data           8  sonylens.o(.constdata)
    focus_near_limit_list                    0x0800a830   Data         120  sonylens.o(.constdata)
    monitor_mode_list                        0x0800a8a8   Data         120  sonylens.o(.constdata)
    zoom_ratio_range                         0x0800a920   Data           8  sonylens.o(.constdata)
    zoom_ratio_list                          0x0800a928   Data         160  sonylens.o(.constdata)
    version                                  0x0800a9c8   Data          32  sonylens.o(.constdata)
    default_config_params                    0x0800a9e8   Data         153  sonylens.o(.constdata)
    main_menu                                0x0800aa84   Data         340  sonylens.o(.constdata)
    zoom_menu                                0x0800abd8   Data         340  sonylens.o(.constdata)
    focus_menu                               0x0800ad2c   Data         340  sonylens.o(.constdata)
    exposure_menu                            0x0800ae80   Data         340  sonylens.o(.constdata)
    wb_menu                                  0x0800afd4   Data         340  sonylens.o(.constdata)
    advance_menu                             0x0800b128   Data         340  sonylens.o(.constdata)
    image_menu                               0x0800b27c   Data         340  sonylens.o(.constdata)
    general_menu                             0x0800b3d0   Data         340  sonylens.o(.constdata)
    exit_menu                                0x0800b524   Data         340  sonylens.o(.constdata)
    privacy_set_menu                         0x0800b678   Data         340  sonylens.o(.constdata)
    camera_id_menu                           0x0800b7cc   Data         340  sonylens.o(.constdata)
    preset_conf_menu                         0x0800b920   Data         340  sonylens.o(.constdata)
    Region$$Table$$Base                      0x0800c458   Number         0  anon$$obj.o(Region$$Table)
    Region$$Table$$Limit                     0x0800c478   Number         0  anon$$obj.o(Region$$Table)
    SystemCoreClock                          0x20000000   Data           4  system_stm32f10x.o(.data)
    AHBPrescTable                            0x20000004   Data          16  system_stm32f10x.o(.data)
    systick                                  0x2000002c   Data           8  delay.o(.data)
    __stdout                                 0x20000034   Data           4  usart.o(.data)
    USART_RX_STA                             0x20000038   Data           2  usart.o(.data)
    at24cxx_type                             0x2000003c   Data           4  at24cxx.o(.data)
    at24cxx_addr                             0x20000040   Data           1  at24cxx.o(.data)
    camera_id                                0x20000041   Data           1  sony_ui.o(.data)
    current_focus_near_limit                 0x20000054   Data           4  sonylens.o(.data)
    current_focus_near_limit_index           0x20000058   Data           4  sonylens.o(.data)
    sonylens_current_monitor_mode_index      0x2000005c   Data           4  sonylens.o(.data)
    title_line_on_time                       0x2000006c   Data           4  sonylens.o(.data)
    sonylens_power_on_time                   0x20000084   Data           4  sonylens.o(.data)
    sonylens_camera_id                       0x2000008f   Data           1  sonylens.o(.data)
    sonylens_task_t_sec                      0x20000094   Data           4  sonylens.o(.data)
    sonylens_power_state                     0x20000098   Data           1  sonylens.o(.data)
    model_code                               0x2000009c   Data           4  sonylens.o(.data)
    rom_version                              0x200000a0   Data           4  sonylens.o(.data)
    socket_num                               0x200000a4   Data           4  sonylens.o(.data)
    sonylens_current_zoom_ratio              0x200000a8   Data           4  sonylens.o(.data)
    sonylens_send_msg_time                   0x200000b0   Data           4  sonylens.o(.data)
    sonylens_task1_completion_time           0x200000b4   Data           4  sonylens.o(.data)
    mode_manager                             0x200000b8   Data           6  sonylens.o(.data)
    key_freeze                               0x200000be   Data           1  sonylens.o(.data)
    key_flip                                 0x200000bf   Data           1  sonylens.o(.data)
    key_exp_gain                             0x200000c0   Data           1  sonylens.o(.data)
    key_focus_mode                           0x200000c1   Data           1  sonylens.o(.data)
    splash                                   0x200000c4   Data          60  sonylens.o(.data)
    need_clear_menu                          0x20000100   Data           1  sonylens.o(.data)
    menu_display                             0x20000101   Data           1  sonylens.o(.data)
    wb_reg_gain                              0x20000108   Data           4  sonylens.o(.data)
    wb_blue_gain                             0x2000010c   Data           4  sonylens.o(.data)
    camera_power_on_sec                      0x20000110   Data           4  sonylens.o(.data)
    focus_flag                               0x20000114   Data           4  sonylens.o(.data)
    zoom_speed                               0x20000118   Data          32  sonylens.o(.data)
    dig_zoom                                 0x20000138   Data           8  sonylens.o(.data)
    osd                                      0x20000140   Data           8  sonylens.o(.data)
    zoom_display                             0x20000148   Data           8  sonylens.o(.data)
    focus_mode                               0x20000150   Data           8  sonylens.o(.data)
    focus_af_sens                            0x20000158   Data           8  sonylens.o(.data)
    focus_light                              0x20000160   Data           8  sonylens.o(.data)
    focus_near_limit                         0x20000168   Data          60  sonylens.o(.data)
    exposure_ae_mode                         0x200001a4   Data          12  sonylens.o(.data)
    exposure_shutter                         0x200001b0   Data          88  sonylens.o(.data)
    exposure_shutter2                        0x20000208   Data          88  sonylens.o(.data)
    exposure_iris                            0x20000260   Data          52  sonylens.o(.data)
    exposure_gain                            0x20000294   Data          60  sonylens.o(.data)
    exposure_slow_ae                         0x200002d0   Data         192  sonylens.o(.data)
    exposure_slow_shutter                    0x20000390   Data           8  sonylens.o(.data)
    wb_mode                                  0x20000398   Data          20  sonylens.o(.data)
    advance_blc                              0x200003ac   Data           8  sonylens.o(.data)
    advance_expcomp_on                       0x200003b4   Data           1  sonylens.o(.data)
    advance_expcomp                          0x200003b8   Data          60  sonylens.o(.data)
    advance_wdr                              0x200003f4   Data          12  sonylens.o(.data)
    advance_ircut                            0x20000400   Data          12  sonylens.o(.data)
    advance_nr_level                         0x2000040c   Data          24  sonylens.o(.data)
    advance_stabilizer                       0x20000424   Data           8  sonylens.o(.data)
    advance_defog_mode                       0x2000042c   Data          16  sonylens.o(.data)
    advance_alarm_out                        0x2000043c   Data          20  sonylens.o(.data)
    image_mirror                             0x20000450   Data           8  sonylens.o(.data)
    image_flip                               0x20000458   Data           8  sonylens.o(.data)
    image_freeze                             0x20000460   Data           8  sonylens.o(.data)
    image_pic_effect                         0x20000468   Data          12  sonylens.o(.data)
    general_format                           0x20000474   Data          40  sonylens.o(.data)
    general_lr_hand                          0x2000049c   Data           8  sonylens.o(.data)
    general_protocol                         0x200004a4   Data           8  sonylens.o(.data)
    general_baudrate                         0x200004ac   Data          20  sonylens.o(.data)
    general_aux                              0x200004c0   Data           8  sonylens.o(.data)
    default_value                            0x200004c8   Data           8  sonylens.o(.data)
    current_default_value                    0x200004d0   Data           4  sonylens.o(.data)
    privacy_zone                             0x200004d4   Data          16  sonylens.o(.data)
    privacy_display                          0x200004e4   Data           8  sonylens.o(.data)
    camera_id_display                        0x200004ec   Data           8  sonylens.o(.data)
    preset_exist                             0x200004f4   Data           8  sonylens.o(.data)
    zoom_ratio_read_time                     0x200004fc   Data           4  sonylens.o(.data)
    zoom_flag                                0x20000504   Data           4  sonylens.o(.data)
    current_zoom_ratio                       0x20000508   Data           4  sonylens.o(.data)
    current_zoom_index                       0x2000050c   Data           4  sonylens.o(.data)
    current_auto_mode                        0x20000510   Data           1  sonylens.o(.data)
    mode_tips                                0x20000514   Data           8  sonylens.o(.data)
    g_state                                  0x20000548   Data           1  visca.o(.data)
    g_result                                 0x20000549   Data           1  visca.o(.data)
    visca_start_time                         0x2000054c   Data           4  visca.o(.data)
    gps_rec_count                            0x20000570   Data           4  uart2.o(.data)
    sonylens_tx_buffer                       0x20000574   Data           2  uart3.o(.data)
    sonylens_rx_cnt                          0x20000578   Data           4  uart3.o(.data)
    sonylens_tx_cnt                          0x2000057c   Data           4  uart3.o(.data)
    sonylens_tx_length                       0x20000580   Data           4  uart3.o(.data)
    key_info_list                            0x20000594   Data         624  key.o(.data)
    USART_RX_BUF                             0x20000808   Data         200  usart.o(.bss)
    ui_desc                                  0x200008d0   Data         266  sony_ui.o(.bss)
    sonylens_reply_msg                       0x200009dc   Data         100  sonylens.o(.bss)
    config_params                            0x20000a50   Data         153  sonylens.o(.bss)
    current_version                          0x20000ae9   Data          32  sonylens.o(.bss)
    current_menu                             0x20000b0c   Data         340  sonylens.o(.bss)
    sonylens_rx_buffer                       0x20000ec8   Data         101  uart3.o(.bss)
    __libspace_start                         0x20000f30   Data          96  libspace.o(.bss)
    __temporary_stack_top$libspace           0x20000f90   Data           0  libspace.o(.bss)



==============================================================================

Memory Map of the image

  Image Entry point : 0x080000ed

  Load Region LR_IROM1 (Base: 0x08000000, Size: 0x0000cc80, Max: 0x00020000, ABSOLUTE, COMPRESSED[0x0000c7e4])

    Execution Region ER_IROM1 (Base: 0x08000000, Size: 0x0000c478, Max: 0x00020000, ABSOLUTE)

    Base Addr    Size         Type   Attr      Idx    E Section Name        Object

    0x08000000   0x000000ec   Data   RO            3    RESET               startup_stm32f10x_md.o
    0x080000ec   0x00000008   Code   RO         7449  * !!!main             c_w.l(__main.o)
    0x080000f4   0x00000034   Code   RO         7668    !!!scatter          c_w.l(__scatter.o)
    0x08000128   0x00000064   Code   RO         7666    !!dclz77c           c_w.l(__dclz77c.o)
    0x0800018c   0x0000001c   Code   RO         7670    !!handler_zi        c_w.l(__scatter_zi.o)
    0x080001a8   0x00000000   Code   RO         7432    .ARM.Collect$$_printf_percent$$00000000  c_w.l(_printf_percent.o)
    0x080001a8   0x00000006   Code   RO         7430    .ARM.Collect$$_printf_percent$$00000009  c_w.l(_printf_d.o)
    0x080001ae   0x00000006   Code   RO         7429    .ARM.Collect$$_printf_percent$$0000000C  c_w.l(_printf_x.o)
    0x080001b4   0x00000006   Code   RO         7427    .ARM.Collect$$_printf_percent$$00000013  c_w.l(_printf_c.o)
    0x080001ba   0x00000006   Code   RO         7428    .ARM.Collect$$_printf_percent$$00000014  c_w.l(_printf_s.o)
    0x080001c0   0x00000004   Code   RO         7468    .ARM.Collect$$_printf_percent$$00000017  c_w.l(_printf_percent_end.o)
    0x080001c4   0x00000002   Code   RO         7544    .ARM.Collect$$libinit$$00000000  c_w.l(libinit.o)
    0x080001c6   0x00000000   Code   RO         7546    .ARM.Collect$$libinit$$00000002  c_w.l(libinit2.o)
    0x080001c6   0x00000000   Code   RO         7548    .ARM.Collect$$libinit$$00000004  c_w.l(libinit2.o)
    0x080001c6   0x00000000   Code   RO         7551    .ARM.Collect$$libinit$$0000000A  c_w.l(libinit2.o)
    0x080001c6   0x00000000   Code   RO         7553    .ARM.Collect$$libinit$$0000000C  c_w.l(libinit2.o)
    0x080001c6   0x00000000   Code   RO         7555    .ARM.Collect$$libinit$$0000000E  c_w.l(libinit2.o)
    0x080001c6   0x00000000   Code   RO         7558    .ARM.Collect$$libinit$$00000011  c_w.l(libinit2.o)
    0x080001c6   0x00000000   Code   RO         7560    .ARM.Collect$$libinit$$00000013  c_w.l(libinit2.o)
    0x080001c6   0x00000000   Code   RO         7562    .ARM.Collect$$libinit$$00000015  c_w.l(libinit2.o)
    0x080001c6   0x00000000   Code   RO         7564    .ARM.Collect$$libinit$$00000017  c_w.l(libinit2.o)
    0x080001c6   0x00000000   Code   RO         7566    .ARM.Collect$$libinit$$00000019  c_w.l(libinit2.o)
    0x080001c6   0x00000000   Code   RO         7568    .ARM.Collect$$libinit$$0000001B  c_w.l(libinit2.o)
    0x080001c6   0x00000000   Code   RO         7570    .ARM.Collect$$libinit$$0000001D  c_w.l(libinit2.o)
    0x080001c6   0x00000000   Code   RO         7572    .ARM.Collect$$libinit$$0000001F  c_w.l(libinit2.o)
    0x080001c6   0x00000000   Code   RO         7574    .ARM.Collect$$libinit$$00000021  c_w.l(libinit2.o)
    0x080001c6   0x00000000   Code   RO         7576    .ARM.Collect$$libinit$$00000023  c_w.l(libinit2.o)
    0x080001c6   0x00000000   Code   RO         7578    .ARM.Collect$$libinit$$00000025  c_w.l(libinit2.o)
    0x080001c6   0x00000000   Code   RO         7582    .ARM.Collect$$libinit$$0000002C  c_w.l(libinit2.o)
    0x080001c6   0x00000000   Code   RO         7584    .ARM.Collect$$libinit$$0000002E  c_w.l(libinit2.o)
    0x080001c6   0x00000000   Code   RO         7586    .ARM.Collect$$libinit$$00000030  c_w.l(libinit2.o)
    0x080001c6   0x00000000   Code   RO         7588    .ARM.Collect$$libinit$$00000032  c_w.l(libinit2.o)
    0x080001c6   0x00000002   Code   RO         7589    .ARM.Collect$$libinit$$00000033  c_w.l(libinit2.o)
    0x080001c8   0x00000002   Code   RO         7617    .ARM.Collect$$libshutdown$$00000000  c_w.l(libshutdown.o)
    0x080001ca   0x00000000   Code   RO         7627    .ARM.Collect$$libshutdown$$00000003  c_w.l(libshutdown2.o)
    0x080001ca   0x00000000   Code   RO         7630    .ARM.Collect$$libshutdown$$00000006  c_w.l(libshutdown2.o)
    0x080001ca   0x00000000   Code   RO         7633    .ARM.Collect$$libshutdown$$00000009  c_w.l(libshutdown2.o)
    0x080001ca   0x00000000   Code   RO         7635    .ARM.Collect$$libshutdown$$0000000B  c_w.l(libshutdown2.o)
    0x080001ca   0x00000000   Code   RO         7638    .ARM.Collect$$libshutdown$$0000000E  c_w.l(libshutdown2.o)
    0x080001ca   0x00000002   Code   RO         7639    .ARM.Collect$$libshutdown$$0000000F  c_w.l(libshutdown2.o)
    0x080001cc   0x00000000   Code   RO         7455    .ARM.Collect$$rtentry$$00000000  c_w.l(__rtentry.o)
    0x080001cc   0x00000000   Code   RO         7470    .ARM.Collect$$rtentry$$00000002  c_w.l(__rtentry2.o)
    0x080001cc   0x00000006   Code   RO         7482    .ARM.Collect$$rtentry$$00000004  c_w.l(__rtentry4.o)
    0x080001d2   0x00000000   Code   RO         7472    .ARM.Collect$$rtentry$$00000009  c_w.l(__rtentry2.o)
    0x080001d2   0x00000004   Code   RO         7473    .ARM.Collect$$rtentry$$0000000A  c_w.l(__rtentry2.o)
    0x080001d6   0x00000000   Code   RO         7475    .ARM.Collect$$rtentry$$0000000C  c_w.l(__rtentry2.o)
    0x080001d6   0x00000008   Code   RO         7476    .ARM.Collect$$rtentry$$0000000D  c_w.l(__rtentry2.o)
    0x080001de   0x00000002   Code   RO         7590    .ARM.Collect$$rtexit$$00000000  c_w.l(rtexit.o)
    0x080001e0   0x00000000   Code   RO         7597    .ARM.Collect$$rtexit$$00000002  c_w.l(rtexit2.o)
    0x080001e0   0x00000004   Code   RO         7598    .ARM.Collect$$rtexit$$00000003  c_w.l(rtexit2.o)
    0x080001e4   0x00000006   Code   RO         7599    .ARM.Collect$$rtexit$$00000004  c_w.l(rtexit2.o)
    0x080001ea   0x00000002   PAD
    0x080001ec   0x00000040   Code   RO            4    .text               startup_stm32f10x_md.o
    0x0800022c   0x00000002   Code   RO         7368    .text               c_w.l(use_no_semi_2.o)
    0x0800022e   0x00000002   PAD
    0x08000230   0x00000018   Code   RO         7374    .text               c_w.l(noretval__2printf.o)
    0x08000248   0x0000004e   Code   RO         7380    .text               c_w.l(_printf_pad.o)
    0x08000296   0x00000052   Code   RO         7382    .text               c_w.l(_printf_str.o)
    0x080002e8   0x00000078   Code   RO         7384    .text               c_w.l(_printf_dec.o)
    0x08000360   0x00000058   Code   RO         7389    .text               c_w.l(_printf_hex_int.o)
    0x080003b8   0x00000188   Code   RO         7424    .text               c_w.l(__printf_flags_ss_wp.o)
    0x08000540   0x0000003e   Code   RO         7435    .text               c_w.l(strlen.o)
    0x0800057e   0x00000064   Code   RO         7437    .text               c_w.l(rt_memcpy_w.o)
    0x080005e2   0x00000010   Code   RO         7439    .text               c_w.l(aeabi_memset.o)
    0x080005f2   0x00000044   Code   RO         7441    .text               c_w.l(rt_memclr.o)
    0x08000636   0x0000004e   Code   RO         7443    .text               c_w.l(rt_memclr_w.o)
    0x08000684   0x00000006   Code   RO         7447    .text               c_w.l(heapauxi.o)
    0x0800068a   0x00000002   Code   RO         7453    .text               c_w.l(use_no_semi.o)
    0x0800068c   0x000000b2   Code   RO         7456    .text               c_w.l(_printf_intcommon.o)
    0x0800073e   0x00000002   PAD
    0x08000740   0x00000030   Code   RO         7460    .text               c_w.l(_printf_char_common.o)
    0x08000770   0x0000002c   Code   RO         7464    .text               c_w.l(_printf_char.o)
    0x0800079c   0x00000024   Code   RO         7466    .text               c_w.l(_printf_char_file.o)
    0x080007c0   0x00000008   Code   RO         7520    .text               c_w.l(ferror.o)
    0x080007c8   0x00000008   Code   RO         7532    .text               c_w.l(libspace.o)
    0x080007d0   0x0000004a   Code   RO         7535    .text               c_w.l(sys_stackheap_outer.o)
    0x0800081a   0x0000000c   Code   RO         7537    .text               c_w.l(exit.o)
    0x08000826   0x00000002   PAD
    0x08000828   0x00000018   Code   RO         3456    i.AT24CXX_Init      at24cxx.o
    0x08000840   0x0000002c   Code   RO         3457    i.AT24CXX_Read      at24cxx.o
    0x0800086c   0x00000088   Code   RO         3459    i.AT24CXX_ReadOneByte  at24cxx.o
    0x080008f4   0x0000002e   Code   RO         3460    i.AT24CXX_Write     at24cxx.o
    0x08000922   0x00000002   PAD
    0x08000924   0x0000007c   Code   RO         3462    i.AT24CXX_WriteOneByte  at24cxx.o
    0x080009a0   0x00000004   Code   RO          156    i.BusFault_Handler  stm32f10x_it.o
    0x080009a4   0x00000002   Code   RO          157    i.DebugMon_Handler  stm32f10x_it.o
    0x080009a6   0x00000002   PAD
    0x080009a8   0x00000020   Code   RO         7252    i.EXTI0_IRQHandler  exti.o
    0x080009c8   0x000000f0   Code   RO         7253    i.EXTI15_10_IRQHandler  exti.o
    0x08000ab8   0x00000020   Code   RO         7254    i.EXTI1_IRQHandler  exti.o
    0x08000ad8   0x00000020   Code   RO         7255    i.EXTI2_IRQHandler  exti.o
    0x08000af8   0x00000020   Code   RO         7256    i.EXTI3_IRQHandler  exti.o
    0x08000b18   0x00000020   Code   RO         7257    i.EXTI4_IRQHandler  exti.o
    0x08000b38   0x00000090   Code   RO         7258    i.EXTI9_5_IRQHandler  exti.o
    0x08000bc8   0x0000000c   Code   RO         1072    i.EXTI_ClearITPendingBit  stm32f10x_exti.o
    0x08000bd4   0x00000028   Code   RO         1076    i.EXTI_GetITStatus  stm32f10x_exti.o
    0x08000bfc   0x00000116   Code   RO         1428    i.GPIO_Init         stm32f10x_gpio.o
    0x08000d12   0x00000002   PAD
    0x08000d14   0x00000090   Code   RO         1430    i.GPIO_PinRemapConfig  stm32f10x_gpio.o
    0x08000da4   0x00000012   Code   RO         1432    i.GPIO_ReadInputDataBit  stm32f10x_gpio.o
    0x08000db6   0x00000004   Code   RO         1435    i.GPIO_ResetBits    stm32f10x_gpio.o
    0x08000dba   0x00000004   Code   RO         1436    i.GPIO_SetBits      stm32f10x_gpio.o
    0x08000dbe   0x00000002   PAD
    0x08000dc0   0x0000000c   Code   RO         3268    i.GetSysTick_10Ms   delay.o
    0x08000dcc   0x0000000c   Code   RO         3269    i.GetSysTick_Sec    delay.o
    0x08000dd8   0x00000004   Code   RO          158    i.HardFault_Handler  stm32f10x_it.o
    0x08000ddc   0x00000050   Code   RO         3394    i.IIC_Ack           myiic.o
    0x08000e2c   0x00000058   Code   RO         3395    i.IIC_Init          myiic.o
    0x08000e84   0x00000050   Code   RO         3396    i.IIC_NAck          myiic.o
    0x08000ed4   0x00000070   Code   RO         3397    i.IIC_Read_Byte     myiic.o
    0x08000f44   0x00000074   Code   RO         3398    i.IIC_Send_Byte     myiic.o
    0x08000fb8   0x0000004c   Code   RO         3399    i.IIC_Start         myiic.o
    0x08001004   0x0000004c   Code   RO         3400    i.IIC_Stop          myiic.o
    0x08001050   0x00000064   Code   RO         3401    i.IIC_Wait_Ack      myiic.o
    0x080010b4   0x00000054   Code   RO         7079    i.Int2DecStr        my_string.o
    0x08001108   0x00000098   Code   RO         7135    i.KEY_Init          key.o
    0x080011a0   0x00000018   Code   RO         7137    i.LED_Enable        key.o
    0x080011b8   0x00000030   Code   RO         7138    i.LED_Init          key.o
    0x080011e8   0x00000004   Code   RO          159    i.MemManage_Handler  stm32f10x_it.o
    0x080011ec   0x00000002   Code   RO          160    i.NMI_Handler       stm32f10x_it.o
    0x080011ee   0x0000000c   Code   RO         3338    i.NVIC_Configuration  sys.o
    0x080011fa   0x00000002   PAD
    0x080011fc   0x00000070   Code   RO          253    i.NVIC_Init         misc.o
    0x0800126c   0x00000014   Code   RO          254    i.NVIC_PriorityGroupConfig  misc.o
    0x08001280   0x00000002   Code   RO          161    i.PendSV_Handler    stm32f10x_it.o
    0x08001282   0x00000002   PAD
    0x08001284   0x00000020   Code   RO         1853    i.RCC_APB1PeriphClockCmd  stm32f10x_rcc.o
    0x080012a4   0x00000020   Code   RO         1855    i.RCC_APB2PeriphClockCmd  stm32f10x_rcc.o
    0x080012c4   0x000000d4   Code   RO         1863    i.RCC_GetClocksFreq  stm32f10x_rcc.o
    0x08001398   0x00000002   Code   RO          162    i.SVC_Handler       stm32f10x_it.o
    0x0800139a   0x00000008   Code   RO          219    i.SetSysClock       system_stm32f10x.o
    0x080013a2   0x00000002   PAD
    0x080013a4   0x000000e0   Code   RO          220    i.SetSysClockTo72   system_stm32f10x.o
    0x08001484   0x00000028   Code   RO          257    i.SysTick_CLKSourceConfig  misc.o
    0x080014ac   0x00000008   Code   RO          163    i.SysTick_Handler   stm32f10x_it.o
    0x080014b4   0x0000002c   Code   RO         3270    i.SysTick_HandlerService  delay.o
    0x080014e0   0x00000060   Code   RO         3271    i.SysTick_Start     delay.o
    0x08001540   0x00000012   Code   RO         3272    i.SysTick_Stop      delay.o
    0x08001552   0x00000002   PAD
    0x08001554   0x00000060   Code   RO          222    i.SystemInit        system_stm32f10x.o
    0x080015b4   0x000000c8   Code   RO         6890    i.UART2_Configuration  uart2.o
    0x0800167c   0x000000c8   Code   RO         6978    i.UART3_Configuration  uart3.o
    0x08001744   0x00000054   Code   RO         6979    i.UART3_set_baudrate  uart3.o
    0x08001798   0x00000088   Code   RO         3353    i.USART1_IRQHandler  usart.o
    0x08001820   0x0000006c   Code   RO         6891    i.USART2_IRQHandler  uart2.o
    0x0800188c   0x00000022   Code   RO         6892    i.USART2_Interrupts_Config  uart2.o
    0x080018ae   0x00000002   PAD
    0x080018b0   0x00000078   Code   RO         6980    i.USART3_IRQHandler  uart3.o
    0x08001928   0x00000020   Code   RO         6981    i.USART3_Interrupts_Config  uart3.o
    0x08001948   0x00000012   Code   RO         3031    i.USART_ClearFlag   stm32f10x_usart.o
    0x0800195a   0x00000022   Code   RO         3033    i.USART_ClockInit   stm32f10x_usart.o
    0x0800197c   0x00000018   Code   RO         3035    i.USART_Cmd         stm32f10x_usart.o
    0x08001994   0x0000001a   Code   RO         3038    i.USART_GetFlagStatus  stm32f10x_usart.o
    0x080019ae   0x00000054   Code   RO         3039    i.USART_GetITStatus  stm32f10x_usart.o
    0x08001a02   0x0000004a   Code   RO         3041    i.USART_ITConfig    stm32f10x_usart.o
    0x08001a4c   0x000000d8   Code   RO         3042    i.USART_Init        stm32f10x_usart.o
    0x08001b24   0x0000000a   Code   RO         3049    i.USART_ReceiveData  stm32f10x_usart.o
    0x08001b2e   0x00000008   Code   RO         3052    i.USART_SendData    stm32f10x_usart.o
    0x08001b36   0x00000004   Code   RO          164    i.UsageFault_Handler  stm32f10x_it.o
    0x08001b3a   0x00000016   Code   RO         3273    i.Wait10Ms          delay.o
    0x08001b50   0x0000000e   Code   RO         7417    i._is_digit         c_w.l(__printf_wp.o)
    0x08001b5e   0x00000006   Code   RO         3354    i._sys_exit         usart.o
    0x08001b64   0x00000050   Code   RO         3274    i.delay_init        delay.o
    0x08001bb4   0x00000058   Code   RO         3275    i.delay_ms          delay.o
    0x08001c0c   0x00000058   Code   RO         3276    i.delay_us          delay.o
    0x08001c64   0x0000001c   Code   RO         3355    i.fputc             usart.o
    0x08001c80   0x00000048   Code   RO         7139    i.gennum_3g_enable  key.o
    0x08001cc8   0x0000001a   Code   RO         7081    i.isalphabet        my_string.o
    0x08001ce2   0x00000012   Code   RO         7085    i.isnumber          my_string.o
    0x08001cf4   0x00000068   Code   RO         7140    i.key_condition     key.o
    0x08001d5c   0x0000004c   Code   RO         7141    i.key_is_long_pressed  key.o
    0x08001da8   0x00000060   Code   RO         7142    i.key_is_pressed    key.o
    0x08001e08   0x0000005c   Code   RO         7143    i.key_is_unpressed  key.o
    0x08001e64   0x000000c4   Code   RO         7144    i.key_print         key.o
    0x08001f28   0x000000b0   Code   RO         7145    i.key_print_by_id   key.o
    0x08001fd8   0x00000170   Code   RO         7146    i.key_scan_process  key.o
    0x08002148   0x00000064   Code   RO           25    i.main              main.o
    0x080021ac   0x00000098   Code   RO         6814    i.pelco_d_check_valid  pelco_d.o
    0x08002244   0x000002e8   Code   RO         6815    i.pelco_d_handle    pelco_d.o
    0x0800252c   0x00000044   Code   RO         6816    i.pelco_d_init      pelco_d.o
    0x08002570   0x0000000c   Code   RO         6817    i.pelco_d_input_byte  pelco_d.o
    0x0800257c   0x00000088   Code   RO         6818    i.pelco_d_parse_message  pelco_d.o
    0x08002604   0x0000003a   Code   RO         6819    i.pelco_d_process   pelco_d.o
    0x0800263e   0x00000002   PAD
    0x08002640   0x00000058   Code   RO         6820    i.pelco_d_pull_message  pelco_d.o
    0x08002698   0x000000c8   Code   RO         6821    i.pelco_fill_message  pelco_d.o
    0x08002760   0x00000068   Code   RO         6822    i.pelco_handle_cmd  pelco_d.o
    0x080027c8   0x000000d8   Code   RO         6823    i.pelco_p_parse_message  pelco_d.o
    0x080028a0   0x00000064   Code   RO         6824    i.pelco_print_message  pelco_d.o
    0x08002904   0x00000020   Code   RO         3512    i.sony_ui_clear_all  sony_ui.o
    0x08002924   0x00000020   Code   RO         3513    i.sony_ui_clear_line  sony_ui.o
    0x08002944   0x00000024   Code   RO         3514    i.sony_ui_display_all  sony_ui.o
    0x08002968   0x00000024   Code   RO         3515    i.sony_ui_display_line  sony_ui.o
    0x0800298c   0x0000006c   Code   RO         3516    i.sony_ui_get_char  sony_ui.o
    0x080029f8   0x00000058   Code   RO         3517    i.sony_ui_init      sony_ui.o
    0x08002a50   0x00000038   Code   RO         3520    i.sony_ui_set_color  sony_ui.o
    0x08002a88   0x000000bc   Code   RO         3521    i.sony_ui_set_title  sony_ui.o
    0x08002b44   0x00000044   Code   RO         6763    i.sony_visca_init   visca_p.o
    0x08002b88   0x0000001c   Code   RO         6764    i.sony_visca_input_byte  visca_p.o
    0x08002ba4   0x00000010   Code   RO         3607    i.sonylens_address_get  sonylens.o
    0x08002bb4   0x00000014   Code   RO         3611    i.sonylens_advance_alarm_out_set  sonylens.o
    0x08002bc8   0x0000000c   Code   RO         3612    i.sonylens_advance_blc_get  sonylens.o
    0x08002bd4   0x00000004   Code   RO         3613    i.sonylens_advance_blc_get_count  sonylens.o
    0x08002bd8   0x00000014   Code   RO         3614    i.sonylens_advance_blc_right  sonylens.o
    0x08002bec   0x00000030   Code   RO         3615    i.sonylens_advance_blc_set  sonylens.o
    0x08002c1c   0x0000000c   Code   RO         3616    i.sonylens_advance_defog_mode_get  sonylens.o
    0x08002c28   0x00000004   Code   RO         3617    i.sonylens_advance_defog_mode_get_count  sonylens.o
    0x08002c2c   0x00000018   Code   RO         3618    i.sonylens_advance_defog_mode_right  sonylens.o
    0x08002c44   0x00000050   Code   RO         3619    i.sonylens_advance_defog_mode_set  sonylens.o
    0x08002c94   0x0000000c   Code   RO         3620    i.sonylens_advance_expcomp_get  sonylens.o
    0x08002ca0   0x00000004   Code   RO         3621    i.sonylens_advance_expcomp_get_count  sonylens.o
    0x08002ca4   0x00000030   Code   RO         3622    i.sonylens_advance_expcomp_on  sonylens.o
    0x08002cd4   0x00000014   Code   RO         3623    i.sonylens_advance_expcomp_right  sonylens.o
    0x08002ce8   0x00000050   Code   RO         3624    i.sonylens_advance_expcomp_set  sonylens.o
    0x08002d38   0x0000004c   Code   RO         3625    i.sonylens_advance_init  sonylens.o
    0x08002d84   0x0000000c   Code   RO         3629    i.sonylens_advance_ircut_set  sonylens.o
    0x08002d90   0x00000024   Code   RO         3630    i.sonylens_advance_menu_back_action  sonylens.o
    0x08002db4   0x00000002   Code   RO         3631    i.sonylens_advance_menu_init  sonylens.o
    0x08002db6   0x00000002   PAD
    0x08002db8   0x0000000c   Code   RO         3633    i.sonylens_advance_nr_level_get  sonylens.o
    0x08002dc4   0x00000004   Code   RO         3634    i.sonylens_advance_nr_level_get_count  sonylens.o
    0x08002dc8   0x00000018   Code   RO         3635    i.sonylens_advance_nr_level_right  sonylens.o
    0x08002de0   0x0000002c   Code   RO         3636    i.sonylens_advance_nr_level_set  sonylens.o
    0x08002e0c   0x0000000c   Code   RO         3637    i.sonylens_advance_stabilizer_get  sonylens.o
    0x08002e18   0x00000004   Code   RO         3638    i.sonylens_advance_stabilizer_get_count  sonylens.o
    0x08002e1c   0x00000018   Code   RO         3639    i.sonylens_advance_stabilizer_right  sonylens.o
    0x08002e34   0x00000020   Code   RO         3640    i.sonylens_advance_stabilizer_set  sonylens.o
    0x08002e54   0x0000000c   Code   RO         3641    i.sonylens_advance_wdr_get  sonylens.o
    0x08002e60   0x00000004   Code   RO         3642    i.sonylens_advance_wdr_get_count  sonylens.o
    0x08002e64   0x00000018   Code   RO         3643    i.sonylens_advance_wdr_right  sonylens.o
    0x08002e7c   0x00000014   Code   RO         3644    i.sonylens_advance_wdr_set  sonylens.o
    0x08002e90   0x0000000c   Code   RO         3645    i.sonylens_camera_id_display_get  sonylens.o
    0x08002e9c   0x00000004   Code   RO         3646    i.sonylens_camera_id_display_get_count  sonylens.o
    0x08002ea0   0x00000018   Code   RO         3647    i.sonylens_camera_id_display_right  sonylens.o
    0x08002eb8   0x0000000c   Code   RO         3648    i.sonylens_camera_id_display_set  sonylens.o
    0x08002ec4   0x0000000c   Code   RO         3649    i.sonylens_camera_id_get  sonylens.o
    0x08002ed0   0x00000006   Code   RO         3650    i.sonylens_camera_id_get_count  sonylens.o
    0x08002ed6   0x00000002   PAD
    0x08002ed8   0x00000014   Code   RO         3651    i.sonylens_camera_id_right  sonylens.o
    0x08002eec   0x0000000c   Code   RO         3652    i.sonylens_camera_id_set  sonylens.o
    0x08002ef8   0x00000024   Code   RO         3653    i.sonylens_camera_menu_back_action  sonylens.o
    0x08002f1c   0x00000002   Code   RO         3654    i.sonylens_camera_menu_init  sonylens.o
    0x08002f1e   0x00000002   PAD
    0x08002f20   0x00000024   Code   RO         3657    i.sonylens_control_f1  sonylens.o
    0x08002f44   0x0000002c   Code   RO         3658    i.sonylens_control_f10  sonylens.o
    0x08002f70   0x00000002   Code   RO         3659    i.sonylens_control_f11  sonylens.o
    0x08002f72   0x00000002   Code   RO         3660    i.sonylens_control_f12  sonylens.o
    0x08002f74   0x0000001c   Code   RO         3661    i.sonylens_control_f2  sonylens.o
    0x08002f90   0x00000008   Code   RO         3662    i.sonylens_control_f3  sonylens.o
    0x08002f98   0x00000064   Code   RO         3663    i.sonylens_control_f4  sonylens.o
    0x08002ffc   0x00000008   Code   RO         3664    i.sonylens_control_f5  sonylens.o
    0x08003004   0x00000008   Code   RO         3665    i.sonylens_control_f6  sonylens.o
    0x0800300c   0x00000018   Code   RO         3666    i.sonylens_control_f7  sonylens.o
    0x08003024   0x0000001c   Code   RO         3667    i.sonylens_control_f8  sonylens.o
    0x08003040   0x0000003c   Code   RO         3668    i.sonylens_control_f9  sonylens.o
    0x0800307c   0x00000034   Code   RO         3669    i.sonylens_default_action  sonylens.o
    0x080030b0   0x0000000c   Code   RO         3670    i.sonylens_default_get  sonylens.o
    0x080030bc   0x00000014   Code   RO         3672    i.sonylens_default_right  sonylens.o
    0x080030d0   0x0000000c   Code   RO         3673    i.sonylens_default_set  sonylens.o
    0x080030dc   0x0000000c   Code   RO         3674    i.sonylens_dig_zoom_get  sonylens.o
    0x080030e8   0x00000004   Code   RO         3675    i.sonylens_dig_zoom_get_count  sonylens.o
    0x080030ec   0x00000014   Code   RO         3676    i.sonylens_dig_zoom_right  sonylens.o
    0x08003100   0x00000064   Code   RO         3677    i.sonylens_dig_zoom_set  sonylens.o
    0x08003164   0x00000002   Code   RO         3680    i.sonylens_exit_menu_init  sonylens.o
    0x08003166   0x00000002   PAD
    0x08003168   0x00000044   Code   RO         3681    i.sonylens_expcomp_set  sonylens.o
    0x080031ac   0x0000000c   Code   RO         3682    i.sonylens_exposure_ae_mode_get  sonylens.o
    0x080031b8   0x00000004   Code   RO         3683    i.sonylens_exposure_ae_mode_get_count  sonylens.o
    0x080031bc   0x00000014   Code   RO         3684    i.sonylens_exposure_ae_mode_right  sonylens.o
    0x080031d0   0x00000044   Code   RO         3685    i.sonylens_exposure_ae_mode_set  sonylens.o
    0x08003214   0x0000000c   Code   RO         3686    i.sonylens_exposure_bri_get  sonylens.o
    0x08003220   0x00000004   Code   RO         3687    i.sonylens_exposure_bri_get_count  sonylens.o
    0x08003224   0x00000010   Code   RO         3688    i.sonylens_exposure_bri_right  sonylens.o
    0x08003234   0x0000000c   Code   RO         3689    i.sonylens_exposure_bri_set  sonylens.o
    0x08003240   0x0000000c   Code   RO         3690    i.sonylens_exposure_gain_get  sonylens.o
    0x0800324c   0x00000004   Code   RO         3691    i.sonylens_exposure_gain_get_count  sonylens.o
    0x08003250   0x00000014   Code   RO         3692    i.sonylens_exposure_gain_right  sonylens.o
    0x08003264   0x00000034   Code   RO         3693    i.sonylens_exposure_gain_set  sonylens.o
    0x08003298   0x00000030   Code   RO         3694    i.sonylens_exposure_init  sonylens.o
    0x080032c8   0x0000000c   Code   RO         3695    i.sonylens_exposure_iris_get  sonylens.o
    0x080032d4   0x00000004   Code   RO         3696    i.sonylens_exposure_iris_get_count  sonylens.o
    0x080032d8   0x00000014   Code   RO         3697    i.sonylens_exposure_iris_right  sonylens.o
    0x080032ec   0x00000040   Code   RO         3698    i.sonylens_exposure_iris_set  sonylens.o
    0x0800332c   0x00000024   Code   RO         3699    i.sonylens_exposure_menu_back_action  sonylens.o
    0x08003350   0x000000b4   Code   RO         3700    i.sonylens_exposure_menu_init  sonylens.o
    0x08003404   0x0000000c   Code   RO         3702    i.sonylens_exposure_shutter_get  sonylens.o
    0x08003410   0x00000004   Code   RO         3703    i.sonylens_exposure_shutter_get_count  sonylens.o
    0x08003414   0x00000044   Code   RO         3704    i.sonylens_exposure_shutter_right  sonylens.o
    0x08003458   0x0000002c   Code   RO         3705    i.sonylens_exposure_shutter_set  sonylens.o
    0x08003484   0x0000000c   Code   RO         3706    i.sonylens_exposure_slow_ae_get  sonylens.o
    0x08003490   0x00000004   Code   RO         3707    i.sonylens_exposure_slow_ae_get_count  sonylens.o
    0x08003494   0x00000014   Code   RO         3708    i.sonylens_exposure_slow_ae_right  sonylens.o
    0x080034a8   0x0000002c   Code   RO         3709    i.sonylens_exposure_slow_ae_set  sonylens.o
    0x080034d4   0x0000000c   Code   RO         3710    i.sonylens_exposure_slow_shutter_get  sonylens.o
    0x080034e0   0x00000004   Code   RO         3711    i.sonylens_exposure_slow_shutter_get_count  sonylens.o
    0x080034e4   0x00000014   Code   RO         3712    i.sonylens_exposure_slow_shutter_right  sonylens.o
    0x080034f8   0x00000030   Code   RO         3713    i.sonylens_exposure_slow_shutter_set  sonylens.o
    0x08003528   0x0000000c   Code   RO         3714    i.sonylens_focus_af_sens_get  sonylens.o
    0x08003534   0x00000004   Code   RO         3715    i.sonylens_focus_af_sens_get_count  sonylens.o
    0x08003538   0x00000014   Code   RO         3716    i.sonylens_focus_af_sens_right  sonylens.o
    0x0800354c   0x00000030   Code   RO         3717    i.sonylens_focus_af_sens_set  sonylens.o
    0x0800357c   0x00000028   Code   RO         3718    i.sonylens_focus_init  sonylens.o
    0x080035a4   0x0000000c   Code   RO         3719    i.sonylens_focus_light_get  sonylens.o
    0x080035b0   0x00000004   Code   RO         3720    i.sonylens_focus_light_get_count  sonylens.o
    0x080035b4   0x00000014   Code   RO         3721    i.sonylens_focus_light_right  sonylens.o
    0x080035c8   0x00000030   Code   RO         3722    i.sonylens_focus_light_set  sonylens.o
    0x080035f8   0x00000024   Code   RO         3723    i.sonylens_focus_menu_back_action  sonylens.o
    0x0800361c   0x00000002   Code   RO         3724    i.sonylens_focus_menu_init  sonylens.o
    0x0800361e   0x00000002   PAD
    0x08003620   0x0000003c   Code   RO         3726    i.sonylens_focus_mode_get  sonylens.o
    0x0800365c   0x00000004   Code   RO         3727    i.sonylens_focus_mode_get_count  sonylens.o
    0x08003660   0x00000014   Code   RO         3728    i.sonylens_focus_mode_right  sonylens.o
    0x08003674   0x00000038   Code   RO         3729    i.sonylens_focus_mode_set  sonylens.o
    0x080036ac   0x0000000c   Code   RO         3730    i.sonylens_focus_near_limit_get  sonylens.o
    0x080036b8   0x00000004   Code   RO         3731    i.sonylens_focus_near_limit_get_count  sonylens.o
    0x080036bc   0x00000014   Code   RO         3732    i.sonylens_focus_near_limit_right  sonylens.o
    0x080036d0   0x0000002c   Code   RO         3733    i.sonylens_focus_near_limit_set  sonylens.o
    0x080036fc   0x0000000c   Code   RO         3735    i.sonylens_general_address_get  sonylens.o
    0x08003708   0x00000004   Code   RO         3736    i.sonylens_general_address_get_count  sonylens.o
    0x0800370c   0x00000014   Code   RO         3737    i.sonylens_general_address_right  sonylens.o
    0x08003720   0x0000000c   Code   RO         3738    i.sonylens_general_address_set  sonylens.o
    0x0800372c   0x0000000c   Code   RO         3743    i.sonylens_general_baudrate_get  sonylens.o
    0x08003738   0x00000004   Code   RO         3744    i.sonylens_general_baudrate_get_count  sonylens.o
    0x0800373c   0x00000018   Code   RO         3745    i.sonylens_general_baudrate_right  sonylens.o
    0x08003754   0x00000050   Code   RO         3746    i.sonylens_general_baudrate_set  sonylens.o
    0x080037a4   0x0000000c   Code   RO         3747    i.sonylens_general_format_get  sonylens.o
    0x080037b0   0x00000004   Code   RO         3748    i.sonylens_general_format_get_count  sonylens.o
    0x080037b4   0x00000018   Code   RO         3749    i.sonylens_general_format_right  sonylens.o
    0x080037cc   0x0000000c   Code   RO         3750    i.sonylens_general_format_set  sonylens.o
    0x080037d8   0x00000028   Code   RO         3751    i.sonylens_general_init  sonylens.o
    0x08003800   0x0000000c   Code   RO         3752    i.sonylens_general_lr_hand_get  sonylens.o
    0x0800380c   0x00000004   Code   RO         3753    i.sonylens_general_lr_hand_get_count  sonylens.o
    0x08003810   0x00000018   Code   RO         3754    i.sonylens_general_lr_hand_right  sonylens.o
    0x08003828   0x0000000c   Code   RO         3755    i.sonylens_general_lr_hand_set  sonylens.o
    0x08003834   0x00000024   Code   RO         3756    i.sonylens_general_menu_back_action  sonylens.o
    0x08003858   0x00000024   Code   RO         3757    i.sonylens_general_menu_camera_action  sonylens.o
    0x0800387c   0x00000002   Code   RO         3758    i.sonylens_general_menu_init  sonylens.o
    0x0800387e   0x00000002   PAD
    0x08003880   0x00000024   Code   RO         3759    i.sonylens_general_menu_preset_action  sonylens.o
    0x080038a4   0x0000000c   Code   RO         3761    i.sonylens_general_protocol_get  sonylens.o
    0x080038b0   0x00000004   Code   RO         3762    i.sonylens_general_protocol_get_count  sonylens.o
    0x080038b4   0x00000018   Code   RO         3763    i.sonylens_general_protocol_right  sonylens.o
    0x080038cc   0x00000028   Code   RO         3764    i.sonylens_general_protocol_set  sonylens.o
    0x080038f4   0x00000010   Code   RO         3766    i.sonylens_get_auto_mode  sonylens.o
    0x08003904   0x00000028   Code   RO         3768    i.sonylens_get_mode_info  sonylens.o
    0x0800392c   0x00000046   Code   RO         3769    i.sonylens_get_monitor_mode  sonylens.o
    0x08003972   0x00000002   PAD
    0x08003974   0x00000010   Code   RO         3770    i.sonylens_get_zoom_desc  sonylens.o
    0x08003984   0x00000034   Code   RO         3771    i.sonylens_get_zoom_index  sonylens.o
    0x080039b8   0x00000078   Code   RO         3772    i.sonylens_get_zoom_value  sonylens.o
    0x08003a30   0x0000000c   Code   RO         3774    i.sonylens_image_aperture_get  sonylens.o
    0x08003a3c   0x00000004   Code   RO         3775    i.sonylens_image_aperture_get_count  sonylens.o
    0x08003a40   0x00000014   Code   RO         3776    i.sonylens_image_aperture_right  sonylens.o
    0x08003a54   0x0000002c   Code   RO         3777    i.sonylens_image_aperture_set  sonylens.o
    0x08003a80   0x0000000c   Code   RO         3778    i.sonylens_image_chroma_suppress_get  sonylens.o
    0x08003a8c   0x00000004   Code   RO         3779    i.sonylens_image_chroma_suppress_get_count  sonylens.o
    0x08003a90   0x00000014   Code   RO         3780    i.sonylens_image_chroma_suppress_right  sonylens.o
    0x08003aa4   0x0000002c   Code   RO         3781    i.sonylens_image_chroma_suppress_set  sonylens.o
    0x08003ad0   0x0000000c   Code   RO         3782    i.sonylens_image_color_gain_get  sonylens.o
    0x08003adc   0x00000004   Code   RO         3783    i.sonylens_image_color_gain_get_count  sonylens.o
    0x08003ae0   0x00000014   Code   RO         3784    i.sonylens_image_color_gain_right  sonylens.o
    0x08003af4   0x0000002c   Code   RO         3785    i.sonylens_image_color_gain_set  sonylens.o
    0x08003b20   0x0000000c   Code   RO         3786    i.sonylens_image_color_hue_get  sonylens.o
    0x08003b2c   0x00000004   Code   RO         3787    i.sonylens_image_color_hue_get_count  sonylens.o
    0x08003b30   0x00000014   Code   RO         3788    i.sonylens_image_color_hue_right  sonylens.o
    0x08003b44   0x0000002c   Code   RO         3789    i.sonylens_image_color_hue_set  sonylens.o
    0x08003b70   0x0000000c   Code   RO         3790    i.sonylens_image_flip_get  sonylens.o
    0x08003b7c   0x00000004   Code   RO         3791    i.sonylens_image_flip_get_count  sonylens.o
    0x08003b80   0x00000018   Code   RO         3792    i.sonylens_image_flip_right  sonylens.o
    0x08003b98   0x0000003c   Code   RO         3793    i.sonylens_image_flip_set  sonylens.o
    0x08003bd4   0x0000000c   Code   RO         3794    i.sonylens_image_freeze_get  sonylens.o
    0x08003be0   0x00000004   Code   RO         3795    i.sonylens_image_freeze_get_count  sonylens.o
    0x08003be4   0x00000018   Code   RO         3796    i.sonylens_image_freeze_right  sonylens.o
    0x08003bfc   0x0000003c   Code   RO         3797    i.sonylens_image_freeze_set  sonylens.o
    0x08003c38   0x0000000c   Code   RO         3798    i.sonylens_image_gamma_get  sonylens.o
    0x08003c44   0x00000004   Code   RO         3799    i.sonylens_image_gamma_get_count  sonylens.o
    0x08003c48   0x00000018   Code   RO         3800    i.sonylens_image_gamma_right  sonylens.o
    0x08003c60   0x0000002c   Code   RO         3801    i.sonylens_image_gamma_set  sonylens.o
    0x08003c8c   0x00000064   Code   RO         3802    i.sonylens_image_init  sonylens.o
    0x08003cf0   0x00000024   Code   RO         3803    i.sonylens_image_menu_back_action  sonylens.o
    0x08003d14   0x00000002   Code   RO         3804    i.sonylens_image_menu_init  sonylens.o
    0x08003d16   0x00000002   PAD
    0x08003d18   0x0000000c   Code   RO         3805    i.sonylens_image_mirror_get  sonylens.o
    0x08003d24   0x00000004   Code   RO         3806    i.sonylens_image_mirror_get_count  sonylens.o
    0x08003d28   0x00000018   Code   RO         3807    i.sonylens_image_mirror_right  sonylens.o
    0x08003d40   0x00000030   Code   RO         3808    i.sonylens_image_mirror_set  sonylens.o
    0x08003d70   0x0000000c   Code   RO         3809    i.sonylens_image_pic_effect_get  sonylens.o
    0x08003d7c   0x00000004   Code   RO         3810    i.sonylens_image_pic_effect_get_count  sonylens.o
    0x08003d80   0x00000018   Code   RO         3811    i.sonylens_image_pic_effect_right  sonylens.o
    0x08003d98   0x00000038   Code   RO         3812    i.sonylens_image_pic_effect_set  sonylens.o
    0x08003dd0   0x0000028c   Code   RO         3813    i.sonylens_init     sonylens.o
    0x0800405c   0x0000004c   Code   RO         3814    i.sonylens_iris_set  sonylens.o
    0x080040a8   0x00000028   Code   RO         3815    i.sonylens_key_advance_expcomp_on  sonylens.o
    0x080040d0   0x00000040   Code   RO         3816    i.sonylens_key_advance_expcomp_set  sonylens.o
    0x08004110   0x00000030   Code   RO         3817    i.sonylens_key_exposure_ae_mode_set  sonylens.o
    0x08004140   0x00000024   Code   RO         3818    i.sonylens_key_exposure_gain_set  sonylens.o
    0x08004164   0x00000030   Code   RO         3819    i.sonylens_key_exposure_iris_set  sonylens.o
    0x08004194   0x00000024   Code   RO         3820    i.sonylens_key_exposure_shutter_set  sonylens.o
    0x080041b8   0x00000224   Code   RO         3821    i.sonylens_key_handle_process  sonylens.o
    0x080043dc   0x0000002c   Code   RO         3822    i.sonylens_key_image_flip_set  sonylens.o
    0x08004408   0x0000002c   Code   RO         3823    i.sonylens_key_image_freeze_set  sonylens.o
    0x08004434   0x00000048   Code   RO         3824    i.sonylens_key_wb_mode_set  sonylens.o
    0x0800447c   0x00000024   Code   RO         3825    i.sonylens_main_menu_advance_set_action  sonylens.o
    0x080044a0   0x00000024   Code   RO         3826    i.sonylens_main_menu_exit_action  sonylens.o
    0x080044c4   0x00000024   Code   RO         3827    i.sonylens_main_menu_exposure_set_action  sonylens.o
    0x080044e8   0x00000024   Code   RO         3828    i.sonylens_main_menu_focus_set_action  sonylens.o
    0x0800450c   0x00000024   Code   RO         3829    i.sonylens_main_menu_general_set_action  sonylens.o
    0x08004530   0x00000024   Code   RO         3830    i.sonylens_main_menu_image_set_action  sonylens.o
    0x08004554   0x0000002c   Code   RO         3831    i.sonylens_main_menu_init  sonylens.o
    0x08004580   0x00000024   Code   RO         3833    i.sonylens_main_menu_wb_set_action  sonylens.o
    0x080045a4   0x00000024   Code   RO         3834    i.sonylens_main_menu_zoom_set_action  sonylens.o
    0x080045c8   0x0000004c   Code   RO         3835    i.sonylens_menu_action  sonylens.o
    0x08004614   0x00000028   Code   RO         3836    i.sonylens_menu_display_process  sonylens.o
    0x0800463c   0x00000008   Code   RO         3837    i.sonylens_menu_exit_no  sonylens.o
    0x08004644   0x00000098   Code   RO         3838    i.sonylens_menu_exit_yes  sonylens.o
    0x080046dc   0x00000088   Code   RO         3839    i.sonylens_menu_item_update  sonylens.o
    0x08004764   0x00000170   Code   RO         3840    i.sonylens_menu_move_leftright  sonylens.o
    0x080048d4   0x00000060   Code   RO         3842    i.sonylens_menu_move_updown1  sonylens.o
    0x08004934   0x00000020   Code   RO         3843    i.sonylens_menu_off  sonylens.o
    0x08004954   0x00000080   Code   RO         3844    i.sonylens_menu_on1  sonylens.o
    0x080049d4   0x0000007c   Code   RO         3847    i.sonylens_msg_compare  sonylens.o
    0x08004a50   0x0000000c   Code   RO         3848    i.sonylens_osd_get  sonylens.o
    0x08004a5c   0x00000004   Code   RO         3849    i.sonylens_osd_get_count  sonylens.o
    0x08004a60   0x00000014   Code   RO         3850    i.sonylens_osd_right  sonylens.o
    0x08004a74   0x00000060   Code   RO         3851    i.sonylens_osd_set  sonylens.o
    0x08004ad4   0x00000078   Code   RO         3852    i.sonylens_power_off  sonylens.o
    0x08004b4c   0x00000078   Code   RO         3853    i.sonylens_power_on  sonylens.o
    0x08004bc4   0x00000018   Code   RO         3855    i.sonylens_preset_exist_get  sonylens.o
    0x08004bdc   0x00000020   Code   RO         3857    i.sonylens_preset_exist_right  sonylens.o
    0x08004bfc   0x00000024   Code   RO         3859    i.sonylens_preset_menu_back_action  sonylens.o
    0x08004c20   0x00000018   Code   RO         3860    i.sonylens_preset_menu_del_action  sonylens.o
    0x08004c38   0x00000010   Code   RO         3861    i.sonylens_preset_menu_init  sonylens.o
    0x08004c48   0x00000054   Code   RO         3862    i.sonylens_preset_menu_run_action  sonylens.o
    0x08004c9c   0x00000038   Code   RO         3863    i.sonylens_preset_menu_set_action  sonylens.o
    0x08004cd4   0x0000000c   Code   RO         3864    i.sonylens_preset_no_get  sonylens.o
    0x08004ce0   0x00000004   Code   RO         3865    i.sonylens_preset_no_get_count  sonylens.o
    0x08004ce4   0x00000014   Code   RO         3866    i.sonylens_preset_no_right  sonylens.o
    0x08004cf8   0x0000000c   Code   RO         3867    i.sonylens_preset_no_set  sonylens.o
    0x08004d04   0x00000018   Code   RO         3868    i.sonylens_preset_time_get  sonylens.o
    0x08004d1c   0x00000006   Code   RO         3869    i.sonylens_preset_time_get_count  sonylens.o
    0x08004d22   0x00000002   PAD
    0x08004d24   0x00000020   Code   RO         3870    i.sonylens_preset_time_right  sonylens.o
    0x08004d44   0x00000018   Code   RO         3871    i.sonylens_preset_time_set  sonylens.o
    0x08004d5c   0x000003fc   Code   RO         3872    i.sonylens_print_config_params  sonylens.o
    0x08005158   0x00000058   Code   RO         3873    i.sonylens_print_msg  sonylens.o
    0x080051b0   0x00000018   Code   RO         3875    i.sonylens_privacy_display_get  sonylens.o
    0x080051c8   0x00000004   Code   RO         3876    i.sonylens_privacy_display_get_count  sonylens.o
    0x080051cc   0x00000020   Code   RO         3877    i.sonylens_privacy_display_right  sonylens.o
    0x080051ec   0x000000b4   Code   RO         3878    i.sonylens_privacy_display_set  sonylens.o
    0x080052a0   0x00000018   Code   RO         3879    i.sonylens_privacy_h_get  sonylens.o
    0x080052b8   0x00000006   Code   RO         3880    i.sonylens_privacy_h_get_count  sonylens.o
    0x080052be   0x00000002   PAD
    0x080052c0   0x00000020   Code   RO         3881    i.sonylens_privacy_h_right  sonylens.o
    0x080052e0   0x00000050   Code   RO         3882    i.sonylens_privacy_h_set  sonylens.o
    0x08005330   0x00000024   Code   RO         3883    i.sonylens_privacy_menu_back_action  sonylens.o
    0x08005354   0x00000002   Code   RO         3884    i.sonylens_privacy_menu_init  sonylens.o
    0x08005356   0x00000002   PAD
    0x08005358   0x00000018   Code   RO         3886    i.sonylens_privacy_w_get  sonylens.o
    0x08005370   0x00000006   Code   RO         3887    i.sonylens_privacy_w_get_count  sonylens.o
    0x08005376   0x00000002   PAD
    0x08005378   0x00000020   Code   RO         3888    i.sonylens_privacy_w_right  sonylens.o
    0x08005398   0x00000050   Code   RO         3889    i.sonylens_privacy_w_set  sonylens.o
    0x080053e8   0x00000018   Code   RO         3890    i.sonylens_privacy_x_get  sonylens.o
    0x08005400   0x00000006   Code   RO         3891    i.sonylens_privacy_x_get_count  sonylens.o
    0x08005406   0x00000002   PAD
    0x08005408   0x00000020   Code   RO         3892    i.sonylens_privacy_x_right  sonylens.o
    0x08005428   0x00000050   Code   RO         3893    i.sonylens_privacy_x_set  sonylens.o
    0x08005478   0x00000018   Code   RO         3894    i.sonylens_privacy_y_get  sonylens.o
    0x08005490   0x00000006   Code   RO         3895    i.sonylens_privacy_y_get_count  sonylens.o
    0x08005496   0x00000002   PAD
    0x08005498   0x00000020   Code   RO         3896    i.sonylens_privacy_y_right  sonylens.o
    0x080054b8   0x00000050   Code   RO         3897    i.sonylens_privacy_y_set  sonylens.o
    0x08005508   0x0000000c   Code   RO         3898    i.sonylens_privacy_zone_get  sonylens.o
    0x08005514   0x00000004   Code   RO         3899    i.sonylens_privacy_zone_get_count  sonylens.o
    0x08005518   0x00000014   Code   RO         3900    i.sonylens_privacy_zone_right  sonylens.o
    0x0800552c   0x0000000c   Code   RO         3901    i.sonylens_privacy_zone_set  sonylens.o
    0x08005538   0x0000008c   Code   RO         3903    i.sonylens_read_config_params  sonylens.o
    0x080055c4   0x0000000c   Code   RO         3904    i.sonylens_remote_is_menu_on  sonylens.o
    0x080055d0   0x0000000a   Code   RO         3905    i.sonylens_remote_navi_down  sonylens.o
    0x080055da   0x0000000c   Code   RO         3906    i.sonylens_remote_navi_left  sonylens.o
    0x080055e6   0x00000002   PAD
    0x080055e8   0x0000002c   Code   RO         3907    i.sonylens_remote_navi_ok  sonylens.o
    0x08005614   0x0000000a   Code   RO         3908    i.sonylens_remote_navi_right  sonylens.o
    0x0800561e   0x0000000c   Code   RO         3909    i.sonylens_remote_navi_up  sonylens.o
    0x0800562a   0x00000002   PAD
    0x0800562c   0x00000054   Code   RO         3912    i.sonylens_reset_default_config_params  sonylens.o
    0x08005680   0x00000008   Code   RO         3913    i.sonylens_restart  sonylens.o
    0x08005688   0x00000084   Code   RO         3918    i.sonylens_set_auto_mode  sonylens.o
    0x0800570c   0x000000c8   Code   RO         3919    i.sonylens_set_bright_minus  sonylens.o
    0x080057d4   0x000000cc   Code   RO         3920    i.sonylens_set_bright_plus  sonylens.o
    0x080058a0   0x00000044   Code   RO         3921    i.sonylens_set_exposure_gain_plus  sonylens.o
    0x080058e4   0x00000050   Code   RO         3922    i.sonylens_set_focus_far  sonylens.o
    0x08005934   0x00000050   Code   RO         3923    i.sonylens_set_focus_near  sonylens.o
    0x08005984   0x00000040   Code   RO         3925    i.sonylens_set_focus_stop  sonylens.o
    0x080059c4   0x00000044   Code   RO         3929    i.sonylens_set_zoom_stop  sonylens.o
    0x08005a08   0x00000048   Code   RO         3930    i.sonylens_set_zoom_tele  sonylens.o
    0x08005a50   0x00000078   Code   RO         3931    i.sonylens_set_zoom_value  sonylens.o
    0x08005ac8   0x00000048   Code   RO         3932    i.sonylens_set_zoom_wide  sonylens.o
    0x08005b10   0x00000034   Code   RO         3934    i.sonylens_splash_clear  sonylens.o
    0x08005b44   0x00000090   Code   RO         3935    i.sonylens_splash_display  sonylens.o
    0x08005bd4   0x00000008   Code   RO         3936    i.sonylens_splash_get_address  sonylens.o
    0x08005bdc   0x00000008   Code   RO         3937    i.sonylens_splash_get_baudrate  sonylens.o
    0x08005be4   0x00000008   Code   RO         3938    i.sonylens_splash_get_format  sonylens.o
    0x08005bec   0x00000008   Code   RO         3939    i.sonylens_splash_get_protocol  sonylens.o
    0x08005bf4   0x00000008   Code   RO         3940    i.sonylens_splash_get_version  sonylens.o
    0x08005bfc   0x00000578   Code   RO         3941    i.sonylens_task     sonylens.o
    0x08006174   0x00000024   Code   RO         3944    i.sonylens_tips_clear  sonylens.o
    0x08006198   0x00000048   Code   RO         3945    i.sonylens_tips_display  sonylens.o
    0x080061e0   0x0000003c   Code   RO         3946    i.sonylens_tips_display_process  sonylens.o
    0x0800621c   0x00000028   Code   RO         3947    i.sonylens_wait_ready  sonylens.o
    0x08006244   0x0000000c   Code   RO         3948    i.sonylens_wb_blue_gain_get  sonylens.o
    0x08006250   0x00000006   Code   RO         3949    i.sonylens_wb_blue_gain_get_count  sonylens.o
    0x08006256   0x00000002   PAD
    0x08006258   0x00000010   Code   RO         3950    i.sonylens_wb_blue_gain_right  sonylens.o
    0x08006268   0x00000028   Code   RO         3951    i.sonylens_wb_blue_gain_set  sonylens.o
    0x08006290   0x00000028   Code   RO         3952    i.sonylens_wb_init  sonylens.o
    0x080062b8   0x00000024   Code   RO         3953    i.sonylens_wb_menu_back_action  sonylens.o
    0x080062dc   0x0000005c   Code   RO         3954    i.sonylens_wb_menu_init  sonylens.o
    0x08006338   0x0000000c   Code   RO         3956    i.sonylens_wb_mode_get  sonylens.o
    0x08006344   0x00000004   Code   RO         3957    i.sonylens_wb_mode_get_count  sonylens.o
    0x08006348   0x00000014   Code   RO         3958    i.sonylens_wb_mode_right  sonylens.o
    0x0800635c   0x00000054   Code   RO         3959    i.sonylens_wb_mode_set  sonylens.o
    0x080063b0   0x0000000a   Code   RO         3960    i.sonylens_wb_one_push_action  sonylens.o
    0x080063ba   0x00000002   PAD
    0x080063bc   0x0000000c   Code   RO         3961    i.sonylens_wb_red_gain_get  sonylens.o
    0x080063c8   0x00000006   Code   RO         3962    i.sonylens_wb_red_gain_get_count  sonylens.o
    0x080063ce   0x00000002   PAD
    0x080063d0   0x00000010   Code   RO         3963    i.sonylens_wb_red_gain_right  sonylens.o
    0x080063e0   0x00000028   Code   RO         3964    i.sonylens_wb_red_gain_set  sonylens.o
    0x08006408   0x00000088   Code   RO         3965    i.sonylens_write_config_params  sonylens.o
    0x08006490   0x0000000c   Code   RO         3966    i.sonylens_zoom_display_get  sonylens.o
    0x0800649c   0x00000004   Code   RO         3967    i.sonylens_zoom_display_get_count  sonylens.o
    0x080064a0   0x00000014   Code   RO         3968    i.sonylens_zoom_display_right  sonylens.o
    0x080064b4   0x0000000c   Code   RO         3969    i.sonylens_zoom_display_set  sonylens.o
    0x080064c0   0x00000018   Code   RO         3970    i.sonylens_zoom_init  sonylens.o
    0x080064d8   0x00000024   Code   RO         3971    i.sonylens_zoom_menu_back_action  sonylens.o
    0x080064fc   0x0000000c   Code   RO         3972    i.sonylens_zoom_menu_init  sonylens.o
    0x08006508   0x000000c0   Code   RO         3973    i.sonylens_zoom_process  sonylens.o
    0x080065c8   0x00000024   Code   RO         3974    i.sonylens_zoom_ratio_clear  sonylens.o
    0x080065ec   0x00000030   Code   RO         3975    i.sonylens_zoom_ratio_display  sonylens.o
    0x0800661c   0x0000000c   Code   RO         3979    i.sonylens_zoom_speed_get  sonylens.o
    0x08006628   0x00000004   Code   RO         3980    i.sonylens_zoom_speed_get_count  sonylens.o
    0x0800662c   0x00000014   Code   RO         3981    i.sonylens_zoom_speed_right  sonylens.o
    0x08006640   0x0000000c   Code   RO         3982    i.sonylens_zoom_speed_set  sonylens.o
    0x0800664c   0x0000000c   Code   RO         7147    i.system_reset      key.o
    0x08006658   0x00000020   Code   RO         6897    i.uart2_comm_write  uart2.o
    0x08006678   0x00000024   Code   RO         6899    i.uart2_fputc       uart2.o
    0x0800669c   0x0000000c   Code   RO         6902    i.uart2_set_input_byte_callback  uart2.o
    0x080066a8   0x0000000c   Code   RO         6992    i.uart3_set_rx_callback  uart3.o
    0x080066b4   0x000000a0   Code   RO         3356    i.uart_init         usart.o
    0x08006754   0x00000048   Code   RO         7148    i.video_enable      key.o
    0x0800679c   0x0000000c   Code   RO         5937    i.visca_append_byte  visca.o
    0x080067a8   0x000000a0   Code   RO         6765    i.visca_fill_message  visca_p.o
    0x08006848   0x000000f0   Code   RO         5957    i.visca_get_focus_mode  visca.o
    0x08006938   0x000000e4   Code   RO         5970    i.visca_get_power   visca.o
    0x08006a1c   0x0000010c   Code   RO         5971    i.visca_get_privacy_display  visca.o
    0x08006b28   0x00000160   Code   RO         5974    i.visca_get_register  visca.o
    0x08006c88   0x00000110   Code   RO         5981    i.visca_get_version  visca.o
    0x08006d98   0x00000118   Code   RO         5988    i.visca_get_zoom_value  visca.o
    0x08006eb0   0x00000138   Code   RO         5990    i.visca_if_clear    visca.o
    0x08006fe8   0x00000010   Code   RO         5991    i.visca_init        visca.o
    0x08006ff8   0x0000000a   Code   RO         5992    i.visca_init_broadcast_packet  visca.o
    0x08007002   0x0000000e   Code   RO         5993    i.visca_init_packet  visca.o
    0x08007010   0x0000001c   Code   RO         5994    i.visca_input_byte  visca.o
    0x0800702c   0x00000034   Code   RO         5996    i.visca_is_ack_completion  visca.o
    0x08007060   0x00000034   Code   RO         5997    i.visca_is_command_not_executable  visca.o
    0x08007094   0x00000034   Code   RO         5999    i.visca_is_inq_result  visca.o
    0x080070c8   0x00000034   Code   RO         6000    i.visca_is_network_change  visca.o
    0x080070fc   0x00000020   Code   RO         6001    i.visca_is_no_response  visca.o
    0x0800711c   0x0000008c   Code   RO         6002    i.visca_is_reply    visca.o
    0x080071a8   0x00000118   Code   RO         6766    i.visca_parse_message  visca_p.o
    0x080072c0   0x00000054   Code   RO         6003    i.visca_print       visca.o
    0x08007314   0x00000040   Code   RO         6767    i.visca_print_message  visca_p.o
    0x08007354   0x00000060   Code   RO         6004    i.visca_print_packet  visca.o
    0x080073b4   0x00000074   Code   RO         6005    i.visca_print_response  visca.o
    0x08007428   0x00000020   Code   RO         6768    i.visca_process     visca_p.o
    0x08007448   0x00000058   Code   RO         6769    i.visca_pull_message  visca_p.o
    0x080074a0   0x00000038   Code   RO         6006    i.visca_send_packet  visca.o
    0x080074d8   0x00000030   Code   RO         6007    i.visca_send_packet_without_print  visca.o
    0x08007508   0x00000124   Code   RO         6008    i.visca_set_address  visca.o
    0x0800762c   0x000000f4   Code   RO         6010    i.visca_set_advance_blc  visca.o
    0x08007720   0x0000010c   Code   RO         6011    i.visca_set_advance_defog_mode  visca.o
    0x0800782c   0x000000fc   Code   RO         6012    i.visca_set_advance_expcomp  visca.o
    0x08007928   0x00000118   Code   RO         6013    i.visca_set_advance_expcomp_value  visca.o
    0x08007a40   0x00000100   Code   RO         6015    i.visca_set_advance_nr_level  visca.o
    0x08007b40   0x000000f8   Code   RO         6019    i.visca_set_digital_zoom  visca.o
    0x08007c38   0x00000100   Code   RO         6021    i.visca_set_exposure_ae_mode  visca.o
    0x08007d38   0x00000148   Code   RO         6022    i.visca_set_exposure_gain  visca.o
    0x08007e80   0x00000148   Code   RO         6023    i.visca_set_exposure_iris  visca.o
    0x08007fc8   0x00000150   Code   RO         6024    i.visca_set_exposure_shutter  visca.o
    0x08008118   0x00000100   Code   RO         6025    i.visca_set_exposure_slow_ae  visca.o
    0x08008218   0x00000108   Code   RO         6026    i.visca_set_exposure_slow_shutter  visca.o
    0x08008320   0x000000f8   Code   RO         6027    i.visca_set_focus_af_sens  visca.o
    0x08008418   0x0000015c   Code   RO         6029    i.visca_set_focus_far_speed  visca.o
    0x08008574   0x000000f4   Code   RO         6030    i.visca_set_focus_light  visca.o
    0x08008668   0x000000f0   Code   RO         6031    i.visca_set_focus_mode  visca.o
    0x08008758   0x00000110   Code   RO         6033    i.visca_set_focus_near_limit  visca.o
    0x08008868   0x00000168   Code   RO         6034    i.visca_set_focus_near_speed  visca.o
    0x080089d0   0x00000148   Code   RO         6036    i.visca_set_focus_stop  visca.o
    0x08008b18   0x00000120   Code   RO         6037    i.visca_set_image_aperture  visca.o
    0x08008c38   0x000000f8   Code   RO         6038    i.visca_set_image_chroma_suppress  visca.o
    0x08008d30   0x00000118   Code   RO         6039    i.visca_set_image_color_gain  visca.o
    0x08008e48   0x00000114   Code   RO         6040    i.visca_set_image_color_hue  visca.o
    0x08008f5c   0x000000f0   Code   RO         6041    i.visca_set_image_flip  visca.o
    0x0800904c   0x000000f8   Code   RO         6042    i.visca_set_image_freeze  visca.o
    0x08009144   0x00000160   Code   RO         6043    i.visca_set_image_gamma  visca.o
    0x080092a4   0x000000f8   Code   RO         6044    i.visca_set_image_mirror  visca.o
    0x0800939c   0x000000f8   Code   RO         6045    i.visca_set_image_pic_effect  visca.o
    0x08009494   0x000000e8   Code   RO         6047    i.visca_set_power   visca.o
    0x0800957c   0x0000011c   Code   RO         6048    i.visca_set_privacy_display  visca.o
    0x08009698   0x00000194   Code   RO         6050    i.visca_set_privacy_non_interlock_mask  visca.o
    0x0800982c   0x00000160   Code   RO         6051    i.visca_set_register  visca.o
    0x0800998c   0x0000002c   Code   RO         6052    i.visca_set_reply_msg  visca.o
    0x080099b8   0x0000000c   Code   RO         6054    i.visca_set_state   visca.o
    0x080099c4   0x0000021c   Code   RO         6055    i.visca_set_title   visca.o
    0x08009be0   0x00000154   Code   RO         6056    i.visca_set_title_clear  visca.o
    0x08009d34   0x00000114   Code   RO         6057    i.visca_set_title_display  visca.o
    0x08009e48   0x0000015c   Code   RO         6058    i.visca_set_title_param  visca.o
    0x08009fa4   0x00000114   Code   RO         6059    i.visca_set_wb_blue_gain  visca.o
    0x0800a0b8   0x000000ec   Code   RO         6060    i.visca_set_wb_mode  visca.o
    0x0800a1a4   0x00000110   Code   RO         6062    i.visca_set_wb_red_gain  visca.o
    0x0800a2b4   0x00000006   Code   RO         6064    i.visca_set_zoom_osd  visca.o
    0x0800a2ba   0x00000002   PAD
    0x0800a2bc   0x000000f8   Code   RO         6065    i.visca_set_zoom_stop  visca.o
    0x0800a3b4   0x00000104   Code   RO         6067    i.visca_set_zoom_tele_speed  visca.o
    0x0800a4b8   0x0000016c   Code   RO         6068    i.visca_set_zoom_value  visca.o
    0x0800a624   0x00000110   Code   RO         6070    i.visca_set_zoom_wide_speed  visca.o
    0x0800a734   0x000000cc   Data   RO           28    .constdata          main.o
    0x0800a800   0x00000015   Data   RO         3403    .constdata          myiic.o
    0x0800a815   0x00000003   PAD
    0x0800a818   0x000012f8   Data   RO         3984    .constdata          sonylens.o
    0x0800bb10   0x00000010   Data   RO         6771    .constdata          visca_p.o
    0x0800bb20   0x0000000d   Data   RO         6826    .constdata          pelco_d.o
    0x0800bb2d   0x0000001e   Data   RO         7150    .constdata          key.o
    0x0800bb4b   0x0000007d   Data   RO         7260    .constdata          exti.o
    0x0800bbc8   0x00000028   Data   RO         7390    .constdata          c_w.l(_printf_hex_int.o)
    0x0800bbf0   0x00000011   Data   RO         7425    .constdata          c_w.l(__printf_flags_ss_wp.o)
    0x0800bc01   0x00000003   PAD
    0x0800bc04   0x00000819   Data   RO         3985    .conststring        sonylens.o
    0x0800c41d   0x00000003   PAD
    0x0800c420   0x00000036   Data   RO         7151    .conststring        key.o
    0x0800c456   0x00000002   PAD
    0x0800c458   0x00000020   Data   RO         7664    Region$$Table       anon$$obj.o


    Execution Region RW_IRAM1 (Base: 0x20000000, Size: 0x00001590, Max: 0x00005000, ABSOLUTE, COMPRESSED[0x0000036c])

    Base Addr    Size         Type   Attr      Idx    E Section Name        Object

    0x20000000   0x00000014   Data   RW          223    .data               system_stm32f10x.o
    0x20000014   0x00000014   Data   RW         1883    .data               stm32f10x_rcc.o
    0x20000028   0x0000000c   Data   RW         3277    .data               delay.o
    0x20000034   0x00000006   Data   RW         3358    .data               usart.o
    0x2000003a   0x00000002   PAD
    0x2000003c   0x00000005   Data   RW         3463    .data               at24cxx.o
    0x20000041   0x00000001   Data   RW         3523    .data               sony_ui.o
    0x20000042   0x00000002   PAD
    0x20000044   0x000004e4   Data   RW         3986    .data               sonylens.o
    0x20000528   0x00000028   Data   RW         6074    .data               visca.o
    0x20000550   0x00000024   Data   RW         6904    .data               uart2.o
    0x20000574   0x00000018   Data   RW         6994    .data               uart3.o
    0x2000058c   0x00000006   Data   RW         7087    .data               my_string.o
    0x20000592   0x00000002   PAD
    0x20000594   0x00000271   Data   RW         7152    .data               key.o
    0x20000805   0x00000003   PAD
    0x20000808   0x000000c8   Zero   RW         3357    .bss                usart.o
    0x200008d0   0x0000010a   Zero   RW         3522    .bss                sony_ui.o
    0x200009da   0x00000002   PAD
    0x200009dc   0x00000284   Zero   RW         3983    .bss                sonylens.o
    0x20000c60   0x00000020   Zero   RW         6073    .bss                visca.o
    0x20000c80   0x00000150   Zero   RW         6770    .bss                visca_p.o
    0x20000dd0   0x000000f8   Zero   RW         6825    .bss                pelco_d.o
    0x20000ec8   0x00000065   Zero   RW         6993    .bss                uart3.o
    0x20000f2d   0x00000003   PAD
    0x20000f30   0x00000060   Zero   RW         7533    .bss                c_w.l(libspace.o)
    0x20000f90   0x00000200   Zero   RW            2    HEAP                startup_stm32f10x_md.o
    0x20001190   0x00000400   Zero   RW            1    STACK               startup_stm32f10x_md.o


==============================================================================

Image component sizes


      Code (inc. data)   RO Data    RW Data    ZI Data      Debug   Object Name

       374         26          0          5          0       3547   at24cxx.o
         0          0          0          0          0       4504   core_cm3.o
       460         62          0         12          0      20134   delay.o
       544        120        125          0          0       3615   exti.o
      1488        256         84        625          0       8996   key.o
       100         10        204          0          0     248486   main.o
       172         22          0          0          0       1977   misc.o
       128          4          0          6          0       1777   my_string.o
       728        122         21          0          0       4580   myiic.o
      1878        780         13          0        248       7590   pelco_d.o
       576         46          0          1        266       6156   sony_ui.o
     14978       4382       6929       1252        644     181380   sonylens.o
        64         26        236          0       1536        816   startup_stm32f10x_md.o
        52         12          0          0          0       1080   stm32f10x_exti.o
       448          6          0          0          0       4342   stm32f10x_gpio.o
        32          0          0          0          0       3710   stm32f10x_it.o
       276         32          0         20          0       4330   stm32f10x_rcc.o
       494          6          0          0          0       7081   stm32f10x_usart.o
        12          0          0          0          0        433   sys.o
       328         28          0         20          0       2065   system_stm32f10x.o
       422         40          0         36          0       4338   uart2.o
       448         42          0         24        101       3741   uart3.o
       330         26          0          6        200       4004   usart.o
     15654       3702          0         40         32      51063   visca.o
       720        156         16          0        336       4740   visca_p.o

    ----------------------------------------------------------------------
     40766       9906       7668       2056       3368     584485   Object Totals
         0          0         32          0          0          0   (incl. Generated)
        60          0          8          9          5          0   (incl. Padding)

    ----------------------------------------------------------------------

      Code (inc. data)   RO Data    RW Data    ZI Data      Debug   Library Member Name

       100          0          0          0          0          0   __dclz77c.o
         8          0          0          0          0         68   __main.o
       392          4         17          0          0         92   __printf_flags_ss_wp.o
        14          0          0          0          0         68   __printf_wp.o
         0          0          0          0          0          0   __rtentry.o
        12          0          0          0          0          0   __rtentry2.o
         6          0          0          0          0          0   __rtentry4.o
        52          8          0          0          0          0   __scatter.o
        28          0          0          0          0          0   __scatter_zi.o
         6          0          0          0          0          0   _printf_c.o
        44          0          0          0          0        108   _printf_char.o
        48          6          0          0          0         96   _printf_char_common.o
        36          4          0          0          0         80   _printf_char_file.o
         6          0          0          0          0          0   _printf_d.o
       120         16          0          0          0         92   _printf_dec.o
        88          4         40          0          0         88   _printf_hex_int.o
       178          0          0          0          0         88   _printf_intcommon.o
        78          0          0          0          0        108   _printf_pad.o
         0          0          0          0          0          0   _printf_percent.o
         4          0          0          0          0          0   _printf_percent_end.o
         6          0          0          0          0          0   _printf_s.o
        82          0          0          0          0         80   _printf_str.o
         6          0          0          0          0          0   _printf_x.o
        16          0          0          0          0         68   aeabi_memset.o
        12          0          0          0          0         72   exit.o
         8          0          0          0          0         68   ferror.o
         6          0          0          0          0        152   heapauxi.o
         2          0          0          0          0          0   libinit.o
         2          0          0          0          0          0   libinit2.o
         2          0          0          0          0          0   libshutdown.o
         2          0          0          0          0          0   libshutdown2.o
         8          4          0          0         96         68   libspace.o
        24          4          0          0          0         84   noretval__2printf.o
        68          0          0          0          0         68   rt_memclr.o
        78          0          0          0          0         80   rt_memclr_w.o
       100          0          0          0          0         80   rt_memcpy_w.o
         2          0          0          0          0          0   rtexit.o
        10          0          0          0          0          0   rtexit2.o
        62          0          0          0          0         76   strlen.o
        74          0          0          0          0         80   sys_stackheap_outer.o
         2          0          0          0          0         68   use_no_semi.o
         2          0          0          0          0         68   use_no_semi_2.o

    ----------------------------------------------------------------------
      1802         50         60          0         96       2000   Library Totals
         8          0          3          0          0          0   (incl. Padding)

    ----------------------------------------------------------------------

      Code (inc. data)   RO Data    RW Data    ZI Data      Debug   Library Name

      1794         50         57          0         96       2000   c_w.l

    ----------------------------------------------------------------------
      1802         50         60          0         96       2000   Library Totals

    ----------------------------------------------------------------------

==============================================================================


      Code (inc. data)   RO Data    RW Data    ZI Data      Debug   

     42568       9956       7728       2056       3464     558765   Grand Totals
     42568       9956       7728        876       3464     558765   ELF Image Totals (compressed)
     42568       9956       7728        876          0          0   ROM Totals

==============================================================================

    Total RO  Size (Code + RO Data)                50296 (  49.12kB)
    Total RW  Size (RW Data + ZI Data)              5520 (   5.39kB)
    Total ROM Size (Code + RO Data + RW Data)      51172 (  49.97kB)

==============================================================================

